
Allocating common symbols
Common symbol       size              file

netbufpool          0x4               binaries/net.o
readylist           0x2               binaries/ready.o
rfltab              0x5a0             binaries/rflinit.o
sleepq              0x2               binaries/clkinit.o
nnames              0x4               binaries/naminit.o
udptab              0x168             binaries/udp.o
minheap             0x4               binaries/meminit.o
marks               0x50              binaries/mark.o
currpid             0x4               binaries/initialize.o
Lf_data             0x20c             binaries/lfsinit.o
porttab             0x2d0             binaries/ptinit.o
girmask             0x2               binaries/evec.o
ttytab              0x10c             binaries/ttyinit.o
proctab             0x1a90            binaries/initialize.o
prcount             0x4               binaries/initialize.o
lfltab              0xf00             binaries/lflinit.o
rdstab              0x8c              binaries/rdsinit.o
ethertab            0x138             binaries/ethinit.o
NetData             0xa8              binaries/net.o
nmarks              0x4               binaries/mark.o
Defer               0x8               binaries/resched.o
semtab              0x4b0             binaries/initialize.o
maxheap             0x4               binaries/meminit.o
preempt             0x4               binaries/clkinit.o
buftab              0xf0              binaries/bufinit.o
Rf_data             0x18              binaries/rfsinit.o
mkmutex             0x4               binaries/mark.o
clktime             0x4               binaries/clkinit.o
arpcache            0x140             binaries/arp.o
icmptab             0x230             binaries/icmp.o
resourceGraph       0x4               binaries/initialize.o
nbpools             0x4               binaries/bufinit.o
queuetab            0x980             binaries/queue.o
ptnextid            0x4               binaries/ptinit.o
Ram                 0x19000           binaries/raminit.o
ipoqueue            0x2c              binaries/ip.o
memlist             0x8               binaries/initialize.o
nametab             0x19a0            binaries/naminit.o
ptfree              0x4               binaries/ptinit.o

Memory Configuration

Name             Origin             Length             Attributes
*default*        0x0000000000000000 0xffffffffffffffff

Linker script and memory map

                0x0000000000100000                physbase = 0x100000
                0x0000000000100000                . = physbase
                0x0000000000100000                . = ALIGN (0x1000)

.text           0x0000000000100000    0x15000
                0x0000000000100000                text = ABSOLUTE (.)
 *(.text .text.*)
 .text          0x0000000000100000      0x1ac binaries/start.o
                0x0000000000100028                start
                0x00000000001000fa                inb
                0x0000000000100102                inw
                0x000000000010010b                inl
                0x0000000000100113                outb
                0x000000000010011d                outw
                0x0000000000100128                outl
                0x0000000000100132                _rtcin
                0x000000000010013d                ___udivsi3
                0x0000000000100148                ___divsi3
                0x0000000000100154                sbzero
                0x0000000000100164                bcopy
                0x0000000000100178                insw
                0x000000000010018e                outsw
                0x00000000001001a4                lidt
 .text          0x00000000001001ac      0x2d8 binaries/ascdate.o
                0x00000000001001ac                ascdate
 .text          0x0000000000100484       0x10 binaries/bufinit.o
                0x0000000000100484                bufinit
 .text          0x0000000000100494       0x62 binaries/chprio.o
                0x0000000000100494                chprio
 .text          0x00000000001004f6       0x73 binaries/clkhandler.o
                0x00000000001004f6                clkhandler
 .text          0x0000000000100569       0x59 binaries/clkinit.o
                0x0000000000100569                clkinit
 .text          0x00000000001005c2       0x56 binaries/close.o
                0x00000000001005c2                close
 .text          0x0000000000100618        0x0 binaries/conf.o
 .text          0x0000000000100618       0x5f binaries/control.o
                0x0000000000100618                control
 .text          0x0000000000100677      0x25b binaries/create.o
                0x0000000000100677                create
 .text          0x00000000001008d2      0x255 binaries/deadlock.o
                0x00000000001008d2                newAdjListNode
                0x00000000001008ed                get_sem_vertex
                0x00000000001008f5                createGraph
                0x000000000010093e                addEdge
                0x000000000010096a                removeEdge
                0x00000000001009d1                printGraph
                0x0000000000100a1f                cycle_util
                0x0000000000100aa3                is_cycle
 .text          0x0000000000100b27      0x205 binaries/early_imr.o
                0x0000000000100b27                intel_cln_early_sb_read_reg
                0x0000000000100b7f                intel_cln_early_sb_write_reg
                0x0000000000100c2e                remove_irm_protections
 .text          0x0000000000100d2c      0x2d6 binaries/evec.o
                0x0000000000100d2c                setirmask
                0x0000000000100d60                set_evec
                0x0000000000100dbc                initevec
                0x0000000000100e8b                trap
 .text          0x0000000000101002       0x78 binaries/freebuf.o
                0x0000000000101002                freebuf
 .text          0x000000000010107a      0x106 binaries/freemem.o
                0x000000000010107a                freemem
 .text          0x0000000000101180       0x65 binaries/getbuf.o
                0x0000000000101180                getbuf
 .text          0x00000000001011e5       0x56 binaries/getc.o
                0x00000000001011e5                getc
 .text          0x000000000010123b       0x63 binaries/getdev.o
                0x000000000010123b                getdev
 .text          0x000000000010129e       0x77 binaries/getitem.o
                0x000000000010129e                getitem
                0x00000000001012ca                getfirst
                0x00000000001012ed                getlast
 .text          0x0000000000101315       0xc2 binaries/getmem.o
                0x0000000000101315                getmem
 .text          0x00000000001013d7        0x6 binaries/getpid.o
                0x00000000001013d7                getpid
 .text          0x00000000001013dd       0x56 binaries/getprio.o
                0x00000000001013dd                getprio
 .text          0x0000000000101433       0xa6 binaries/getstk.o
                0x0000000000101433                getstk
 .text          0x00000000001014d9       0x34 binaries/gettime.o
                0x00000000001014d9                gettime
 .text          0x000000000010150d      0x191 binaries/getutime.o
                0x000000000010150d                getutime
 .text          0x000000000010169e       0x56 binaries/init.o
                0x000000000010169e                init
 .text          0x00000000001016f4      0x24c binaries/initialize.o
                0x00000000001016f4                nulluser
                0x00000000001018fb                stop
                0x000000000010191d                delay
 .text          0x0000000000101940       0x98 binaries/insert.o
                0x0000000000101940                insert
 .text          0x00000000001019d8       0xe1 binaries/insertd.o
                0x00000000001019d8                insertd
 .text          0x0000000000101ab9        0x6 binaries/ioerr.o
                0x0000000000101ab9                ioerr
 .text          0x0000000000101abf        0x6 binaries/ionull.o
                0x0000000000101abf                ionull
 .text          0x0000000000101ac5      0x166 binaries/kill.o
                0x0000000000101ac5                kill
 .text          0x0000000000101c2b       0xa5 binaries/kprintf.o
                0x0000000000101c2b                kputc
                0x0000000000101c5a                console_init
                0x0000000000101c8c                kgetc
                0x0000000000101cae                kprintf
 .text          0x0000000000101cd0      0x2e7 binaries/main.o
                0x0000000000101cd0                s_p1
                0x0000000000101d20                s_p2
                0x0000000000101d85                p1
                0x0000000000101e0d                p2
                0x0000000000101e95                p3
                0x0000000000101f1d                main
 .text          0x0000000000101fb7       0x93 binaries/mark.o
                0x0000000000101fb7                markinit
                0x0000000000101fd4                mark
 .text          0x000000000010204a      0x1f1 binaries/meminit.o
                0x000000000010204a                meminit
                0x00000000001021cf                setsegs
 .text          0x000000000010223b      0x12a binaries/mkbufpool.o
                0x000000000010223b                mkbufpool
 .text          0x0000000000102365       0x73 binaries/newqueue.o
                0x0000000000102365                newqueue
 .text          0x00000000001023d8       0x5e binaries/open.o
                0x00000000001023d8                open
 .text          0x0000000000102436       0x1e binaries/panic.o
                0x0000000000102436                panic
 .text          0x0000000000102454      0x27c binaries/pci.o
                0x0000000000102454                pci_init
                0x000000000010245a                find_pci_device
                0x0000000000102518                pci_read_config_byte
                0x0000000000102555                pci_read_config_word
                0x0000000000102594                pci_read_config_dword
                0x00000000001025d1                pci_write_config_byte
                0x000000000010260c                pci_write_config_word
                0x0000000000102648                pci_write_config_dword
                0x0000000000102683                pci_get_dev_mmio_base_addr
 .text          0x00000000001026d0       0x4f binaries/platinit.o
                0x00000000001026d0                platinit
 .text          0x000000000010271f       0xa3 binaries/ptclear.o
                0x000000000010271f                _ptclear
 .text          0x00000000001027c2       0x7c binaries/ptcount.o
                0x00000000001027c2                ptcount
 .text          0x000000000010283e      0x101 binaries/ptcreate.o
                0x000000000010283e                ptcreate
 .text          0x000000000010293f       0x64 binaries/ptdelete.o
                0x000000000010293f                ptdelete
 .text          0x00000000001029a3       0x8e binaries/ptinit.o
                0x00000000001029a3                ptinit
 .text          0x0000000000102a31       0xec binaries/ptrecv.o
                0x0000000000102a31                ptrecv
 .text          0x0000000000102b1d       0x67 binaries/ptreset.o
                0x0000000000102b1d                ptreset
 .text          0x0000000000102b84      0x10d binaries/ptsend.o
                0x0000000000102b84                ptsend
 .text          0x0000000000102c91       0x5c binaries/putc.o
                0x0000000000102c91                putc
 .text          0x0000000000102ced       0xb6 binaries/quark_irq.o
                0x0000000000102ced                quark_irq_routing
 .text          0x0000000000102da3      0x19d binaries/quark_pdat.o
                0x0000000000102da3                get_quark_pdat_entry_data_by_id
                0x0000000000102e70                get_quark_pdat_entry_data_by_desc
 .text          0x0000000000102f40       0xab binaries/queue.o
                0x0000000000102f40                enqueue
                0x0000000000102fa0                dequeue
 .text          0x0000000000102feb       0x5e binaries/read.o
                0x0000000000102feb                read
 .text          0x0000000000103049       0x65 binaries/ready.o
                0x0000000000103049                ready
 .text          0x00000000001030ae      0x155 binaries/receive.o
                0x00000000001030ae                receive
 .text          0x0000000000103203       0x46 binaries/recvclr.o
                0x0000000000103203                recvclr
 .text          0x0000000000103249       0xab binaries/recvtime.o
                0x0000000000103249                recvtime
 .text          0x00000000001032f4      0x133 binaries/resched.o
                0x00000000001032f4                resched
                0x00000000001033b4                resched_cntl
 .text          0x0000000000103427       0x77 binaries/resume.o
                0x0000000000103427                resume
 .text          0x000000000010349e       0x5a binaries/seek.o
                0x000000000010349e                seek
 .text          0x00000000001034f8       0x4f binaries/semcount.o
                0x00000000001034f8                semcount
 .text          0x0000000000103547       0x8a binaries/semcreate.o
                0x0000000000103547                semcreate
 .text          0x00000000001035d1       0xc8 binaries/semdelete.o
                0x00000000001035d1                semdelete
 .text          0x0000000000103699       0xa7 binaries/semreset.o
                0x0000000000103699                semreset
 .text          0x0000000000103740       0xb7 binaries/send.o
                0x0000000000103740                send
 .text          0x00000000001037f7      0x20b binaries/sendbk.o
                0x00000000001037f7                sendbk
 .text          0x0000000000103a02       0x95 binaries/signal.o
                0x0000000000103a02                signal
 .text          0x0000000000103a97       0xd3 binaries/signaldd.o
                0x0000000000103a97                signaldd
 .text          0x0000000000103b6a       0xba binaries/signaln.o
                0x0000000000103b6a                signaln
 .text          0x0000000000103c24       0xc0 binaries/sleep.o
                0x0000000000103c24                sleepms
                0x0000000000103cae                sleep
 .text          0x0000000000103ce4      0x1a0 binaries/stacktrace.o
                0x0000000000103ce4                stacktrace
 .text          0x0000000000103e84       0xb2 binaries/suspend.o
                0x0000000000103e84                suspend
 .text          0x0000000000103f36       0x92 binaries/unsleep.o
                0x0000000000103f36                unsleep
 .text          0x0000000000103fc8       0x15 binaries/userret.o
                0x0000000000103fc8                userret
 .text          0x0000000000103fdd       0xb2 binaries/wait.o
                0x0000000000103fdd                wait
 .text          0x000000000010408f      0x172 binaries/waitdd.o
                0x000000000010408f                waitdd
 .text          0x0000000000104201       0x6d binaries/wakeup.o
                0x0000000000104201                wakeup
 .text          0x000000000010426e       0x5e binaries/write.o
                0x000000000010426e                write
 .text          0x00000000001042cc       0x16 binaries/xdone.o
                0x00000000001042cc                xdone
 .text          0x00000000001042e2       0x23 binaries/yield.o
                0x00000000001042e2                yield
 .text          0x0000000000104305        0xe binaries/abs.o
                0x0000000000104305                abs
 .text          0x0000000000104313       0x81 binaries/atoi.o
                0x0000000000104313                atoi
 .text          0x0000000000104394       0x81 binaries/atol.o
                0x0000000000104394                atol
 .text          0x0000000000104415       0x18 binaries/bzero.o
                0x0000000000104415                bzero
 .text          0x000000000010442d        0x0 binaries/ctype_.o
 .text          0x000000000010442d      0x6e4 binaries/doprnt.o
                0x0000000000104581                _doprnt
 .text          0x0000000000104b11      0x69b binaries/doscan.o
                0x0000000000104b11                _doscan
 .text          0x00000000001051ac      0x723 binaries/fdoprnt.o
                0x0000000000105230                _fdoprnt
 .text          0x00000000001058cf       0x1c binaries/fgetc.o
                0x00000000001058cf                fgetc
 .text          0x00000000001058eb       0x62 binaries/fgets.o
                0x00000000001058eb                fgets
 .text          0x000000000010594d       0x23 binaries/fprintf.o
                0x000000000010594d                fprintf
 .text          0x0000000000105970       0x29 binaries/fputc.o
                0x0000000000105970                fputc
 .text          0x0000000000105999       0x3b binaries/fputs.o
                0x0000000000105999                fputs
 .text          0x00000000001059d4       0x6a binaries/fscanf.o
                0x0000000000105a0e                fscanf
 .text          0x0000000000105a3e       0x1f binaries/getchar.o
                0x0000000000105a3e                getchar
 .text          0x0000000000105a5d        0xe binaries/labs.o
                0x0000000000105a5d                labs
 .text          0x0000000000105a6b       0x32 binaries/memchr.o
                0x0000000000105a6b                memchr
 .text          0x0000000000105a9d       0x49 binaries/memcmp.o
                0x0000000000105a9d                memcmp
 .text          0x0000000000105ae6       0x25 binaries/memcpy.o
                0x0000000000105ae6                memcpy
 .text          0x0000000000105b0b       0x1e binaries/memset.o
                0x0000000000105b0b                memset
 .text          0x0000000000105b29       0x32 binaries/printf.o
                0x0000000000105b29                printf
 .text          0x0000000000105b5b       0x23 binaries/putchar.o
                0x0000000000105b5b                putchar
 .text          0x0000000000105b7e      0x1c8 binaries/qsort.o
                0x0000000000105d1b                qsort
 .text          0x0000000000105d46       0x45 binaries/rand.o
                0x0000000000105d46                srand
                0x0000000000105d50                rand
 .text          0x0000000000105d8b       0x49 binaries/sprintf.o
                0x0000000000105da2                sprintf
 .text          0x0000000000105dd4       0x57 binaries/sscanf.o
                0x0000000000105dfd                sscanf
 .text          0x0000000000105e2b       0x2d binaries/strchr.o
                0x0000000000105e2b                strchr
 .text          0x0000000000105e58       0x43 binaries/strcmp.o
                0x0000000000105e58                strcmp
 .text          0x0000000000105e9b       0x1a binaries/strcpy.o
                0x0000000000105e9b                strcpy
 .text          0x0000000000105eb5       0x1c binaries/strlen.o
                0x0000000000105eb5                strlen
 .text          0x0000000000105ed1       0x3c binaries/strncat.o
                0x0000000000105ed1                strncat
 .text          0x0000000000105f0d       0x3a binaries/strncmp.o
                0x0000000000105f0d                strncmp
 .text          0x0000000000105f47       0x58 binaries/strncpy.o
                0x0000000000105f47                strncpy
 .text          0x0000000000105f9f       0x36 binaries/strnlen.o
                0x0000000000105f9f                strnlen
 .text          0x0000000000105fd5       0x30 binaries/strrchr.o
                0x0000000000105fd5                strrchr
 .text          0x0000000000106005       0x66 binaries/strstr.o
                0x0000000000106005                strstr
 .text          0x000000000010606b      0x10a binaries/ttycontrol.o
                0x000000000010606b                ttycontrol
 .text          0x0000000000106175       0xaa binaries/ttygetc.o
                0x0000000000106175                ttygetc
 .text          0x000000000010621f      0x477 binaries/ttyhandle_in.o
                0x00000000001062d5                ttyhandle_in
 .text          0x0000000000106696      0x16e binaries/ttyhandle_out.o
                0x0000000000106696                ttyhandle_out
 .text          0x0000000000106804       0x84 binaries/ttyhandler.o
                0x0000000000106804                ttyhandler
 .text          0x0000000000106888      0x157 binaries/ttyinit.o
                0x0000000000106888                ttyinit
 .text          0x00000000001069df        0xc binaries/ttykickout.o
                0x00000000001069df                ttykickout
 .text          0x00000000001069eb       0xac binaries/ttyputc.o
                0x00000000001069eb                ttyputc
 .text          0x0000000000106a97       0xf3 binaries/ttyread.o
                0x0000000000106a97                ttyread
 .text          0x0000000000106b8a       0x46 binaries/ttywrite.o
                0x0000000000106b8a                ttywrite
 .text          0x0000000000106bd0      0x125 binaries/mount.o
                0x0000000000106bd0                namlen
                0x0000000000106c08                mount
 .text          0x0000000000106cf5      0x196 binaries/naminit.o
                0x0000000000106cf5                naminit
 .text          0x0000000000106e8b      0x1ff binaries/nammap.o
                0x0000000000106e8b                namrepl
                0x0000000000106fac                namcpy
                0x0000000000106ff9                nammap
 .text          0x000000000010708a       0x4e binaries/namopen.o
                0x000000000010708a                namopen
 .text          0x00000000001070d8       0xce binaries/colon2mac.o
                0x00000000001070d8                colon2mac
 .text          0x00000000001071a6       0x81 binaries/ethcontrol.o
                0x00000000001071a6                ethcontrol
 .text          0x0000000000107227      0x172 binaries/ethhandler.o
                0x0000000000107227                ethhandler
 .text          0x0000000000107399      0x52e binaries/ethinit.o
                0x0000000000107399                eth_phy_read
                0x00000000001073d6                eth_phy_write
                0x0000000000107416                eth_phy_reset
                0x00000000001074f0                ethinit
 .text          0x00000000001078c7       0xff binaries/ethmcast.o
                0x00000000001078c7                ethmcast_add
                0x0000000000107914                ethmcast_remove
 .text          0x00000000001079c6      0x174 binaries/ethread.o
                0x00000000001079c6                ethread
 .text          0x0000000000107b3a       0xbd binaries/ethwrite.o
                0x0000000000107b3a                ethwrite
 .text          0x0000000000107bf7       0x66 binaries/rdsbufalloc.o
                0x0000000000107bf7                rdsbufalloc
 .text          0x0000000000107c5d       0xcd binaries/rdsclose.o
                0x0000000000107c5d                rdsclose
 .text          0x0000000000107d2a      0x1e7 binaries/rdscomm.o
                0x0000000000107d2a                rdscomm
 .text          0x0000000000107f11      0x1c2 binaries/rdscontrol.o
                0x0000000000107f11                rdscontrol
 .text          0x00000000001080d3      0x1e3 binaries/rdsinit.o
                0x00000000001080d3                rdsinit
 .text          0x00000000001082b6      0x1a1 binaries/rdsopen.o
                0x00000000001082b6                rdsopen
 .text          0x0000000000108457      0x2b9 binaries/rdsprocess.o
                0x0000000000108457                rdsprocess
 .text          0x0000000000108710      0x1e2 binaries/rdsread.o
                0x0000000000108710                rdsread
 .text          0x00000000001088f2      0x1ac binaries/rdswrite.o
                0x00000000001088f2                rdswrite
 .text          0x0000000000108a9e        0x6 binaries/ramclose.o
                0x0000000000108a9e                ramclose
 .text          0x0000000000108aa4       0x34 binaries/raminit.o
                0x0000000000108aa4                raminit
 .text          0x0000000000108ad8        0x7 binaries/ramopen.o
                0x0000000000108ad8                ramopen
 .text          0x0000000000108adf       0x27 binaries/ramread.o
                0x0000000000108adf                ramread
 .text          0x0000000000108b06       0x27 binaries/ramwrite.o
                0x0000000000108b06                ramwrite
 .text          0x0000000000108b2d       0x87 binaries/lfdballoc.o
                0x0000000000108b2d                lfdballoc
 .text          0x0000000000108bb4       0x4d binaries/lfdbfree.o
                0x0000000000108bb4                lfdbfree
 .text          0x0000000000108c01       0x9f binaries/lfflush.o
                0x0000000000108c01                lfflush
 .text          0x0000000000108ca0       0x7a binaries/lfgetmode.o
                0x0000000000108ca0                lfgetmode
 .text          0x0000000000108d1a       0x5f binaries/lfiballoc.o
                0x0000000000108d1a                lfiballoc
 .text          0x0000000000108d79       0x25 binaries/lfibclear.o
                0x0000000000108d79                lfibclear
 .text          0x0000000000108d9e       0x74 binaries/lfibget.o
                0x0000000000108d9e                lfibget
 .text          0x0000000000108e12       0x91 binaries/lfibput.o
                0x0000000000108e12                lfibput
 .text          0x0000000000108ea3       0xa1 binaries/lflclose.o
                0x0000000000108ea3                lflclose
 .text          0x0000000000108f44       0xbe binaries/lflcontrol.o
                0x0000000000108f44                lflcontrol
 .text          0x0000000000109002       0xf7 binaries/lflgetc.o
                0x0000000000109002                lflgetc
 .text          0x00000000001090f9       0xe4 binaries/lflinit.o
                0x00000000001090f9                lflinit
 .text          0x00000000001091dd      0x12d binaries/lflputc.o
                0x00000000001091dd                lflputc
 .text          0x000000000010930a       0x6a binaries/lflread.o
                0x000000000010930a                lflread
 .text          0x0000000000109374       0xb8 binaries/lflseek.o
                0x0000000000109374                lflseek
 .text          0x000000000010942c       0x4e binaries/lflwrite.o
                0x000000000010942c                lflwrite
 .text          0x000000000010947a      0x11a binaries/lfsckfmt.o
                0x000000000010947a                lfsckfmt
 .text          0x0000000000109594      0x1bd binaries/lfscreate.o
                0x0000000000109594                lfscreate
 .text          0x0000000000109751      0x1a4 binaries/lfsetup.o
                0x0000000000109751                lfsetup
 .text          0x00000000001098f5       0x44 binaries/lfsinit.o
                0x00000000001098f5                lfsinit
 .text          0x0000000000109939      0x303 binaries/lfsopen.o
                0x0000000000109939                lfsopen
 .text          0x0000000000109c3c      0x11d binaries/lftruncate.o
                0x0000000000109c3c                lftruncate
 .text          0x0000000000109d59       0x69 binaries/rflclose.o
                0x0000000000109d59                rflclose
 .text          0x0000000000109dc2       0x2b binaries/rflgetc.o
                0x0000000000109dc2                rflgetc
 .text          0x0000000000109ded       0x69 binaries/rflinit.o
                0x0000000000109ded                rflinit
 .text          0x0000000000109e56       0x2c binaries/rflputc.o
                0x0000000000109e56                rflputc
 .text          0x0000000000109e82      0x2c8 binaries/rflread.o
                0x0000000000109e82                rflread
 .text          0x000000000010a14a       0x69 binaries/rflseek.o
                0x000000000010a14a                rflseek
 .text          0x000000000010a1b3      0x2ec binaries/rflwrite.o
                0x000000000010a1b3                rflwrite
 .text          0x000000000010a49f      0x17d binaries/rfscomm.o
                0x000000000010a49f                rfscomm
 .text          0x000000000010a61c      0x246 binaries/rfscontrol.o
                0x000000000010a61c                rfscontrol
 .text          0x000000000010a862       0x7a binaries/rfsgetmode.o
                0x000000000010a862                rfsgetmode
 .text          0x000000000010a8dc       0x7d binaries/rfsinit.o
                0x000000000010a8dc                rfsinit
 .text          0x000000000010a959       0xb7 binaries/rfsndmsg.o
                0x000000000010a959                rfsndmsg
 .text          0x000000000010aa10      0x24f binaries/rfsopen.o
                0x000000000010aa10                rfsopen
 .text          0x000000000010ac5f      0x619 binaries/arp.o
                0x000000000010ac5f                arp_init
                0x000000000010ac77                arp_alloc
                0x000000000010ad1b                arp_ntoh
                0x000000000010ad85                arp_hton
                0x000000000010adef                arp_resolve
                0x000000000010b041                arp_in
 .text          0x000000000010b278      0x5a3 binaries/dhcp.o
                0x000000000010b278                dhcp_get_opt_val
                0x000000000010b2cb                dhcp_bld_bootp_msg
                0x000000000010b399                dhcp_bld_disc
                0x000000000010b3e9                dhcp_bld_req
                0x000000000010b483                getlocalip
 .text          0x000000000010b81b       0xcc binaries/dot2ip.o
                0x000000000010b81b                dot2ip
 .text          0x000000000010b8e7      0x378 binaries/hexdump.o
                0x000000000010b8e7                hexdump
                0x000000000010ba36                hexadump
 .text          0x000000000010bc5f      0x6e6 binaries/icmp.o
                0x000000000010bc5f                icmp_init
                0x000000000010bc77                icmp_register
                0x000000000010bd35                icmp_recv
                0x000000000010bed8                icmp_mkpkt
                0x000000000010bfa9                icmp_in
                0x000000000010c13d                icmp_send
                0x000000000010c1ac                icmp_release
                0x000000000010c2c4                icmp_cksum
                0x000000000010c31d                icmp_hton
                0x000000000010c331                icmp_ntoh
 .text          0x000000000010c345      0x5d0 binaries/ip.o
                0x000000000010c345                ip_local
                0x000000000010c385                ipcksum
                0x000000000010c3d8                ip_ntoh
                0x000000000010c442                ip_in
                0x000000000010c565                ip_hton
                0x000000000010c5cf                ip_out
                0x000000000010c682                ip_send
                0x000000000010c78d                ipout
                0x000000000010c87d                ip_enqueue
 .text          0x000000000010c915      0x1a8 binaries/net.o
                0x000000000010c915                net_init
                0x000000000010ca0b                eth_hton
                0x000000000010ca15                eth_ntoh
                0x000000000010ca1f                netin
 .text          0x000000000010cabd       0xb3 binaries/netstart.o
                0x000000000010cabd                netstart
 .text          0x000000000010cb70      0xa2d binaries/pdump.o
                0x000000000010cb70                pdump
                0x000000000010d154                pdumph
 .text          0x000000000010d59d      0x5bc binaries/tftp.o
                0x000000000010d59d                tftp_send1
                0x000000000010d6b9                tftpget_mb
                0x000000000010db32                tftpget
 .text          0x000000000010db59      0xa03 binaries/udp.o
                0x000000000010db59                udp_init
                0x000000000010db96                udp_in
                0x000000000010dcb5                udp_register
                0x000000000010ddd2                udp_recv
                0x000000000010df5d                udp_recvaddr
                0x000000000010e0fc                udp_send
                0x000000000010e2b7                udp_sendto
                0x000000000010e42a                udp_release
                0x000000000010e534                udp_ntoh
                0x000000000010e548                udp_hton
 .text          0x000000000010e55c      0x122 binaries/addargs.o
                0x000000000010e55c                addargs
 .text          0x000000000010e67e      0x1e2 binaries/lexan.o
                0x000000000010e67e                lexan
 .text          0x000000000010e860      0x5b7 binaries/shell.o
                0x000000000010e860                shell
 .text          0x000000000010ee17       0x57 binaries/xsh_argecho.o
                0x000000000010ee17                xsh_argecho
 .text          0x000000000010ee6e      0x1ff binaries/xsh_arp.o
                0x000000000010ee6e                xsh_arp
 .text          0x000000000010f06d      0x1ea binaries/xsh_cat.o
                0x000000000010f06d                xsh_cat
 .text          0x000000000010f257       0x53 binaries/xsh_clear.o
                0x000000000010f257                xsh_clear
 .text          0x000000000010f2aa      0x297 binaries/xsh_date.o
                0x000000000010f2aa                xsh_date
 .text          0x000000000010f541       0x83 binaries/xsh_devdump.o
                0x000000000010f541                xsh_devdump
 .text          0x000000000010f5c4       0x5e binaries/xsh_echo.o
                0x000000000010f5c4                xsh_echo
 .text          0x000000000010f622        0x6 binaries/xsh_exit.o
                0x000000000010f622                xsh_exit
 .text          0x000000000010f628      0x32a binaries/xsh_help.o
                0x000000000010f628                xsh_help
 .text          0x000000000010f952      0x379 binaries/xsh_ipaddr.o
                0x000000000010f952                xsh_ipaddr
 .text          0x000000000010fccb      0x1c1 binaries/xsh_kill.o
                0x000000000010fccb                xsh_kill
 .text          0x000000000010fe8c      0x3ce binaries/xsh_memdump.o
                0x000000000010ff4e                xsh_memdump
 .text          0x000000000011025a      0x1cb binaries/xsh_memstat.o
                0x000000000011025a                xsh_memstat
 .text          0x0000000000110425      0x29b binaries/xsh_ping.o
                0x0000000000110425                xsh_ping
 .text          0x00000000001106c0      0x1a0 binaries/xsh_ps.o
                0x00000000001106c0                xsh_ps
 .text          0x0000000000110860      0x1ab binaries/xsh_sleep.o
                0x0000000000110860                xsh_sleep
 .text          0x0000000000110a0b      0x1cb binaries/xsh_udpdump.o
                0x0000000000110a0b                xsh_udpdump
 .text          0x0000000000110bd6      0x3ca binaries/xsh_udpecho.o
                0x0000000000110bd6                xsh_udpecho
 .text          0x0000000000110fa0      0x21b binaries/xsh_udpeserver.o
                0x0000000000110fa0                xsh_udpeserver
 .text          0x00000000001111bb      0x1b4 binaries/xsh_uptime.o
                0x00000000001111bb                xsh_uptime
 .text          0x000000000011136f        0xe binaries/clkdisp.o
                0x000000000011136f                clkdisp
 .text          0x000000000011137d       0x19 binaries/ctxsw.o
                0x000000000011137d                ctxsw
 .text          0x0000000000111396      0x36b binaries/intr.o
                0x0000000000111396                disable
                0x000000000011139f                restore
                0x00000000001113ad                enable
                0x00000000001113af                pause
                0x00000000001113b6                halt
                0x00000000001113bc                spurious_irq7
                0x00000000001113c1                spurious_irq15
                0x00000000001113d0                _Xint0
                0x00000000001113db                _Xint1
                0x00000000001113e6                _Xint2
                0x00000000001113f1                _Xint3
                0x00000000001113fc                _Xint4
                0x0000000000111407                _Xint5
                0x0000000000111412                _Xint6
                0x000000000011141d                _Xint7
                0x0000000000111428                _Xint8
                0x0000000000111433                _Xint9
                0x000000000011143e                _Xint10
                0x0000000000111449                _Xint11
                0x0000000000111457                _Xint12
                0x0000000000111465                _Xint13
                0x0000000000111473                _Xint14
                0x0000000000111481                _Xint15
                0x000000000011148f                _Xint16
                0x000000000011149d                _Xint17
                0x00000000001114ab                _Xint18
                0x00000000001114b9                _Xint19
                0x00000000001114c7                _Xint20
                0x00000000001114d5                _Xint21
                0x00000000001114e3                _Xint22
                0x00000000001114f1                _Xint23
                0x00000000001114ff                _Xint24
                0x000000000011150d                _Xint25
                0x000000000011151b                _Xint26
                0x0000000000111529                _Xint27
                0x0000000000111537                _Xint28
                0x0000000000111545                _Xint29
                0x0000000000111553                _Xint30
                0x0000000000111561                _Xint31
                0x000000000011156f                _Xint32
                0x000000000011157d                _Xint33
                0x000000000011158b                _Xint34
                0x0000000000111599                _Xint35
                0x00000000001115a7                _Xint36
                0x00000000001115b5                _Xint37
                0x00000000001115c3                _Xint38
                0x00000000001115d1                _Xint39
                0x00000000001115df                _Xint40
                0x00000000001115ed                _Xint41
                0x00000000001115fb                _Xint42
                0x0000000000111609                _Xint43
                0x0000000000111617                _Xint44
                0x0000000000111625                _Xint45
                0x0000000000111633                _Xint46
                0x0000000000111641                defevec
 .text          0x0000000000111701        0xf binaries/ttydispatch.o
                0x0000000000111701                ttydispatch
 .text          0x0000000000111710       0x13 binaries/ethdispatch.o
                0x0000000000111710                ethdispatch
 *(.rodata .rodata.*)
 .rodata.str1.1
                0x0000000000111723       0x54 binaries/ascdate.o
 *fill*         0x0000000000111777        0x1 
 .rodata.str1.4
                0x0000000000111778       0x22 binaries/ascdate.o
 .rodata.str1.1
                0x000000000011179a       0x5f binaries/conf.o
 .rodata.str1.1
                0x00000000001117f9       0x12 binaries/deadlock.o
 *fill*         0x000000000011180b        0x1 
 .rodata.str1.4
                0x000000000011180c       0x25 binaries/deadlock.o
 *fill*         0x0000000000111831        0x3 
 .rodata.str1.4
                0x0000000000111834       0x4f binaries/early_imr.o
 *fill*         0x0000000000111883        0x1 
 .rodata        0x0000000000111884       0x33 binaries/early_imr.o
 .rodata.str1.1
                0x00000000001118b7      0x20c binaries/evec.o
 *fill*         0x0000000000111ac3        0x1 
 .rodata.str1.4
                0x0000000000111ac4       0x23 binaries/evec.o
 .rodata.str1.1
                0x0000000000111ae7        0xb binaries/getutime.o
 *fill*         0x0000000000111af2        0x2 
 .rodata.str1.4
                0x0000000000111af4       0x54 binaries/getutime.o
 .rodata.str1.1
                0x0000000000111b48       0x63 binaries/initialize.o
                                         0x67 (size before relaxing)
 *fill*         0x0000000000111bab        0x1 
 .rodata.str1.4
                0x0000000000111bac       0xd0 binaries/initialize.o
 .rodata        0x0000000000111c7c       0x20 binaries/kill.o
 .rodata.str1.4
                0x0000000000111c9c      0x1a8 binaries/main.o
 .rodata.str1.1
                0x0000000000111e44       0x8b binaries/main.o
 *fill*         0x0000000000111ecf        0x1 
 .rodata.str1.4
                0x0000000000111ed0       0x23 binaries/meminit.o
 .rodata.str1.1
                0x0000000000111ef3       0x1b binaries/meminit.o
 .rodata.str1.1
                0x0000000000111f0e        0x9 binaries/newqueue.o
 .rodata.str1.1
                0x0000000000111f17        0xf binaries/panic.o
 .rodata.str1.1
                0x0000000000111f26       0x1c binaries/ptinit.o
 *fill*         0x0000000000111f42        0x2 
 .rodata.str1.4
                0x0000000000111f44       0x25 binaries/ptsend.o
 .rodata.str1.1
                0x0000000000111f69       0x22 binaries/quark_pdat.o
 *fill*         0x0000000000111f8b        0x1 
 .rodata.str1.4
                0x0000000000111f8c       0x63 binaries/stacktrace.o
 .rodata.str1.1
                0x0000000000111fef       0x52 binaries/stacktrace.o
 *fill*         0x0000000000112041        0x3 
 .rodata.str1.4
                0x0000000000112044       0x27 binaries/xdone.o
 *fill*         0x000000000011206b       0x15 
 .rodata        0x0000000000112080       0x81 binaries/ctype_.o
                0x0000000000112080                _ctype_
 .rodata.str1.1
                0x0000000000112101       0x29 binaries/doprnt.o
 *fill*         0x000000000011212a        0x2 
 .rodata        0x000000000011212c       0xc4 binaries/doprnt.o
 .rodata        0x00000000001121f0       0x98 binaries/doscan.o
 .rodata.str1.1
                0x0000000000112288       0x29 binaries/fdoprnt.o
 .rodata        0x0000000000112288       0x84 binaries/fdoprnt.o
 .rodata        0x000000000011230c       0x20 binaries/ttycontrol.o
 .rodata.str1.4
                0x000000000011232c       0x4c binaries/naminit.o
 .rodata.str1.1
                0x0000000000112378       0x32 binaries/naminit.o
                                         0x35 (size before relaxing)
 .rodata.str1.1
                0x00000000001123aa       0x15 binaries/ethinit.o
 *fill*         0x00000000001123bf        0x1 
 .rodata.str1.4
                0x00000000001123c0       0x2e binaries/ethinit.o
 *fill*         0x00000000001123ee        0x2 
 .rodata.str1.4
                0x00000000001123f0       0x2c binaries/rdsbufalloc.o
 .rodata.str1.4
                0x000000000011241c       0x76 binaries/rdscomm.o
 *fill*         0x0000000000112492        0x2 
 .rodata.str1.4
                0x0000000000112494       0x48 binaries/rdscontrol.o
 .rodata.str1.4
                0x00000000001124dc       0x7e binaries/rdsinit.o
 .rodata.str1.1
                0x000000000011255a       0x18 binaries/rdsinit.o
 *fill*         0x0000000000112572        0x2 
 .rodata.str1.4
                0x0000000000112574       0x22 binaries/rdsopen.o
 *fill*         0x0000000000112596        0x2 
 .rodata.str1.4
                0x0000000000112598       0x4d binaries/rdsprocess.o
 .rodata.str1.1
                0x00000000001125e5        0x9 binaries/raminit.o
 .rodata.str1.1
                0x00000000001125ee       0x13 binaries/lfdballoc.o
 *fill*         0x0000000000112601        0x3 
 .rodata.str1.4
                0x0000000000112604       0x23 binaries/lfdballoc.o
 .rodata.str1.1
                0x0000000000112627       0x14 binaries/lfiballoc.o
 *fill*         0x000000000011263b        0x1 
 .rodata.str1.4
                0x000000000011263c       0x23 binaries/lflcontrol.o
 .rodata.str1.1
                0x000000000011265f       0x64 binaries/lfsckfmt.o
 *fill*         0x00000000001126c3        0x1 
 .rodata.str1.4
                0x00000000001126c4       0x51 binaries/lfsckfmt.o
 *fill*         0x0000000000112715        0x3 
 .rodata.str1.4
                0x0000000000112718       0x21 binaries/rflread.o
 .rodata.str1.4
                0x0000000000112739       0x21 binaries/rflwrite.o
 *fill*         0x0000000000112739        0x3 
 .rodata.str1.4
                0x000000000011273c       0x75 binaries/rfscomm.o
 *fill*         0x00000000001127b1        0x3 
 .rodata.str1.4
                0x00000000001127b4       0x23 binaries/rfscontrol.o
 *fill*         0x00000000001127d7        0x1 
 .rodata        0x00000000001127d8       0x18 binaries/rfscontrol.o
 .rodata.str1.1
                0x00000000001127f0       0x10 binaries/rfsinit.o
 .rodata.str1.4
                0x00000000001127f0       0x57 binaries/rfsinit.o
 *fill*         0x0000000000112847        0x1 
 .rodata.str1.4
                0x0000000000112848       0x2a binaries/rfsndmsg.o
 .rodata.str1.4
                0x0000000000112872       0x22 binaries/rfsopen.o
 .rodata.str1.1
                0x0000000000112872       0x19 binaries/arp.o
 *fill*         0x000000000011288b        0x1 
 .rodata.str1.4
                0x000000000011288c       0x21 binaries/arp.o
 *fill*         0x00000000001128ad        0x3 
 .rodata.str1.4
                0x00000000001128b0       0xa6 binaries/dhcp.o
 .rodata.str1.1
                0x0000000000112956       0x4a binaries/dhcp.o
 .rodata.str1.1
                0x00000000001129a0       0x5a binaries/hexdump.o
                                         0x61 (size before relaxing)
 *fill*         0x00000000001129fa        0x2 
 .rodata.str1.4
                0x00000000001129fc       0x67 binaries/hexdump.o
 *fill*         0x0000000000112a63        0x1 
 .rodata.str1.4
                0x0000000000112a64       0x29 binaries/icmp.o
 .rodata.str1.1
                0x0000000000112a8d       0x4e binaries/ip.o
 *fill*         0x0000000000112adb        0x1 
 .rodata.str1.4
                0x0000000000112adc       0x20 binaries/ip.o
 .rodata.str1.4
                0x0000000000112afc       0x28 binaries/net.o
 .rodata.str1.1
                0x0000000000112b24       0x27 binaries/net.o
 *fill*         0x0000000000112b4b        0x1 
 .rodata.str1.4
                0x0000000000112b4c       0xcf binaries/netstart.o
 .rodata.str1.1
                0x0000000000112c1b      0x141 binaries/pdump.o
                                        0x14b (size before relaxing)
 .rodata.str1.4
                0x0000000000112d5c      0x126 binaries/pdump.o
 *fill*         0x0000000000112e82        0x2 
 .rodata.str1.4
                0x0000000000112e84      0x148 binaries/tftp.o
 .rodata.str1.1
                0x0000000000112fcc        0x6 binaries/tftp.o
                                          0xa (size before relaxing)
 .rodata.str1.1
                0x0000000000112fd2       0xe3 binaries/shell.o
                                         0xff (size before relaxing)
 *fill*         0x00000000001130b5        0x3 
 .rodata.str1.4
                0x00000000001130b8      0x1c4 binaries/shell.o
 *fill*         0x000000000011327c        0x4 
 .rodata        0x0000000000113280       0xfc binaries/shell.o
                0x0000000000113280                cmdtab
 .rodata.str1.1
                0x000000000011337c       0x26 binaries/xsh_argecho.o
                                         0x28 (size before relaxing)
 .rodata.str1.1
                0x00000000001133a2       0x70 binaries/xsh_arp.o
                                         0x72 (size before relaxing)
 *fill*         0x0000000000113412        0x2 
 .rodata.str1.4
                0x0000000000113414       0xb4 binaries/xsh_arp.o
 .rodata.str1.1
                0x00000000001134c8       0x2d binaries/xsh_cat.o
                                         0x4f (size before relaxing)
 *fill*         0x00000000001134f5        0x3 
 .rodata.str1.4
                0x00000000001134f8       0x52 binaries/xsh_cat.o
                                         0x79 (size before relaxing)
 .rodata.str1.1
                0x000000000011354a       0x15 binaries/xsh_clear.o
 .rodata.str1.1
                0x000000000011355f       0x46 binaries/xsh_date.o
                                         0x5f (size before relaxing)
 *fill*         0x00000000001135a5        0x3 
 .rodata.str1.4
                0x00000000001135a8      0x163 binaries/xsh_date.o
 .rodata.str1.1
                0x000000000011370b       0x5d binaries/xsh_devdump.o
 .rodata.str1.1
                0x0000000000113768        0x4 binaries/xsh_echo.o
                                          0x9 (size before relaxing)
 .rodata.str1.1
                0x000000000011376c       0x65 binaries/xsh_help.o
                                         0xa3 (size before relaxing)
 *fill*         0x00000000001137d1        0x3 
 .rodata.str1.4
                0x00000000001137d4       0x7c binaries/xsh_help.o
                                         0xc6 (size before relaxing)
 .rodata.str1.1
                0x0000000000113850       0x9c binaries/xsh_ipaddr.o
                                         0xf8 (size before relaxing)
 .rodata.str1.4
                0x00000000001138ec       0x4d binaries/xsh_ipaddr.o
                                         0x99 (size before relaxing)
 .rodata.str1.1
                0x0000000000113939       0x78 binaries/xsh_kill.o
                                         0x97 (size before relaxing)
 *fill*         0x00000000001139b1        0x3 
 .rodata.str1.4
                0x00000000001139b4       0x4a binaries/xsh_kill.o
                                         0x96 (size before relaxing)
 .rodata.str1.1
                0x00000000001139fe       0x84 binaries/xsh_memdump.o
                                         0xa8 (size before relaxing)
 *fill*         0x0000000000113a82        0x2 
 .rodata.str1.4
                0x0000000000113a84      0x15a binaries/xsh_memdump.o
                                        0x1aa (size before relaxing)
 .rodata.str1.1
                0x0000000000113bde       0x40 binaries/xsh_memstat.o
                                         0x79 (size before relaxing)
 *fill*         0x0000000000113c1e        0x2 
 .rodata.str1.4
                0x0000000000113c20      0x187 binaries/xsh_memstat.o
                                        0x1af (size before relaxing)
 .rodata.str1.1
                0x0000000000113da7       0x90 binaries/xsh_ping.o
                                         0xaf (size before relaxing)
 *fill*         0x0000000000113e37        0x1 
 .rodata.str1.4
                0x0000000000113e38       0x77 binaries/xsh_ping.o
                                         0xc6 (size before relaxing)
 .rodata.str1.1
                0x0000000000113eaf       0x74 binaries/xsh_ps.o
                                         0xd5 (size before relaxing)
 *fill*         0x0000000000113f23        0x1 
 .rodata.str1.4
                0x0000000000113f24       0x80 binaries/xsh_ps.o
                                         0xd0 (size before relaxing)
 *fill*         0x0000000000113fa4       0x1c 
 .rodata        0x0000000000113fc0       0x20 binaries/xsh_ps.o
 .rodata.str1.1
                0x0000000000113fe0       0x31 binaries/xsh_sleep.o
                                         0x72 (size before relaxing)
 *fill*         0x0000000000114011        0x3 
 .rodata.str1.4
                0x0000000000114014       0x2a binaries/xsh_sleep.o
                                         0x7a (size before relaxing)
 .rodata.str1.1
                0x000000000011403e       0x6b binaries/xsh_udpdump.o
                                         0xd2 (size before relaxing)
 *fill*         0x00000000001140a9        0x3 
 .rodata.str1.4
                0x00000000001140ac       0x94 binaries/xsh_udpdump.o
                                         0xe4 (size before relaxing)
 .rodata.str1.1
                0x0000000000114140       0xdb binaries/xsh_udpecho.o
                                         0xfa (size before relaxing)
 *fill*         0x000000000011421b        0x1 
 .rodata.str1.4
                0x000000000011421c       0xc7 binaries/xsh_udpecho.o
                                        0x116 (size before relaxing)
 .rodata.str1.1
                0x00000000001142e3       0x66 binaries/xsh_udpeserver.o
                                         0x8f (size before relaxing)
 *fill*         0x0000000000114349        0x3 
 .rodata.str1.4
                0x000000000011434c       0x29 binaries/xsh_udpeserver.o
                                         0x9f (size before relaxing)
 .rodata.str1.1
                0x0000000000114375       0x49 binaries/xsh_uptime.o
                                         0x8c (size before relaxing)
 *fill*         0x00000000001143be        0x2 
 .rodata.str1.4
                0x00000000001143c0       0x28 binaries/xsh_uptime.o
                                         0x76 (size before relaxing)
                0x00000000001143e8                etext = ABSOLUTE (.)
                0x0000000000115000                . = ALIGN (0x1000)
 *fill*         0x00000000001143e8      0xc18 

.eh_frame       0x0000000000115000     0x6be4
 .eh_frame      0x0000000000115000       0x78 binaries/ascdate.o
 .eh_frame      0x0000000000115078       0x14 binaries/bufinit.o
                                         0x2c (size before relaxing)
 .eh_frame      0x000000000011508c       0x3c binaries/chprio.o
                                         0x54 (size before relaxing)
 .eh_frame      0x00000000001150c8       0x18 binaries/clkhandler.o
                                         0x30 (size before relaxing)
 .eh_frame      0x00000000001150e0       0x3c binaries/clkinit.o
                                         0x54 (size before relaxing)
 .eh_frame      0x000000000011511c       0x3c binaries/close.o
                                         0x54 (size before relaxing)
 .eh_frame      0x0000000000115158       0x44 binaries/control.o
                                         0x5c (size before relaxing)
 .eh_frame      0x000000000011519c       0x5c binaries/create.o
                                         0x74 (size before relaxing)
 .eh_frame      0x00000000001151f8      0x1a4 binaries/deadlock.o
                                        0x1bc (size before relaxing)
 .eh_frame      0x000000000011539c      0x148 binaries/early_imr.o
                                        0x160 (size before relaxing)
 .eh_frame      0x00000000001154e4      0x1a8 binaries/evec.o
                                        0x1c0 (size before relaxing)
 .eh_frame      0x000000000011568c       0x50 binaries/freebuf.o
                                         0x68 (size before relaxing)
 .eh_frame      0x00000000001156dc       0x58 binaries/freemem.o
                                         0x70 (size before relaxing)
 .eh_frame      0x0000000000115734       0x40 binaries/getbuf.o
                                         0x58 (size before relaxing)
 .eh_frame      0x0000000000115774       0x3c binaries/getc.o
                                         0x54 (size before relaxing)
 .eh_frame      0x00000000001157b0       0x5c binaries/getdev.o
                                         0x74 (size before relaxing)
 .eh_frame      0x000000000011580c       0x4c binaries/getitem.o
                                         0x64 (size before relaxing)
 .eh_frame      0x0000000000115858       0x50 binaries/getmem.o
                                         0x68 (size before relaxing)
 .eh_frame      0x00000000001158a8       0x14 binaries/getpid.o
                                         0x2c (size before relaxing)
 .eh_frame      0x00000000001158bc       0x34 binaries/getprio.o
                                         0x4c (size before relaxing)
 .eh_frame      0x00000000001158f0       0x58 binaries/getstk.o
                                         0x70 (size before relaxing)
 .eh_frame      0x0000000000115948       0x20 binaries/gettime.o
                                         0x38 (size before relaxing)
 .eh_frame      0x0000000000115968       0x8c binaries/getutime.o
                                         0xa4 (size before relaxing)
 .eh_frame      0x00000000001159f4       0x3c binaries/init.o
                                         0x54 (size before relaxing)
 .eh_frame      0x0000000000115a30       0xe4 binaries/initialize.o
                                         0xfc (size before relaxing)
 .eh_frame      0x0000000000115b14       0x24 binaries/insert.o
                                         0x3c (size before relaxing)
 .eh_frame      0x0000000000115b38       0x38 binaries/insertd.o
                                         0x50 (size before relaxing)
 .eh_frame      0x0000000000115b70       0x14 binaries/ioerr.o
                                         0x2c (size before relaxing)
 .eh_frame      0x0000000000115b84       0x14 binaries/ionull.o
                                         0x2c (size before relaxing)
 .eh_frame      0x0000000000115b98       0x78 binaries/kill.o
                                         0x90 (size before relaxing)
 .eh_frame      0x0000000000115c10       0x80 binaries/kprintf.o
                                         0x98 (size before relaxing)
 .eh_frame      0x0000000000115c90      0x198 binaries/main.o
                                        0x1b0 (size before relaxing)
 .eh_frame      0x0000000000115e28       0x4c binaries/mark.o
                                         0x64 (size before relaxing)
 .eh_frame      0x0000000000115e74       0x74 binaries/meminit.o
                                         0x8c (size before relaxing)
 .eh_frame      0x0000000000115ee8       0x74 binaries/mkbufpool.o
                                         0x8c (size before relaxing)
 .eh_frame      0x0000000000115f5c       0x24 binaries/newqueue.o
                                         0x3c (size before relaxing)
 .eh_frame      0x0000000000115f80       0x44 binaries/open.o
                                         0x5c (size before relaxing)
 .eh_frame      0x0000000000115fc4       0x20 binaries/panic.o
                                         0x38 (size before relaxing)
 .eh_frame      0x0000000000115fe4       0xec binaries/pci.o
                                        0x104 (size before relaxing)
 .eh_frame      0x00000000001160d0       0x38 binaries/platinit.o
                                         0x50 (size before relaxing)
 .eh_frame      0x0000000000116108       0x68 binaries/ptclear.o
                                         0x80 (size before relaxing)
 .eh_frame      0x0000000000116170       0x50 binaries/ptcount.o
                                         0x68 (size before relaxing)
 .eh_frame      0x00000000001161c0       0x60 binaries/ptcreate.o
                                         0x78 (size before relaxing)
 .eh_frame      0x0000000000116220       0x44 binaries/ptdelete.o
                                         0x5c (size before relaxing)
 .eh_frame      0x0000000000116264       0x3c binaries/ptinit.o
                                         0x54 (size before relaxing)
 .eh_frame      0x00000000001162a0       0x54 binaries/ptrecv.o
                                         0x6c (size before relaxing)
 .eh_frame      0x00000000001162f4       0x44 binaries/ptreset.o
                                         0x5c (size before relaxing)
 .eh_frame      0x0000000000116338       0x5c binaries/ptsend.o
                                         0x74 (size before relaxing)
 .eh_frame      0x0000000000116394       0x44 binaries/putc.o
                                         0x5c (size before relaxing)
 .eh_frame      0x00000000001163d8       0x60 binaries/quark_irq.o
                                         0x78 (size before relaxing)
 .eh_frame      0x0000000000116438       0xd0 binaries/quark_pdat.o
                                         0xe8 (size before relaxing)
 .eh_frame      0x0000000000116508       0x34 binaries/queue.o
                                         0x4c (size before relaxing)
 .eh_frame      0x000000000011653c       0x44 binaries/read.o
                                         0x5c (size before relaxing)
 .eh_frame      0x0000000000116580       0x28 binaries/ready.o
                                         0x40 (size before relaxing)
 .eh_frame      0x00000000001165a8       0x64 binaries/receive.o
                                         0x7c (size before relaxing)
 .eh_frame      0x000000000011660c       0x28 binaries/recvclr.o
                                         0x40 (size before relaxing)
 .eh_frame      0x0000000000116634       0x50 binaries/recvtime.o
                                         0x68 (size before relaxing)
 .eh_frame      0x0000000000116684       0x5c binaries/resched.o
                                         0x74 (size before relaxing)
 .eh_frame      0x00000000001166e0       0x48 binaries/resume.o
                                         0x60 (size before relaxing)
 .eh_frame      0x0000000000116728       0x40 binaries/seek.o
                                         0x58 (size before relaxing)
 .eh_frame      0x0000000000116768       0x34 binaries/semcount.o
                                         0x4c (size before relaxing)
 .eh_frame      0x000000000011679c       0x40 binaries/semcreate.o
                                         0x58 (size before relaxing)
 .eh_frame      0x00000000001167dc       0x5c binaries/semdelete.o
                                         0x74 (size before relaxing)
 .eh_frame      0x0000000000116838       0x68 binaries/semreset.o
                                         0x80 (size before relaxing)
 .eh_frame      0x00000000001168a0       0x58 binaries/send.o
                                         0x70 (size before relaxing)
 .eh_frame      0x00000000001168f8       0xbc binaries/sendbk.o
                                         0xd4 (size before relaxing)
 .eh_frame      0x00000000001169b4       0x50 binaries/signal.o
                                         0x68 (size before relaxing)
 .eh_frame      0x0000000000116a04       0x74 binaries/signaldd.o
                                         0x8c (size before relaxing)
 .eh_frame      0x0000000000116a78       0x5c binaries/signaln.o
                                         0x74 (size before relaxing)
 .eh_frame      0x0000000000116ad4       0x74 binaries/sleep.o
                                         0x8c (size before relaxing)
 .eh_frame      0x0000000000116b48       0x9c binaries/stacktrace.o
                                         0xb4 (size before relaxing)
 .eh_frame      0x0000000000116be4       0x50 binaries/suspend.o
                                         0x68 (size before relaxing)
 .eh_frame      0x0000000000116c34       0x44 binaries/unsleep.o
                                         0x5c (size before relaxing)
 .eh_frame      0x0000000000116c78       0x20 binaries/userret.o
                                         0x38 (size before relaxing)
 .eh_frame      0x0000000000116c98       0x50 binaries/wait.o
                                         0x68 (size before relaxing)
 .eh_frame      0x0000000000116ce8       0xb4 binaries/waitdd.o
                                         0xcc (size before relaxing)
 .eh_frame      0x0000000000116d9c       0x2c binaries/wakeup.o
                                         0x44 (size before relaxing)
 .eh_frame      0x0000000000116dc8       0x44 binaries/write.o
                                         0x5c (size before relaxing)
 .eh_frame      0x0000000000116e0c       0x1c binaries/xdone.o
                                         0x34 (size before relaxing)
 .eh_frame      0x0000000000116e28       0x28 binaries/yield.o
                                         0x40 (size before relaxing)
 .eh_frame      0x0000000000116e50       0x14 binaries/abs.o
                                         0x2c (size before relaxing)
 .eh_frame      0x0000000000116e64       0x24 binaries/atoi.o
                                         0x3c (size before relaxing)
 .eh_frame      0x0000000000116e88       0x24 binaries/atol.o
                                         0x3c (size before relaxing)
 .eh_frame      0x0000000000116eac       0x14 binaries/bzero.o
                                         0x2c (size before relaxing)
 .eh_frame      0x0000000000116ec0      0x130 binaries/doprnt.o
                                        0x148 (size before relaxing)
 .eh_frame      0x0000000000116ff0      0x104 binaries/doscan.o
                                        0x11c (size before relaxing)
 .eh_frame      0x00000000001170f4      0x110 binaries/fdoprnt.o
                                        0x128 (size before relaxing)
 .eh_frame      0x0000000000117204       0x20 binaries/fgetc.o
                                         0x38 (size before relaxing)
 .eh_frame      0x0000000000117224       0x44 binaries/fgets.o
                                         0x5c (size before relaxing)
 .eh_frame      0x0000000000117268       0x24 binaries/fprintf.o
                                         0x3c (size before relaxing)
 .eh_frame      0x000000000011728c       0x20 binaries/fputc.o
                                         0x38 (size before relaxing)
 .eh_frame      0x00000000001172ac       0x38 binaries/fputs.o
                                         0x50 (size before relaxing)
 .eh_frame      0x00000000001172e4       0x6c binaries/fscanf.o
                                         0x84 (size before relaxing)
 .eh_frame      0x0000000000117350       0x1c binaries/getchar.o
                                         0x34 (size before relaxing)
 .eh_frame      0x000000000011736c       0x14 binaries/labs.o
                                         0x2c (size before relaxing)
 .eh_frame      0x0000000000117380       0x14 binaries/memchr.o
                                         0x2c (size before relaxing)
 .eh_frame      0x0000000000117394       0x24 binaries/memcmp.o
                                         0x3c (size before relaxing)
 .eh_frame      0x00000000001173b8       0x24 binaries/memcpy.o
                                         0x3c (size before relaxing)
 .eh_frame      0x00000000001173dc       0x1c binaries/memset.o
                                         0x34 (size before relaxing)
 .eh_frame      0x00000000001173f8       0x24 binaries/printf.o
                                         0x3c (size before relaxing)
 .eh_frame      0x000000000011741c       0x20 binaries/putchar.o
                                         0x38 (size before relaxing)
 .eh_frame      0x000000000011743c       0xc0 binaries/qsort.o
                                         0xd8 (size before relaxing)
 .eh_frame      0x00000000001174fc       0x28 binaries/rand.o
                                         0x40 (size before relaxing)
 .eh_frame      0x0000000000117524       0x48 binaries/sprintf.o
                                         0x60 (size before relaxing)
 .eh_frame      0x000000000011756c       0x54 binaries/sscanf.o
                                         0x6c (size before relaxing)
 .eh_frame      0x00000000001175c0       0x1c binaries/strchr.o
                                         0x34 (size before relaxing)
 .eh_frame      0x00000000001175dc       0x1c binaries/strcmp.o
                                         0x34 (size before relaxing)
 .eh_frame      0x00000000001175f8       0x14 binaries/strcpy.o
                                         0x2c (size before relaxing)
 .eh_frame      0x000000000011760c       0x14 binaries/strlen.o
                                         0x2c (size before relaxing)
 .eh_frame      0x0000000000117620       0x2c binaries/strncat.o
                                         0x44 (size before relaxing)
 .eh_frame      0x000000000011764c       0x1c binaries/strncmp.o
                                         0x34 (size before relaxing)
 .eh_frame      0x0000000000117668       0x30 binaries/strncpy.o
                                         0x48 (size before relaxing)
 .eh_frame      0x0000000000117698       0x1c binaries/strnlen.o
                                         0x34 (size before relaxing)
 .eh_frame      0x00000000001176b4       0x1c binaries/strrchr.o
                                         0x34 (size before relaxing)
 .eh_frame      0x00000000001176d0       0x38 binaries/strstr.o
                                         0x50 (size before relaxing)
 .eh_frame      0x0000000000117708       0x48 binaries/ttycontrol.o
                                         0x60 (size before relaxing)
 .eh_frame      0x0000000000117750       0x38 binaries/ttygetc.o
                                         0x50 (size before relaxing)
 .eh_frame      0x0000000000117788       0xd8 binaries/ttyhandle_in.o
                                         0xf0 (size before relaxing)
 .eh_frame      0x0000000000117860       0x64 binaries/ttyhandle_out.o
                                         0x7c (size before relaxing)
 .eh_frame      0x00000000001178c4       0x54 binaries/ttyhandler.o
                                         0x6c (size before relaxing)
 .eh_frame      0x0000000000117918       0x48 binaries/ttyinit.o
                                         0x60 (size before relaxing)
 .eh_frame      0x0000000000117960       0x14 binaries/ttykickout.o
                                         0x2c (size before relaxing)
 .eh_frame      0x0000000000117974       0x58 binaries/ttyputc.o
                                         0x70 (size before relaxing)
 .eh_frame      0x00000000001179cc       0x60 binaries/ttyread.o
                                         0x78 (size before relaxing)
 .eh_frame      0x0000000000117a2c       0x38 binaries/ttywrite.o
                                         0x50 (size before relaxing)
 .eh_frame      0x0000000000117a64       0x78 binaries/mount.o
                                         0x90 (size before relaxing)
 .eh_frame      0x0000000000117adc       0xe4 binaries/naminit.o
                                         0xfc (size before relaxing)
 .eh_frame      0x0000000000117bc0       0xe8 binaries/nammap.o
                                        0x100 (size before relaxing)
 .eh_frame      0x0000000000117ca8       0x3c binaries/namopen.o
                                         0x54 (size before relaxing)
 .eh_frame      0x0000000000117ce4       0x3c binaries/colon2mac.o
                                         0x54 (size before relaxing)
 .eh_frame      0x0000000000117d20       0x40 binaries/ethcontrol.o
                                         0x58 (size before relaxing)
 .eh_frame      0x0000000000117d60       0x58 binaries/ethhandler.o
                                         0x70 (size before relaxing)
 .eh_frame      0x0000000000117db8      0x14c binaries/ethinit.o
                                        0x164 (size before relaxing)
 .eh_frame      0x0000000000117f04       0xa0 binaries/ethmcast.o
                                         0xb8 (size before relaxing)
 .eh_frame      0x0000000000117fa4       0x80 binaries/ethread.o
                                         0x98 (size before relaxing)
 .eh_frame      0x0000000000118024       0x44 binaries/ethwrite.o
                                         0x5c (size before relaxing)
 .eh_frame      0x0000000000118068       0x30 binaries/rdsbufalloc.o
                                         0x48 (size before relaxing)
 .eh_frame      0x0000000000118098       0x3c binaries/rdsclose.o
                                         0x54 (size before relaxing)
 .eh_frame      0x00000000001180d4       0x8c binaries/rdscomm.o
                                         0xa4 (size before relaxing)
 .eh_frame      0x0000000000118160       0xb0 binaries/rdscontrol.o
                                         0xc8 (size before relaxing)
 .eh_frame      0x0000000000118210       0x90 binaries/rdsinit.o
                                         0xa8 (size before relaxing)
 .eh_frame      0x00000000001182a0       0x74 binaries/rdsopen.o
                                         0x8c (size before relaxing)
 .eh_frame      0x0000000000118314       0xf8 binaries/rdsprocess.o
                                        0x110 (size before relaxing)
 .eh_frame      0x000000000011840c       0x7c binaries/rdsread.o
                                         0x94 (size before relaxing)
 .eh_frame      0x0000000000118488       0x80 binaries/rdswrite.o
                                         0x98 (size before relaxing)
 .eh_frame      0x0000000000118508       0x14 binaries/ramclose.o
                                         0x2c (size before relaxing)
 .eh_frame      0x000000000011851c       0x2c binaries/raminit.o
                                         0x44 (size before relaxing)
 .eh_frame      0x0000000000118548       0x14 binaries/ramopen.o
                                         0x2c (size before relaxing)
 .eh_frame      0x000000000011855c       0x20 binaries/ramread.o
                                         0x38 (size before relaxing)
 .eh_frame      0x000000000011857c       0x20 binaries/ramwrite.o
                                         0x38 (size before relaxing)
 .eh_frame      0x000000000011859c       0x64 binaries/lfdballoc.o
                                         0x7c (size before relaxing)
 .eh_frame      0x0000000000118600       0x40 binaries/lfdbfree.o
                                         0x58 (size before relaxing)
 .eh_frame      0x0000000000118640       0x50 binaries/lfflush.o
                                         0x68 (size before relaxing)
 .eh_frame      0x0000000000118690       0x14 binaries/lfgetmode.o
                                         0x2c (size before relaxing)
 .eh_frame      0x00000000001186a4       0x44 binaries/lfiballoc.o
                                         0x5c (size before relaxing)
 .eh_frame      0x00000000001186e8       0x14 binaries/lfibclear.o
                                         0x2c (size before relaxing)
 .eh_frame      0x00000000001186fc       0x4c binaries/lfibget.o
                                         0x64 (size before relaxing)
 .eh_frame      0x0000000000118748       0x68 binaries/lfibput.o
                                         0x80 (size before relaxing)
 .eh_frame      0x00000000001187b0       0x4c binaries/lflclose.o
                                         0x64 (size before relaxing)
 .eh_frame      0x00000000001187fc       0x68 binaries/lflcontrol.o
                                         0x80 (size before relaxing)
 .eh_frame      0x0000000000118864       0x5c binaries/lflgetc.o
                                         0x74 (size before relaxing)
 .eh_frame      0x00000000001188c0       0x50 binaries/lflinit.o
                                         0x68 (size before relaxing)
 .eh_frame      0x0000000000118910       0x68 binaries/lflputc.o
                                         0x80 (size before relaxing)
 .eh_frame      0x0000000000118978       0x44 binaries/lflread.o
                                         0x5c (size before relaxing)
 .eh_frame      0x00000000001189bc       0x50 binaries/lflseek.o
                                         0x68 (size before relaxing)
 .eh_frame      0x0000000000118a0c       0x48 binaries/lflwrite.o
                                         0x60 (size before relaxing)
 .eh_frame      0x0000000000118a54       0xc8 binaries/lfsckfmt.o
                                         0xe0 (size before relaxing)
 .eh_frame      0x0000000000118b1c       0xd4 binaries/lfscreate.o
                                         0xec (size before relaxing)
 .eh_frame      0x0000000000118bf0       0xbc binaries/lfsetup.o
                                         0xd4 (size before relaxing)
 .eh_frame      0x0000000000118cac       0x28 binaries/lfsinit.o
                                         0x40 (size before relaxing)
 .eh_frame      0x0000000000118cd4       0x90 binaries/lfsopen.o
                                         0xa8 (size before relaxing)
 .eh_frame      0x0000000000118d64       0x84 binaries/lftruncate.o
                                         0x9c (size before relaxing)
 .eh_frame      0x0000000000118de8       0x30 binaries/rflclose.o
                                         0x48 (size before relaxing)
 .eh_frame      0x0000000000118e18       0x24 binaries/rflgetc.o
                                         0x3c (size before relaxing)
 .eh_frame      0x0000000000118e3c       0x1c binaries/rflinit.o
                                         0x34 (size before relaxing)
 .eh_frame      0x0000000000118e58       0x24 binaries/rflputc.o
                                         0x3c (size before relaxing)
 .eh_frame      0x0000000000118e7c       0xd8 binaries/rflread.o
                                         0xf0 (size before relaxing)
 .eh_frame      0x0000000000118f54       0x30 binaries/rflseek.o
                                         0x48 (size before relaxing)
 .eh_frame      0x0000000000118f84       0xcc binaries/rflwrite.o
                                         0xe4 (size before relaxing)
 .eh_frame      0x0000000000119050       0x88 binaries/rfscomm.o
                                         0xa0 (size before relaxing)
 .eh_frame      0x00000000001190d8      0x110 binaries/rfscontrol.o
                                        0x128 (size before relaxing)
 .eh_frame      0x00000000001191e8       0x14 binaries/rfsgetmode.o
                                         0x2c (size before relaxing)
 .eh_frame      0x00000000001191fc       0x3c binaries/rfsinit.o
                                         0x54 (size before relaxing)
 .eh_frame      0x0000000000119238       0x3c binaries/rfsndmsg.o
                                         0x54 (size before relaxing)
 .eh_frame      0x0000000000119274       0xd0 binaries/rfsopen.o
                                         0xe8 (size before relaxing)
 .eh_frame      0x0000000000119344      0x244 binaries/arp.o
                                        0x25c (size before relaxing)
 .eh_frame      0x0000000000119588      0x264 binaries/dhcp.o
                                        0x27c (size before relaxing)
 .eh_frame      0x00000000001197ec       0x38 binaries/dot2ip.o
                                         0x50 (size before relaxing)
 .eh_frame      0x0000000000119824      0x1b0 binaries/hexdump.o
                                        0x1c8 (size before relaxing)
 .eh_frame      0x00000000001199d4      0x2e0 binaries/icmp.o
                                        0x2f8 (size before relaxing)
 .eh_frame      0x0000000000119cb4      0x2a4 binaries/ip.o
                                        0x2bc (size before relaxing)
 .eh_frame      0x0000000000119f58      0x114 binaries/net.o
                                        0x12c (size before relaxing)
[...]
 .comment       0x000000000000002a       0x2b binaries/netstart.o
 .comment       0x000000000000002a       0x2b binaries/pdump.o
 .comment       0x000000000000002a       0x2b binaries/tftp.o
 .comment       0x000000000000002a       0x2b binaries/udp.o
 .comment       0x000000000000002a       0x2b binaries/addargs.o
 .comment       0x000000000000002a       0x2b binaries/lexan.o
 .comment       0x000000000000002a       0x2b binaries/shell.o
 .comment       0x000000000000002a       0x2b binaries/xsh_argecho.o
 .comment       0x000000000000002a       0x2b binaries/xsh_arp.o
 .comment       0x000000000000002a       0x2b binaries/xsh_cat.o
 .comment       0x000000000000002a       0x2b binaries/xsh_clear.o
 .comment       0x000000000000002a       0x2b binaries/xsh_date.o
 .comment       0x000000000000002a       0x2b binaries/xsh_devdump.o
 .comment       0x000000000000002a       0x2b binaries/xsh_echo.o
 .comment       0x000000000000002a       0x2b binaries/xsh_exit.o
 .comment       0x000000000000002a       0x2b binaries/xsh_help.o
 .comment       0x000000000000002a       0x2b binaries/xsh_ipaddr.o
 .comment       0x000000000000002a       0x2b binaries/xsh_kill.o
 .comment       0x000000000000002a       0x2b binaries/xsh_memdump.o
 .comment       0x000000000000002a       0x2b binaries/xsh_memstat.o
 .comment       0x000000000000002a       0x2b binaries/xsh_ping.o
 .comment       0x000000000000002a       0x2b binaries/xsh_ps.o
 .comment       0x000000000000002a       0x2b binaries/xsh_sleep.o
 .comment       0x000000000000002a       0x2b binaries/xsh_udpdump.o
 .comment       0x000000000000002a       0x2b binaries/xsh_udpecho.o
 .comment       0x000000000000002a       0x2b binaries/xsh_udpeserver.o
 .comment       0x000000000000002a       0x2b binaries/xsh_uptime.o

.note.GNU-stack
                0x0000000000000000        0x0
 .note.GNU-stack
                0x0000000000000000        0x0 binaries/ascdate.o
 .note.GNU-stack
                0x0000000000000000        0x0 binaries/bufinit.o
 .note.GNU-stack
                0x0000000000000000        0x0 binaries/chprio.o
 .note.GNU-stack
                0x0000000000000000        0x0 binaries/clkhandler.o
 .note.GNU-stack
                0x0000000000000000        0x0 binaries/clkinit.o
 .note.GNU-stack
                0x0000000000000000        0x0 binaries/close.o
 .note.GNU-stack
                0x0000000000000000        0x0 binaries/conf.o
 .note.GNU-stack
                0x0000000000000000        0x0 binaries/control.o
 .note.GNU-stack
                0x0000000000000000        0x0 binaries/create.o
 .note.GNU-stack
                0x0000000000000000        0x0 binaries/deadlock.o
 .note.GNU-stack
                0x0000000000000000        0x0 binaries/early_imr.o
 .note.GNU-stack
                0x0000000000000000        0x0 binaries/evec.o
 .note.GNU-stack
                0x0000000000000000        0x0 binaries/freebuf.o
 .note.GNU-stack
                0x0000000000000000        0x0 binaries/freemem.o
 .note.GNU-stack
                0x0000000000000000        0x0 binaries/getbuf.o
 .note.GNU-stack
                0x0000000000000000        0x0 binaries/getc.o
 .note.GNU-stack
                0x0000000000000000        0x0 binaries/getdev.o
 .note.GNU-stack
                0x0000000000000000        0x0 binaries/getitem.o
 .note.GNU-stack
                0x0000000000000000        0x0 binaries/getmem.o
 .note.GNU-stack
                0x0000000000000000        0x0 binaries/getpid.o
 .note.GNU-stack
                0x0000000000000000        0x0 binaries/getprio.o
 .note.GNU-stack
                0x0000000000000000        0x0 binaries/getstk.o
 .note.GNU-stack
                0x0000000000000000        0x0 binaries/gettime.o
 .note.GNU-stack
                0x0000000000000000        0x0 binaries/getutime.o
 .note.GNU-stack
                0x0000000000000000        0x0 binaries/init.o
 .note.GNU-stack
                0x0000000000000000        0x0 binaries/initialize.o
 .note.GNU-stack
                0x0000000000000000        0x0 binaries/insert.o
 .note.GNU-stack
                0x0000000000000000        0x0 binaries/insertd.o
 .note.GNU-stack
                0x0000000000000000        0x0 binaries/ioerr.o
 .note.GNU-stack
                0x0000000000000000        0x0 binaries/ionull.o
 .note.GNU-stack
                0x0000000000000000        0x0 binaries/kill.o
 .note.GNU-stack
                0x0000000000000000        0x0 binaries/kprintf.o
 .note.GNU-stack
                0x0000000000000000        0x0 binaries/main.o
 .note.GNU-stack
                0x0000000000000000        0x0 binaries/mark.o
 .note.GNU-stack
                0x0000000000000000        0x0 binaries/meminit.o
 .note.GNU-stack
                0x0000000000000000        0x0 binaries/mkbufpool.o
 .note.GNU-stack
                0x0000000000000000        0x0 binaries/newqueue.o
 .note.GNU-stack
                0x0000000000000000        0x0 binaries/open.o
 .note.GNU-stack
                0x0000000000000000        0x0 binaries/panic.o
 .note.GNU-stack
                0x0000000000000000        0x0 binaries/pci.o
 .note.GNU-stack
                0x0000000000000000        0x0 binaries/platinit.o
 .note.GNU-stack
                0x0000000000000000        0x0 binaries/ptclear.o
 .note.GNU-stack
                0x0000000000000000        0x0 binaries/ptcount.o
 .note.GNU-stack
                0x0000000000000000        0x0 binaries/ptcreate.o
 .note.GNU-stack
                0x0000000000000000        0x0 binaries/ptdelete.o
 .note.GNU-stack
                0x0000000000000000        0x0 binaries/ptinit.o
 .note.GNU-stack
                0x0000000000000000        0x0 binaries/ptrecv.o
 .note.GNU-stack
                0x0000000000000000        0x0 binaries/ptreset.o
 .note.GNU-stack
                0x0000000000000000        0x0 binaries/ptsend.o
 .note.GNU-stack
                0x0000000000000000        0x0 binaries/putc.o
 .note.GNU-stack
                0x0000000000000000        0x0 binaries/quark_irq.o
 .note.GNU-stack
                0x0000000000000000        0x0 binaries/quark_pdat.o
 .note.GNU-stack
                0x0000000000000000        0x0 binaries/queue.o
 .note.GNU-stack
                0x0000000000000000        0x0 binaries/read.o
 .note.GNU-stack
                0x0000000000000000        0x0 binaries/ready.o
 .note.GNU-stack
                0x0000000000000000        0x0 binaries/receive.o
 .note.GNU-stack
                0x0000000000000000        0x0 binaries/recvclr.o
 .note.GNU-stack
                0x0000000000000000        0x0 binaries/recvtime.o
 .note.GNU-stack
                0x0000000000000000        0x0 binaries/resched.o
 .note.GNU-stack
                0x0000000000000000        0x0 binaries/resume.o
 .note.GNU-stack
                0x0000000000000000        0x0 binaries/seek.o
 .note.GNU-stack
                0x0000000000000000        0x0 binaries/semcount.o
 .note.GNU-stack
                0x0000000000000000        0x0 binaries/semcreate.o
 .note.GNU-stack
                0x0000000000000000        0x0 binaries/semdelete.o
 .note.GNU-stack
                0x0000000000000000        0x0 binaries/semreset.o
 .note.GNU-stack
                0x0000000000000000        0x0 binaries/send.o
 .note.GNU-stack
                0x0000000000000000        0x0 binaries/sendbk.o
 .note.GNU-stack
                0x0000000000000000        0x0 binaries/signal.o
 .note.GNU-stack
                0x0000000000000000        0x0 binaries/signaldd.o
 .note.GNU-stack
                0x0000000000000000        0x0 binaries/signaln.o
 .note.GNU-stack
                0x0000000000000000        0x0 binaries/sleep.o
 .note.GNU-stack
                0x0000000000000000        0x0 binaries/stacktrace.o
 .note.GNU-stack
                0x0000000000000000        0x0 binaries/suspend.o
 .note.GNU-stack
                0x0000000000000000        0x0 binaries/unsleep.o
 .note.GNU-stack
                0x0000000000000000        0x0 binaries/userret.o
 .note.GNU-stack
                0x0000000000000000        0x0 binaries/wait.o
 .note.GNU-stack
                0x0000000000000000        0x0 binaries/waitdd.o
 .note.GNU-stack
                0x0000000000000000        0x0 binaries/wakeup.o
 .note.GNU-stack
                0x0000000000000000        0x0 binaries/write.o
 .note.GNU-stack
                0x0000000000000000        0x0 binaries/xdone.o
 .note.GNU-stack
                0x0000000000000000        0x0 binaries/yield.o
 .note.GNU-stack
                0x0000000000000000        0x0 binaries/abs.o
 .note.GNU-stack
                0x0000000000000000        0x0 binaries/atoi.o
 .note.GNU-stack
                0x0000000000000000        0x0 binaries/atol.o
 .note.GNU-stack
                0x0000000000000000        0x0 binaries/bzero.o
 .note.GNU-stack
                0x0000000000000000        0x0 binaries/ctype_.o
 .note.GNU-stack
                0x0000000000000000        0x0 binaries/doprnt.o
 .note.GNU-stack
                0x0000000000000000        0x0 binaries/doscan.o
 .note.GNU-stack
                0x0000000000000000        0x0 binaries/fdoprnt.o
 .note.GNU-stack
                0x0000000000000000        0x0 binaries/fgetc.o
 .note.GNU-stack
                0x0000000000000000        0x0 binaries/fgets.o
 .note.GNU-stack
                0x0000000000000000        0x0 binaries/fprintf.o
 .note.GNU-stack
                0x0000000000000000        0x0 binaries/fputc.o
 .note.GNU-stack
                0x0000000000000000        0x0 binaries/fputs.o
 .note.GNU-stack
                0x0000000000000000        0x0 binaries/fscanf.o
 .note.GNU-stack
                0x0000000000000000        0x0 binaries/getchar.o
 .note.GNU-stack
                0x0000000000000000        0x0 binaries/labs.o
 .note.GNU-stack
                0x0000000000000000        0x0 binaries/memchr.o
 .note.GNU-stack
                0x0000000000000000        0x0 binaries/memcmp.o
 .note.GNU-stack
                0x0000000000000000        0x0 binaries/memcpy.o
 .note.GNU-stack
                0x0000000000000000        0x0 binaries/memset.o
 .note.GNU-stack
                0x0000000000000000        0x0 binaries/printf.o
 .note.GNU-stack
                0x0000000000000000        0x0 binaries/putchar.o
 .note.GNU-stack
                0x0000000000000000        0x0 binaries/qsort.o
 .note.GNU-stack
                0x0000000000000000        0x0 binaries/rand.o
 .note.GNU-stack
                0x0000000000000000        0x0 binaries/sprintf.o
 .note.GNU-stack
                0x0000000000000000        0x0 binaries/sscanf.o
 .note.GNU-stack
                0x0000000000000000        0x0 binaries/strchr.o
 .note.GNU-stack
                0x0000000000000000        0x0 binaries/strcmp.o
 .note.GNU-stack
                0x0000000000000000        0x0 binaries/strcpy.o
 .note.GNU-stack
                0x0000000000000000        0x0 binaries/strlen.o
 .note.GNU-stack
                0x0000000000000000        0x0 binaries/strncat.o
 .note.GNU-stack
                0x0000000000000000        0x0 binaries/strncmp.o
 .note.GNU-stack
                0x0000000000000000        0x0 binaries/strncpy.o
 .note.GNU-stack
                0x0000000000000000        0x0 binaries/strnlen.o
 .note.GNU-stack
                0x0000000000000000        0x0 binaries/strrchr.o
 .note.GNU-stack
                0x0000000000000000        0x0 binaries/strstr.o
 .note.GNU-stack
                0x0000000000000000        0x0 binaries/ttycontrol.o
 .note.GNU-stack
                0x0000000000000000        0x0 binaries/ttygetc.o
 .note.GNU-stack
                0x0000000000000000        0x0 binaries/ttyhandle_in.o
 .note.GNU-stack
                0x0000000000000000        0x0 binaries/ttyhandle_out.o
 .note.GNU-stack
                0x0000000000000000        0x0 binaries/ttyhandler.o
 .note.GNU-stack
                0x0000000000000000        0x0 binaries/ttyinit.o
 .note.GNU-stack
                0x0000000000000000        0x0 binaries/ttykickout.o
 .note.GNU-stack
                0x0000000000000000        0x0 binaries/ttyputc.o
 .note.GNU-stack
                0x0000000000000000        0x0 binaries/ttyread.o
 .note.GNU-stack
                0x0000000000000000        0x0 binaries/ttywrite.o
 .note.GNU-stack
                0x0000000000000000        0x0 binaries/mount.o
 .note.GNU-stack
                0x0000000000000000        0x0 binaries/naminit.o
 .note.GNU-stack
                0x0000000000000000        0x0 binaries/nammap.o
 .note.GNU-stack
                0x0000000000000000        0x0 binaries/namopen.o
 .note.GNU-stack
                0x0000000000000000        0x0 binaries/colon2mac.o
 .note.GNU-stack
                0x0000000000000000        0x0 binaries/ethcontrol.o
 .note.GNU-stack
                0x0000000000000000        0x0 binaries/ethhandler.o
 .note.GNU-stack
                0x0000000000000000        0x0 binaries/ethinit.o
 .note.GNU-stack
                0x0000000000000000        0x0 binaries/ethmcast.o
 .note.GNU-stack
                0x0000000000000000        0x0 binaries/ethread.o
 .note.GNU-stack
                0x0000000000000000        0x0 binaries/ethwrite.o
 .note.GNU-stack
                0x0000000000000000        0x0 binaries/rdsbufalloc.o
 .note.GNU-stack
                0x0000000000000000        0x0 binaries/rdsclose.o
 .note.GNU-stack
                0x0000000000000000        0x0 binaries/rdscomm.o
 .note.GNU-stack
                0x0000000000000000        0x0 binaries/rdscontrol.o
 .note.GNU-stack
                0x0000000000000000        0x0 binaries/rdsinit.o
 .note.GNU-stack
                0x0000000000000000        0x0 binaries/rdsopen.o
 .note.GNU-stack
                0x0000000000000000        0x0 binaries/rdsprocess.o
 .note.GNU-stack
                0x0000000000000000        0x0 binaries/rdsread.o
 .note.GNU-stack
                0x0000000000000000        0x0 binaries/rdswrite.o
 .note.GNU-stack
                0x0000000000000000        0x0 binaries/ramclose.o
 .note.GNU-stack
                0x0000000000000000        0x0 binaries/raminit.o
 .note.GNU-stack
                0x0000000000000000        0x0 binaries/ramopen.o
 .note.GNU-stack
                0x0000000000000000        0x0 binaries/ramread.o
 .note.GNU-stack
                0x0000000000000000        0x0 binaries/ramwrite.o
 .note.GNU-stack
                0x0000000000000000        0x0 binaries/lfdballoc.o
 .note.GNU-stack
                0x0000000000000000        0x0 binaries/lfdbfree.o
 .note.GNU-stack
                0x0000000000000000        0x0 binaries/lfflush.o
 .note.GNU-stack
                0x0000000000000000        0x0 binaries/lfgetmode.o
 .note.GNU-stack
                0x0000000000000000        0x0 binaries/lfiballoc.o
 .note.GNU-stack
                0x0000000000000000        0x0 binaries/lfibclear.o
 .note.GNU-stack
                0x0000000000000000        0x0 binaries/lfibget.o
 .note.GNU-stack
                0x0000000000000000        0x0 binaries/lfibput.o
 .note.GNU-stack
                0x0000000000000000        0x0 binaries/lflclose.o
 .note.GNU-stack
                0x0000000000000000        0x0 binaries/lflcontrol.o
 .note.GNU-stack
                0x0000000000000000        0x0 binaries/lflgetc.o
 .note.GNU-stack
                0x0000000000000000        0x0 binaries/lflinit.o
 .note.GNU-stack
                0x0000000000000000        0x0 binaries/lflputc.o
 .note.GNU-stack
                0x0000000000000000        0x0 binaries/lflread.o
 .note.GNU-stack
                0x0000000000000000        0x0 binaries/lflseek.o
 .note.GNU-stack
                0x0000000000000000        0x0 binaries/lflwrite.o
 .note.GNU-stack
                0x0000000000000000        0x0 binaries/lfsckfmt.o
 .note.GNU-stack
                0x0000000000000000        0x0 binaries/lfscreate.o
 .note.GNU-stack
                0x0000000000000000        0x0 binaries/lfsetup.o
 .note.GNU-stack
                0x0000000000000000        0x0 binaries/lfsinit.o
 .note.GNU-stack
                0x0000000000000000        0x0 binaries/lfsopen.o
 .note.GNU-stack
                0x0000000000000000        0x0 binaries/lftruncate.o
 .note.GNU-stack
                0x0000000000000000        0x0 binaries/rflclose.o
 .note.GNU-stack
                0x0000000000000000        0x0 binaries/rflgetc.o
 .note.GNU-stack
                0x0000000000000000        0x0 binaries/rflinit.o
 .note.GNU-stack
                0x0000000000000000        0x0 binaries/rflputc.o
 .note.GNU-stack
                0x0000000000000000        0x0 binaries/rflread.o
 .note.GNU-stack
                0x0000000000000000        0x0 binaries/rflseek.o
 .note.GNU-stack
                0x0000000000000000        0x0 binaries/rflwrite.o
 .note.GNU-stack
                0x0000000000000000        0x0 binaries/rfscomm.o
 .note.GNU-stack
                0x0000000000000000        0x0 binaries/rfscontrol.o
 .note.GNU-stack
                0x0000000000000000        0x0 binaries/rfsgetmode.o
 .note.GNU-stack
                0x0000000000000000        0x0 binaries/rfsinit.o
 .note.GNU-stack
                0x0000000000000000        0x0 binaries/rfsndmsg.o
 .note.GNU-stack
                0x0000000000000000        0x0 binaries/rfsopen.o
 .note.GNU-stack
                0x0000000000000000        0x0 binaries/arp.o
 .note.GNU-stack
                0x0000000000000000        0x0 binaries/dhcp.o
 .note.GNU-stack
                0x0000000000000000        0x0 binaries/dot2ip.o
 .note.GNU-stack
                0x0000000000000000        0x0 binaries/hexdump.o
 .note.GNU-stack
                0x0000000000000000        0x0 binaries/icmp.o
 .note.GNU-stack
                0x0000000000000000        0x0 binaries/ip.o
 .note.GNU-stack
                0x0000000000000000        0x0 binaries/net.o
 .note.GNU-stack
                0x0000000000000000        0x0 binaries/netstart.o
 .note.GNU-stack
                0x0000000000000000        0x0 binaries/pdump.o
 .note.GNU-stack
                0x0000000000000000        0x0 binaries/tftp.o
 .note.GNU-stack
                0x0000000000000000        0x0 binaries/udp.o
 .note.GNU-stack
                0x0000000000000000        0x0 binaries/addargs.o
 .note.GNU-stack
                0x0000000000000000        0x0 binaries/lexan.o
 .note.GNU-stack
                0x0000000000000000        0x0 binaries/shell.o
 .note.GNU-stack
                0x0000000000000000        0x0 binaries/xsh_argecho.o
 .note.GNU-stack
                0x0000000000000000        0x0 binaries/xsh_arp.o
 .note.GNU-stack
                0x0000000000000000        0x0 binaries/xsh_cat.o
 .note.GNU-stack
                0x0000000000000000        0x0 binaries/xsh_clear.o
 .note.GNU-stack
                0x0000000000000000        0x0 binaries/xsh_date.o
 .note.GNU-stack
                0x0000000000000000        0x0 binaries/xsh_devdump.o
 .note.GNU-stack
                0x0000000000000000        0x0 binaries/xsh_echo.o
 .note.GNU-stack
                0x0000000000000000        0x0 binaries/xsh_exit.o
 .note.GNU-stack
                0x0000000000000000        0x0 binaries/xsh_help.o
 .note.GNU-stack
                0x0000000000000000        0x0 binaries/xsh_ipaddr.o
 .note.GNU-stack
                0x0000000000000000        0x0 binaries/xsh_kill.o
 .note.GNU-stack
                0x0000000000000000        0x0 binaries/xsh_memdump.o
 .note.GNU-stack
                0x0000000000000000        0x0 binaries/xsh_memstat.o
 .note.GNU-stack
                0x0000000000000000        0x0 binaries/xsh_ping.o
 .note.GNU-stack
                0x0000000000000000        0x0 binaries/xsh_ps.o
 .note.GNU-stack
                0x0000000000000000        0x0 binaries/xsh_sleep.o
 .note.GNU-stack
                0x0000000000000000        0x0 binaries/xsh_udpdump.o
 .note.GNU-stack
                0x0000000000000000        0x0 binaries/xsh_udpecho.o
 .note.GNU-stack
                0x0000000000000000        0x0 binaries/xsh_udpeserver.o
 .note.GNU-stack
                0x0000000000000000        0x0 binaries/xsh_uptime.o
