
Allocating common symbols
Common symbol       size              file

netbufpool          0x4               binaries/net.o
readylist           0x2               binaries/ready.o
rfltab              0x5a0             binaries/rflinit.o
sleepq              0x2               binaries/clkinit.o
heap_queue          0x644             binaries/ascdate.o
nnames              0x4               binaries/naminit.o
udptab              0x168             binaries/udp.o
minheap             0x4               binaries/meminit.o
marks               0x50              binaries/mark.o
currpid             0x4               binaries/initialize.o
Lf_data             0x20c             binaries/lfsinit.o
porttab             0x2d0             binaries/ptinit.o
girmask             0x2               binaries/evec.o
ttytab              0x10c             binaries/ttyinit.o
proctab             0x1a90            binaries/initialize.o
total_ready_proc    0x4               binaries/initialize.o
prcount             0x4               binaries/initialize.o
lfltab              0xf00             binaries/lflinit.o
rdstab              0x8c              binaries/rdsinit.o
ethertab            0x138             binaries/ethinit.o
NetData             0xa8              binaries/net.o
nmarks              0x4               binaries/mark.o
Defer               0x8               binaries/resched.o
semtab              0x4b0             binaries/initialize.o
maxheap             0x4               binaries/meminit.o
preempt             0x4               binaries/clkinit.o
buftab              0xf0              binaries/bufinit.o
Rf_data             0x18              binaries/rfsinit.o
total_cpu_usage     0x4               binaries/initialize.o
clktimefine         0x4               binaries/clkinit.o
mkmutex             0x4               binaries/mark.o
clktime             0x4               binaries/clkinit.o
sp                  0x4               binaries/stacksmashA.o
arpcache            0x140             binaries/arp.o
icmptab             0x230             binaries/icmp.o
nbpools             0x4               binaries/bufinit.o
queuetab            0x980             binaries/queue.o
ptnextid            0x4               binaries/ptinit.o
Ram                 0x19000           binaries/raminit.o
ipoqueue            0x2c              binaries/ip.o
memlist             0x8               binaries/initialize.o
nametab             0x19a0            binaries/naminit.o
ptfree              0x4               binaries/ptinit.o

Memory Configuration

Name             Origin             Length             Attributes
*default*        0x0000000000000000 0xffffffffffffffff

Linker script and memory map

                0x0000000000100000                physbase = 0x100000
                0x0000000000100000                . = physbase
                0x0000000000100000                . = ALIGN (0x1000)

.text           0x0000000000100000    0x15000
                0x0000000000100000                text = ABSOLUTE (.)
 *(.text .text.*)
 .text          0x0000000000100000      0x1ac binaries/start.o
                0x0000000000100028                start
                0x00000000001000fa                inb
                0x0000000000100102                inw
                0x000000000010010b                inl
                0x0000000000100113                outb
                0x000000000010011d                outw
                0x0000000000100128                outl
                0x0000000000100132                _rtcin
                0x000000000010013d                ___udivsi3
                0x0000000000100148                ___divsi3
                0x0000000000100154                sbzero
                0x0000000000100164                bcopy
                0x0000000000100178                insw
                0x000000000010018e                outsw
                0x00000000001001a4                lidt
 .text          0x00000000001001ac      0x2b9 binaries/ascdate.o
                0x00000000001001ac                ascdate
 .text          0x0000000000100465       0x14 binaries/bufinit.o
                0x0000000000100465                bufinit
 .text          0x0000000000100479       0x62 binaries/chprio.o
                0x0000000000100479                chprio
 .text          0x00000000001004db       0x93 binaries/clkhandler.o
                0x00000000001004db                clkhandler
 .text          0x000000000010056e       0x67 binaries/clkinit.o
                0x000000000010056e                clkinit
 .text          0x00000000001005d5       0x56 binaries/close.o
                0x00000000001005d5                close
 .text          0x000000000010062b        0x0 binaries/conf.o
 .text          0x000000000010062b       0x5c binaries/control.o
                0x000000000010062b                control
 .text          0x0000000000100687       0x19 binaries/cpubnd.o
                0x0000000000100687                cpubnd
 .text          0x00000000001006a0      0x247 binaries/create.o
                0x00000000001006a0                create
 .text          0x00000000001008e7      0x20e binaries/early_imr.o
                0x00000000001008e7                intel_cln_early_sb_read_reg
                0x000000000010093e                intel_cln_early_sb_write_reg
                0x00000000001009f8                remove_irm_protections
 .text          0x0000000000100af5      0x2e4 binaries/evec.o
                0x0000000000100af5                setirmask
                0x0000000000100b2d                set_evec
                0x0000000000100b88                initevec
                0x0000000000100c5a                trap
 .text          0x0000000000100dd9       0x7f binaries/freebuf.o
                0x0000000000100dd9                freebuf
 .text          0x0000000000100e58      0x108 binaries/freemem.o
                0x0000000000100e58                freemem
 .text          0x0000000000100f60       0x6e binaries/getbuf.o
                0x0000000000100f60                getbuf
 .text          0x0000000000100fce       0x56 binaries/getc.o
                0x0000000000100fce                getc
 .text          0x0000000000101024       0x69 binaries/getdev.o
                0x0000000000101024                getdev
 .text          0x000000000010108d       0x82 binaries/getitem.o
                0x000000000010108d                getitem
                0x00000000001010bc                getfirst
                0x00000000001010e3                getlast
 .text          0x000000000010110f       0xc2 binaries/getmem.o
                0x000000000010110f                getmem
 .text          0x00000000001011d1        0xa binaries/getpid.o
                0x00000000001011d1                getpid
 .text          0x00000000001011db       0x56 binaries/getprio.o
                0x00000000001011db                getprio
 .text          0x0000000000101231       0xac binaries/getstk.o
                0x0000000000101231                getstk
 .text          0x00000000001012dd       0x32 binaries/gettime.o
                0x00000000001012dd                gettime
 .text          0x000000000010130f      0x18c binaries/getutime.o
                0x000000000010130f                getutime
 .text          0x000000000010149b       0x56 binaries/init.o
                0x000000000010149b                init
 .text          0x00000000001014f1      0x256 binaries/initialize.o
                0x00000000001014f1                nulluser
                0x00000000001016fd                stop
                0x0000000000101721                delay
 .text          0x0000000000101747       0x99 binaries/insert.o
                0x0000000000101747                insert
 .text          0x00000000001017e0       0x99 binaries/insert_new.o
                0x00000000001017e0                insert_new
 .text          0x0000000000101879       0xe9 binaries/insertd.o
                0x0000000000101879                insertd
 .text          0x0000000000101962       0x2d binaries/iobnd.o
                0x0000000000101962                iobnd
 .text          0x000000000010198f        0xa binaries/ioerr.o
                0x000000000010198f                ioerr
 .text          0x0000000000101999        0xa binaries/ionull.o
                0x0000000000101999                ionull
 .text          0x00000000001019a3      0x164 binaries/kill.o
                0x00000000001019a3                kill
 .text          0x0000000000101b07       0xa9 binaries/kprintf.o
                0x0000000000101b07                kputc
                0x0000000000101b39                console_init
                0x0000000000101b6c                kgetc
                0x0000000000101b92                kprintf
 .text          0x0000000000101bb0      0x118 binaries/main.o
                0x0000000000101bb0                p1
                0x0000000000101bce                p2
                0x0000000000101bec                main
 .text          0x0000000000101cc8       0x99 binaries/mark.o
                0x0000000000101cc8                markinit
                0x0000000000101ce9                mark
 .text          0x0000000000101d61      0x1ff binaries/meminit.o
                0x0000000000101d61                meminit
                0x0000000000101ef0                setsegs
 .text          0x0000000000101f60      0x3f9 binaries/minheap.o
                0x0000000000101f60                newheap
                0x0000000000101f74                h_insert
                0x0000000000102019                shiftdown
                0x0000000000102088                shiftUp
                0x00000000001020fd                removeAt
                0x0000000000102177                removeMin
                0x00000000001021b2                h_remove
                0x0000000000102220                heapgetitem
                0x0000000000102235                h_enqueue
                0x000000000010225c                heapinsert
                0x000000000010227e                h_dequeue
                0x00000000001022cf                heapgethead
                0x0000000000102302                heapminkey
                0x0000000000102347                initQueue
 .text          0x0000000000102359      0x122 binaries/mkbufpool.o
                0x0000000000102359                mkbufpool
 .text          0x000000000010247b        0xc binaries/net2hostlasm.o
                0x000000000010247b                net2hostlasm
 .text          0x0000000000102487       0x63 binaries/newqueue.o
                0x0000000000102487                newqueue
 .text          0x00000000001024ea       0x63 binaries/newqueuereverse.o
                0x00000000001024ea                newqueuereverse
 .text          0x000000000010254d       0x5c binaries/open.o
                0x000000000010254d                open
 .text          0x00000000001025a9       0x20 binaries/panic.o
                0x00000000001025a9                panic
 .text          0x00000000001025c9      0x282 binaries/pci.o
                0x00000000001025c9                pci_init
                0x00000000001025d3                find_pci_device
                0x0000000000102692                pci_read_config_byte
                0x00000000001026d0                pci_read_config_word
                0x0000000000102710                pci_read_config_dword
                0x000000000010274e                pci_write_config_byte
                0x000000000010278a                pci_write_config_word
                0x00000000001027c7                pci_write_config_dword
                0x0000000000102803                pci_get_dev_mmio_base_addr
 .text          0x000000000010284b       0x50 binaries/platinit.o
                0x000000000010284b                platinit
 .text          0x000000000010289b       0xfd binaries/printsegaddr.o
                0x000000000010289b                printsegaddr
 .text          0x0000000000102998       0xa9 binaries/ptclear.o
                0x0000000000102998                _ptclear
 .text          0x0000000000102a41       0x85 binaries/ptcount.o
                0x0000000000102a41                ptcount
 .text          0x0000000000102ac6       0xfe binaries/ptcreate.o
                0x0000000000102ac6                ptcreate
 .text          0x0000000000102bc4       0x63 binaries/ptdelete.o
                0x0000000000102bc4                ptdelete
 .text          0x0000000000102c27       0x91 binaries/ptinit.o
                0x0000000000102c27                ptinit
 .text          0x0000000000102cb8       0xf5 binaries/ptrecv.o
                0x0000000000102cb8                ptrecv
 .text          0x0000000000102dad       0x66 binaries/ptreset.o
                0x0000000000102dad                ptreset
 .text          0x0000000000102e13      0x115 binaries/ptsend.o
                0x0000000000102e13                ptsend
 .text          0x0000000000102f28       0x64 binaries/putc.o
                0x0000000000102f28                putc
 .text          0x0000000000102f8c       0xb3 binaries/quark_irq.o
                0x0000000000102f8c                quark_irq_routing
 .text          0x000000000010303f      0x19a binaries/quark_pdat.o
                0x000000000010303f                get_quark_pdat_entry_data_by_id
                0x0000000000103109                get_quark_pdat_entry_data_by_desc
 .text          0x00000000001031d9       0xaf binaries/queue.o
                0x00000000001031d9                enqueue
                0x000000000010323d                dequeue
 .text          0x0000000000103288      0x231 binaries/rcreate.o
                0x0000000000103288                rcreate
 .text          0x00000000001034b9       0x5c binaries/read.o
                0x00000000001034b9                read
 .text          0x0000000000103515       0x5b binaries/ready.o
                0x0000000000103515                ready
 .text          0x0000000000103570       0x5a binaries/receive.o
                0x0000000000103570                receive
 .text          0x00000000001035ca       0x49 binaries/recvclr.o
                0x00000000001035ca                recvclr
 .text          0x0000000000103613       0xb4 binaries/recvtime.o
                0x0000000000103613                recvtime
 .text          0x00000000001036c7      0x172 binaries/resched.o
                0x00000000001036c7                resched
                0x00000000001037c7                resched_cntl
 .text          0x0000000000103839       0x7f binaries/resume.o
                0x0000000000103839                resume
 .text          0x00000000001038b8       0x59 binaries/seek.o
                0x00000000001038b8                seek
 .text          0x0000000000103911       0x51 binaries/semcount.o
                0x0000000000103911                semcount
 .text          0x0000000000103962       0x93 binaries/semcreate.o
                0x0000000000103962                semcreate
 .text          0x00000000001039f5       0xd1 binaries/semdelete.o
                0x00000000001039f5                semdelete
 .text          0x0000000000103ac6       0xa8 binaries/semreset.o
                0x0000000000103ac6                semreset
 .text          0x0000000000103b6e       0xb6 binaries/send.o
                0x0000000000103b6e                send
 .text          0x0000000000103c24       0x95 binaries/signal.o
                0x0000000000103c24                signal
 .text          0x0000000000103cb9       0xc2 binaries/signaln.o
                0x0000000000103cb9                signaln
 .text          0x0000000000103d7b       0xc0 binaries/sleep.o
                0x0000000000103d7b                sleepms
                0x0000000000103e05                sleep
 .text          0x0000000000103e3b       0x30 binaries/stacksmashA.o
                0x0000000000103e3b                stacksmashA
 .text          0x0000000000103e6b       0x4e binaries/stacksmashV.o
                0x0000000000103e6b                stacksmashV
 .text          0x0000000000103eb9      0x199 binaries/stacktrace.o
                0x0000000000103eb9                stacktrace
 .text          0x0000000000104052       0xb1 binaries/suspend.o
                0x0000000000104052                suspend
 .text          0x0000000000104103       0x24 binaries/takeover.o
                0x0000000000104103                takeover
 .text          0x0000000000104127       0x92 binaries/unsleep.o
                0x0000000000104127                unsleep
 .text          0x00000000001041b9       0x19 binaries/userret.o
                0x00000000001041b9                userret
 .text          0x00000000001041d2       0xb2 binaries/wait.o
                0x00000000001041d2                wait
 .text          0x0000000000104284       0x71 binaries/wakeup.o
                0x0000000000104284                wakeup
 .text          0x00000000001042f5       0x5c binaries/write.o
                0x00000000001042f5                write
 .text          0x0000000000104351       0x1a binaries/xdone.o
                0x0000000000104351                xdone
 .text          0x000000000010436b       0x26 binaries/yield.o
                0x000000000010436b                yield
 .text          0x0000000000104391       0x11 binaries/abs.o
                0x0000000000104391                abs
 .text          0x00000000001043a2       0x84 binaries/atoi.o
                0x00000000001043a2                atoi
 .text          0x0000000000104426       0x84 binaries/atol.o
                0x0000000000104426                atol
 .text          0x00000000001044aa       0x1a binaries/bzero.o
                0x00000000001044aa                bzero
 .text          0x00000000001044c4        0x0 binaries/ctype_.o
 .text          0x00000000001044c4      0x6bf binaries/doprnt.o
                0x0000000000104617                _doprnt
 .text          0x0000000000104b83      0x5f2 binaries/doscan.o
                0x0000000000104b83                _doscan
 .text          0x0000000000105175      0x64e binaries/fdoprnt.o
                0x00000000001051fa                _fdoprnt
 .text          0x00000000001057c3       0x1c binaries/fgetc.o
                0x00000000001057c3                fgetc
 .text          0x00000000001057df       0x61 binaries/fgets.o
                0x00000000001057df                fgets
 .text          0x0000000000105840       0x21 binaries/fprintf.o
                0x0000000000105840                fprintf
 .text          0x0000000000105861       0x27 binaries/fputc.o
                0x0000000000105861                fputc
 .text          0x0000000000105888       0x3a binaries/fputs.o
                0x0000000000105888                fputs
 .text          0x00000000001058c2       0x6a binaries/fscanf.o
                0x0000000000105900                fscanf
 .text          0x000000000010592c       0x20 binaries/getchar.o
                0x000000000010592c                getchar
 .text          0x000000000010594c       0x11 binaries/labs.o
                0x000000000010594c                labs
 .text          0x000000000010595d       0x36 binaries/memchr.o
                0x000000000010595d                memchr
 .text          0x0000000000105993       0x4a binaries/memcmp.o
                0x0000000000105993                memcmp
 .text          0x00000000001059dd       0x26 binaries/memcpy.o
                0x00000000001059dd                memcpy
 .text          0x0000000000105a03       0x1f binaries/memset.o
                0x0000000000105a03                memset
 .text          0x0000000000105a22       0x31 binaries/printf.o
                0x0000000000105a22                printf
 .text          0x0000000000105a53       0x23 binaries/putchar.o
                0x0000000000105a53                putchar
 .text          0x0000000000105a76      0x1cc binaries/qsort.o
                0x0000000000105c1a                qsort
 .text          0x0000000000105c42       0x4c binaries/rand.o
                0x0000000000105c42                srand
                0x0000000000105c4f                rand
 .text          0x0000000000105c8e       0x48 binaries/sprintf.o
                0x0000000000105ca7                sprintf
 .text          0x0000000000105cd6       0x5a binaries/sscanf.o
                0x0000000000105d06                sscanf
 .text          0x0000000000105d30       0x2f binaries/strchr.o
                0x0000000000105d30                strchr
 .text          0x0000000000105d5f       0x45 binaries/strcmp.o
                0x0000000000105d5f                strcmp
 .text          0x0000000000105da4       0x1c binaries/strcpy.o
                0x0000000000105da4                strcpy
 .text          0x0000000000105dc0       0x20 binaries/strlen.o
                0x0000000000105dc0                strlen
 .text          0x0000000000105de0       0x3d binaries/strncat.o
                0x0000000000105de0                strncat
 .text          0x0000000000105e1d       0x3b binaries/strncmp.o
                0x0000000000105e1d                strncmp
 .text          0x0000000000105e58       0x59 binaries/strncpy.o
                0x0000000000105e58                strncpy
 .text          0x0000000000105eb1       0x38 binaries/strnlen.o
                0x0000000000105eb1                strnlen
 .text          0x0000000000105ee9       0x32 binaries/strrchr.o
                0x0000000000105ee9                strrchr
 .text          0x0000000000105f1b       0x68 binaries/strstr.o
                0x0000000000105f1b                strstr
 .text          0x0000000000105f83      0x112 binaries/ttycontrol.o
                0x0000000000105f83                ttycontrol
 .text          0x0000000000106095       0xb0 binaries/ttygetc.o
                0x0000000000106095                ttygetc
 .text          0x0000000000106145      0x4a3 binaries/ttyhandle_in.o
                0x0000000000106209                ttyhandle_in
 .text          0x00000000001065e8      0x178 binaries/ttyhandle_out.o
                0x00000000001065e8                ttyhandle_out
 .text          0x0000000000106760       0x85 binaries/ttyhandler.o
                0x0000000000106760                ttyhandler
 .text          0x00000000001067e5      0x15d binaries/ttyinit.o
                0x00000000001067e5                ttyinit
 .text          0x0000000000106942        0xf binaries/ttykickout.o
                0x0000000000106942                ttykickout
 .text          0x0000000000106951       0xb2 binaries/ttyputc.o
                0x0000000000106951                ttyputc
 .text          0x0000000000106a03       0xff binaries/ttyread.o
                0x0000000000106a03                ttyread
 .text          0x0000000000106b02       0x4d binaries/ttywrite.o
                0x0000000000106b02                ttywrite
 .text          0x0000000000106b4f      0x129 binaries/mount.o
                0x0000000000106b4f                namlen
                0x0000000000106b8b                mount
 .text          0x0000000000106c78      0x1c4 binaries/naminit.o
                0x0000000000106c78                naminit
 .text          0x0000000000106e3c      0x1fe binaries/nammap.o
                0x0000000000106e3c                namrepl
                0x0000000000106f5f                namcpy
                0x0000000000106fad                nammap
 .text          0x000000000010703a       0x44 binaries/namopen.o
                0x000000000010703a                namopen
 .text          0x000000000010707e       0xd4 binaries/colon2mac.o
                0x000000000010707e                colon2mac
 .text          0x0000000000107152       0x7d binaries/ethcontrol.o
                0x0000000000107152                ethcontrol
 .text          0x00000000001071cf      0x17e binaries/ethhandler.o
                0x00000000001071cf                ethhandler
 .text          0x000000000010734d      0x548 binaries/ethinit.o
                0x000000000010734d                eth_phy_read
                0x000000000010738d                eth_phy_write
                0x00000000001073ce                eth_phy_reset
                0x00000000001074a8                ethinit
 .text          0x0000000000107895      0x107 binaries/ethmcast.o
                0x0000000000107895                ethmcast_add
                0x00000000001078e1                ethmcast_remove
 .text          0x000000000010799c      0x172 binaries/ethread.o
                0x000000000010799c                ethread
 .text          0x0000000000107b0e       0xc1 binaries/ethwrite.o
                0x0000000000107b0e                ethwrite
 .text          0x0000000000107bcf       0x68 binaries/rdsbufalloc.o
                0x0000000000107bcf                rdsbufalloc
 .text          0x0000000000107c37       0xd6 binaries/rdsclose.o
                0x0000000000107c37                rdsclose
 .text          0x0000000000107d0d      0x1df binaries/rdscomm.o
                0x0000000000107d0d                rdscomm
 .text          0x0000000000107eec      0x1c4 binaries/rdscontrol.o
                0x0000000000107eec                rdscontrol
 .text          0x00000000001080b0      0x1f8 binaries/rdsinit.o
                0x00000000001080b0                rdsinit
 .text          0x00000000001082a8      0x199 binaries/rdsopen.o
                0x00000000001082a8                rdsopen
 .text          0x0000000000108441      0x2c5 binaries/rdsprocess.o
                0x0000000000108441                rdsprocess
 .text          0x0000000000108706      0x1d8 binaries/rdsread.o
                0x0000000000108706                rdsread
 .text          0x00000000001088de      0x1ae binaries/rdswrite.o
                0x00000000001088de                rdswrite
 .text          0x0000000000108a8c        0xa binaries/ramclose.o
                0x0000000000108a8c                ramclose
 .text          0x0000000000108a96       0x35 binaries/raminit.o
                0x0000000000108a96                raminit
 .text          0x0000000000108acb        0xa binaries/ramopen.o
                0x0000000000108acb                ramopen
 .text          0x0000000000108ad5       0x26 binaries/ramread.o
                0x0000000000108ad5                ramread
 .text          0x0000000000108afb       0x26 binaries/ramwrite.o
                0x0000000000108afb                ramwrite
 .text          0x0000000000108b21       0x87 binaries/lfdballoc.o
                0x0000000000108b21                lfdballoc
 .text          0x0000000000108ba8       0x49 binaries/lfdbfree.o
                0x0000000000108ba8                lfdbfree
 .text          0x0000000000108bf1       0xa1 binaries/lfflush.o
                0x0000000000108bf1                lfflush
 .text          0x0000000000108c92       0x82 binaries/lfgetmode.o
                0x0000000000108c92                lfgetmode
 .text          0x0000000000108d14       0x60 binaries/lfiballoc.o
                0x0000000000108d14                lfiballoc
 .text          0x0000000000108d74       0x27 binaries/lfibclear.o
                0x0000000000108d74                lfibclear
 .text          0x0000000000108d9b       0x6c binaries/lfibget.o
                0x0000000000108d9b                lfibget
 .text          0x0000000000108e07       0x88 binaries/lfibput.o
                0x0000000000108e07                lfibput
 .text          0x0000000000108e8f       0xa4 binaries/lflclose.o
                0x0000000000108e8f                lflclose
 .text          0x0000000000108f33       0xc2 binaries/lflcontrol.o
                0x0000000000108f33                lflcontrol
 .text          0x0000000000108ff5       0xfd binaries/lflgetc.o
                0x0000000000108ff5                lflgetc
 .text          0x00000000001090f2       0xe7 binaries/lflinit.o
                0x00000000001090f2                lflinit
 .text          0x00000000001091d9      0x12f binaries/lflputc.o
                0x00000000001091d9                lflputc
 .text          0x0000000000109308       0x6b binaries/lflread.o
                0x0000000000109308                lflread
 .text          0x0000000000109373       0xbd binaries/lflseek.o
                0x0000000000109373                lflseek
 .text          0x0000000000109430       0x52 binaries/lflwrite.o
                0x0000000000109430                lflwrite
 .text          0x0000000000109482      0x114 binaries/lfsckfmt.o
                0x0000000000109482                lfsckfmt
 .text          0x0000000000109596      0x1e6 binaries/lfscreate.o
                0x0000000000109596                lfscreate
 .text          0x000000000010977c      0x1b1 binaries/lfsetup.o
                0x000000000010977c                lfsetup
 .text          0x000000000010992d       0x45 binaries/lfsinit.o
                0x000000000010992d                lfsinit
 .text          0x0000000000109972      0x302 binaries/lfsopen.o
                0x0000000000109972                lfsopen
 .text          0x0000000000109c74      0x112 binaries/lftruncate.o
                0x0000000000109c74                lftruncate
 .text          0x0000000000109d86       0x69 binaries/rflclose.o
                0x0000000000109d86                rflclose
 .text          0x0000000000109def       0x29 binaries/rflgetc.o
                0x0000000000109def                rflgetc
 .text          0x0000000000109e18       0x6c binaries/rflinit.o
                0x0000000000109e18                rflinit
 .text          0x0000000000109e84       0x29 binaries/rflputc.o
                0x0000000000109e84                rflputc
 .text          0x0000000000109ead      0x2b6 binaries/rflread.o
                0x0000000000109ead                rflread
 .text          0x000000000010a163       0x68 binaries/rflseek.o
                0x000000000010a163                rflseek
 .text          0x000000000010a1cb      0x2fa binaries/rflwrite.o
                0x000000000010a1cb                rflwrite
 .text          0x000000000010a4c5      0x17d binaries/rfscomm.o
                0x000000000010a4c5                rfscomm
 .text          0x000000000010a642      0x22b binaries/rfscontrol.o
                0x000000000010a642                rfscontrol
 .text          0x000000000010a86d       0x82 binaries/rfsgetmode.o
                0x000000000010a86d                rfsgetmode
 .text          0x000000000010a8ef       0x7e binaries/rfsinit.o
                0x000000000010a8ef                rfsinit
 .text          0x000000000010a96d       0xad binaries/rfsndmsg.o
                0x000000000010a96d                rfsndmsg
 .text          0x000000000010aa1a      0x243 binaries/rfsopen.o
                0x000000000010aa1a                rfsopen
 .text          0x000000000010ac5d      0x626 binaries/arp.o
                0x000000000010ac5d                arp_init
                0x000000000010ac79                arp_alloc
                0x000000000010ad20                arp_ntoh
                0x000000000010ad8d                arp_hton
                0x000000000010adfa                arp_resolve
                0x000000000010b04b                arp_in
 .text          0x000000000010b283      0x5ed binaries/dhcp.o
                0x000000000010b283                dhcp_get_opt_val
                0x000000000010b2d7                dhcp_bld_bootp_msg
                0x000000000010b3a9                dhcp_bld_disc
                0x000000000010b3fb                dhcp_bld_req
                0x000000000010b496                getlocalip
 .text          0x000000000010b870       0xda binaries/dot2ip.o
                0x000000000010b870                dot2ip
 .text          0x000000000010b94a      0x38c binaries/hexdump.o
                0x000000000010b94a                hexdump
                0x000000000010baa4                hexadump
 .text          0x000000000010bcd6      0x6f6 binaries/icmp.o
                0x000000000010bcd6                icmp_init
                0x000000000010bcf2                icmp_register
                0x000000000010bdb0                icmp_recv
                0x000000000010bf53                icmp_mkpkt
                0x000000000010c020                icmp_in
                0x000000000010c1ba                icmp_send
                0x000000000010c229                icmp_release
                0x000000000010c344                icmp_cksum
                0x000000000010c39e                icmp_hton
                0x000000000010c3b5                icmp_ntoh
 .text          0x000000000010c3cc      0x5e2 binaries/ip.o
                0x000000000010c3cc                ip_local
                0x000000000010c40c                ipcksum
                0x000000000010c462                ip_ntoh
                0x000000000010c4cf                ip_in
                0x000000000010c5f4                ip_hton
                0x000000000010c661                ip_out
                0x000000000010c717                ip_send
                0x000000000010c822                ipout
                0x000000000010c915                ip_enqueue
 .text          0x000000000010c9ae      0x1b2 binaries/net.o
                0x000000000010c9ae                net_init
                0x000000000010caa5                eth_hton
                0x000000000010cab2                eth_ntoh
                0x000000000010cabf                netin
 .text          0x000000000010cb60       0xb9 binaries/netstart.o
                0x000000000010cb60                netstart
 .text          0x000000000010cc19      0xa30 binaries/pdump.o
                0x000000000010cc19                pdump
                0x000000000010d1fe                pdumph
 .text          0x000000000010d649      0x5b8 binaries/tftp.o
                0x000000000010d649                tftp_send1
                0x000000000010d75d                tftpget_mb
                0x000000000010dbde                tftpget
 .text          0x000000000010dc01      0xa17 binaries/udp.o
                0x000000000010dc01                udp_init
                0x000000000010dc42                udp_in
                0x000000000010dd6b                udp_register
                0x000000000010de7c                udp_recv
                0x000000000010e015                udp_recvaddr
                0x000000000010e1c2                udp_send
                0x000000000010e370                udp_sendto
                0x000000000010e4d9                udp_release
                0x000000000010e5ea                udp_ntoh
                0x000000000010e601                udp_hton
 .text          0x000000000010e618      0x114 binaries/addargs.o
                0x000000000010e618                addargs
 .text          0x000000000010e72c      0x1db binaries/lexan.o
                0x000000000010e72c                lexan
 .text          0x000000000010e907      0x645 binaries/shell.o
                0x000000000010e907                shell
 .text          0x000000000010ef4c       0x59 binaries/xsh_argecho.o
                0x000000000010ef4c                xsh_argecho
 .text          0x000000000010efa5      0x1fb binaries/xsh_arp.o
                0x000000000010efa5                xsh_arp
 .text          0x000000000010f1a0      0x1ed binaries/xsh_cat.o
                0x000000000010f1a0                xsh_cat
 .text          0x000000000010f38d       0x52 binaries/xsh_clear.o
                0x000000000010f38d                xsh_clear
 .text          0x000000000010f3df      0x287 binaries/xsh_date.o
                0x000000000010f3df                xsh_date
 .text          0x000000000010f666       0x83 binaries/xsh_devdump.o
                0x000000000010f666                xsh_devdump
 .text          0x000000000010f6e9       0x63 binaries/xsh_echo.o
                0x000000000010f6e9                xsh_echo
 .text          0x000000000010f74c        0xa binaries/xsh_exit.o
                0x000000000010f74c                xsh_exit
 .text          0x000000000010f756      0x329 binaries/xsh_help.o
                0x000000000010f756                xsh_help
 .text          0x000000000010fa7f      0x373 binaries/xsh_ipaddr.o
                0x000000000010fa7f                xsh_ipaddr
 .text          0x000000000010fdf2      0x1c0 binaries/xsh_kill.o
                0x000000000010fdf2                xsh_kill
 .text          0x000000000010ffb2      0x3cf binaries/xsh_memdump.o
                0x0000000000110078                xsh_memdump
 .text          0x0000000000110381      0x1d2 binaries/xsh_memstat.o
                0x0000000000110381                xsh_memstat
 .text          0x0000000000110553      0x110 binaries/xsh_pcount.o
                0x0000000000110553                xsh_pcount
 .text          0x0000000000110663      0x297 binaries/xsh_ping.o
                0x0000000000110663                xsh_ping
 .text          0x00000000001108fa      0x1a0 binaries/xsh_ps.o
                0x00000000001108fa                xsh_ps
 .text          0x0000000000110a9a      0x1b2 binaries/xsh_sleep.o
                0x0000000000110a9a                xsh_sleep
 .text          0x0000000000110c4c      0x1c9 binaries/xsh_udpdump.o
                0x0000000000110c4c                xsh_udpdump
 .text          0x0000000000110e15      0x3cb binaries/xsh_udpecho.o
                0x0000000000110e15                xsh_udpecho
 .text          0x00000000001111e0      0x20e binaries/xsh_udpeserver.o
                0x00000000001111e0                xsh_udpeserver
 .text          0x00000000001113ee      0x1b6 binaries/xsh_uptime.o
                0x00000000001113ee                xsh_uptime
 .text          0x00000000001115a4        0xe binaries/clkdisp.o
                0x00000000001115a4                clkdisp
 .text          0x00000000001115b2       0x19 binaries/ctxsw.o
                0x00000000001115b2                ctxsw
 .text          0x00000000001115cb      0x36b binaries/intr.o
                0x00000000001115cb                disable
                0x00000000001115d4                restore
                0x00000000001115e2                enable
                0x00000000001115e4                pause
                0x00000000001115eb                halt
                0x00000000001115f1                spurious_irq7
                0x00000000001115f6                spurious_irq15
                0x0000000000111605                _Xint0
                0x0000000000111610                _Xint1
                0x000000000011161b                _Xint2
                0x0000000000111626                _Xint3
                0x0000000000111631                _Xint4
                0x000000000011163c                _Xint5
                0x0000000000111647                _Xint6
                0x0000000000111652                _Xint7
                0x000000000011165d                _Xint8
                0x0000000000111668                _Xint9
                0x0000000000111673                _Xint10
                0x000000000011167e                _Xint11
                0x000000000011168c                _Xint12
                0x000000000011169a                _Xint13
                0x00000000001116a8                _Xint14
                0x00000000001116b6                _Xint15
                0x00000000001116c4                _Xint16
                0x00000000001116d2                _Xint17
                0x00000000001116e0                _Xint18
                0x00000000001116ee                _Xint19
                0x00000000001116fc                _Xint20
                0x000000000011170a                _Xint21
                0x0000000000111718                _Xint22
                0x0000000000111726                _Xint23
                0x0000000000111734                _Xint24
                0x0000000000111742                _Xint25
                0x0000000000111750                _Xint26
                0x000000000011175e                _Xint27
                0x000000000011176c                _Xint28
                0x000000000011177a                _Xint29
                0x0000000000111788                _Xint30
                0x0000000000111796                _Xint31
                0x00000000001117a4                _Xint32
                0x00000000001117b2                _Xint33
                0x00000000001117c0                _Xint34
                0x00000000001117ce                _Xint35
                0x00000000001117dc                _Xint36
                0x00000000001117ea                _Xint37
                0x00000000001117f8                _Xint38
                0x0000000000111806                _Xint39
                0x0000000000111814                _Xint40
                0x0000000000111822                _Xint41
                0x0000000000111830                _Xint42
                0x000000000011183e                _Xint43
                0x000000000011184c                _Xint44
                0x000000000011185a                _Xint45
                0x0000000000111868                _Xint46
                0x0000000000111876                defevec
 .text          0x0000000000111936        0xc binaries/net2hostl.o
                0x0000000000111936                net2hostl
 .text          0x0000000000111942       0x3e binaries/net2hostlgcc.o
                0x0000000000111942                net2hostlgcc
 .text          0x0000000000111980        0xf binaries/ttydispatch.o
                0x0000000000111980                ttydispatch
 .text          0x000000000011198f       0x13 binaries/ethdispatch.o
                0x000000000011198f                ethdispatch
 *(.rodata .rodata.*)
 .rodata.str1.1
                0x00000000001119a2       0x54 binaries/ascdate.o
 *fill*         0x00000000001119f6        0x2 
 .rodata.str1.4
                0x00000000001119f8       0x22 binaries/ascdate.o
 .rodata.str1.1
                0x0000000000111a1a       0x5f binaries/conf.o
 *fill*         0x0000000000111a79        0x3 
 .rodata.str1.4
                0x0000000000111a7c       0x4f binaries/early_imr.o
 *fill*         0x0000000000111acb        0x1 
 .rodata        0x0000000000111acc       0x33 binaries/early_imr.o
 .rodata.str1.1
                0x0000000000111aff      0x20c binaries/evec.o
 *fill*         0x0000000000111d0b        0x1 
 .rodata.str1.4
                0x0000000000111d0c       0x23 binaries/evec.o
 .rodata.str1.1
                0x0000000000111d2f        0xb binaries/getutime.o
 *fill*         0x0000000000111d3a        0x2 
 .rodata.str1.4
                0x0000000000111d3c       0x54 binaries/getutime.o
 .rodata.str1.1
                0x0000000000111d90       0x63 binaries/initialize.o
                                         0x67 (size before relaxing)
 *fill*         0x0000000000111df3        0x1 
 .rodata.str1.4
                0x0000000000111df4       0xd0 binaries/initialize.o
 .rodata        0x0000000000111ec4       0x20 binaries/kill.o
 .rodata.str1.1
                0x0000000000111ee4       0x19 binaries/main.o
 *fill*         0x0000000000111efd        0x3 
 .rodata.str1.4
                0x0000000000111f00      0x126 binaries/main.o
 *fill*         0x0000000000112026        0x2 
 .rodata.str1.4
                0x0000000000112028       0x23 binaries/meminit.o
 .rodata.str1.1
                0x000000000011204b       0x1b binaries/meminit.o
 .rodata.str1.1
                0x0000000000112066       0x1c binaries/minheap.o
 *fill*         0x0000000000112082        0x2 
 .rodata.str1.4
                0x0000000000112084       0x2b binaries/minheap.o
 .rodata.str1.1
                0x00000000001120af        0xf binaries/panic.o
 *fill*         0x00000000001120be        0x2 
 .rodata.str1.4
                0x00000000001120c0       0x8b binaries/printsegaddr.o
 .rodata.str1.1
                0x000000000011214b       0xb9 binaries/printsegaddr.o
                                         0xbb (size before relaxing)
 .rodata.str1.1
                0x0000000000112204       0x1c binaries/ptinit.o
 .rodata.str1.4
                0x0000000000112220       0x25 binaries/ptsend.o
 .rodata.str1.1
                0x0000000000112245       0x22 binaries/quark_pdat.o
 *fill*         0x0000000000112267        0x1 
 .rodata.str1.4
                0x0000000000112268       0x63 binaries/stacktrace.o
 .rodata.str1.1
                0x00000000001122cb       0x52 binaries/stacktrace.o
 .rodata.str1.1
                0x000000000011231d       0x14 binaries/takeover.o
 *fill*         0x0000000000112331        0x3 
 .rodata.str1.4
                0x0000000000112334       0x27 binaries/xdone.o
 *fill*         0x000000000011235b        0x5 
 .rodata        0x0000000000112360       0x81 binaries/ctype_.o
                0x0000000000112360                _ctype_
 .rodata.str1.1
                0x00000000001123e1       0x29 binaries/doprnt.o
 *fill*         0x000000000011240a        0x2 
 .rodata        0x000000000011240c       0xc4 binaries/doprnt.o
 .rodata        0x00000000001124d0       0x98 binaries/doscan.o
 .rodata.str1.1
                0x0000000000112568       0x29 binaries/fdoprnt.o
 .rodata        0x0000000000112568       0x84 binaries/fdoprnt.o
 .rodata        0x00000000001125ec       0x20 binaries/ttycontrol.o
 .rodata.str1.4
                0x000000000011260c       0x4c binaries/naminit.o
 .rodata.str1.1
                0x0000000000112658       0x32 binaries/naminit.o
                                         0x35 (size before relaxing)
 .rodata.str1.1
                0x000000000011268a       0x15 binaries/ethinit.o
 *fill*         0x000000000011269f        0x1 
 .rodata.str1.4
                0x00000000001126a0       0x2e binaries/ethinit.o
 *fill*         0x00000000001126ce        0x2 
 .rodata.str1.4
                0x00000000001126d0       0x2c binaries/rdsbufalloc.o
 .rodata.str1.4
                0x00000000001126fc       0x76 binaries/rdscomm.o
 *fill*         0x0000000000112772        0x2 
 .rodata.str1.4
                0x0000000000112774       0x48 binaries/rdscontrol.o
 .rodata.str1.4
                0x00000000001127bc       0x7e binaries/rdsinit.o
 .rodata.str1.1
                0x000000000011283a       0x18 binaries/rdsinit.o
 *fill*         0x0000000000112852        0x2 
 .rodata.str1.4
                0x0000000000112854       0x22 binaries/rdsopen.o
 *fill*         0x0000000000112876        0x2 
 .rodata.str1.4
                0x0000000000112878       0x4d binaries/rdsprocess.o
 .rodata.str1.1
                0x00000000001128c5        0x9 binaries/raminit.o
 .rodata.str1.1
                0x00000000001128ce       0x13 binaries/lfdballoc.o
 *fill*         0x00000000001128e1        0x3 
 .rodata.str1.4
                0x00000000001128e4       0x23 binaries/lfdballoc.o
 .rodata.str1.1
                0x0000000000112907       0x14 binaries/lfiballoc.o
 *fill*         0x000000000011291b        0x1 
 .rodata.str1.4
                0x000000000011291c       0x23 binaries/lflcontrol.o
 .rodata.str1.1
                0x000000000011293f       0x64 binaries/lfsckfmt.o
 *fill*         0x00000000001129a3        0x1 
 .rodata.str1.4
                0x00000000001129a4       0x51 binaries/lfsckfmt.o
 *fill*         0x00000000001129f5        0x3 
 .rodata.str1.4
                0x00000000001129f8       0x21 binaries/rflread.o
 .rodata.str1.4
                0x0000000000112a19       0x21 binaries/rflwrite.o
 *fill*         0x0000000000112a19        0x3 
 .rodata.str1.4
                0x0000000000112a1c       0x75 binaries/rfscomm.o
 *fill*         0x0000000000112a91        0x3 
 .rodata.str1.4
                0x0000000000112a94       0x23 binaries/rfscontrol.o
 *fill*         0x0000000000112ab7        0x1 
 .rodata        0x0000000000112ab8       0x18 binaries/rfscontrol.o
 .rodata.str1.1
                0x0000000000112ad0       0x10 binaries/rfsinit.o
 .rodata.str1.4
                0x0000000000112ad0       0x57 binaries/rfsinit.o
 *fill*         0x0000000000112b27        0x1 
 .rodata.str1.4
                0x0000000000112b28       0x2a binaries/rfsndmsg.o
 .rodata.str1.4
                0x0000000000112b52       0x22 binaries/rfsopen.o
 .rodata.str1.1
                0x0000000000112b52       0x19 binaries/arp.o
 *fill*         0x0000000000112b6b        0x1 
 .rodata.str1.4
                0x0000000000112b6c       0x21 binaries/arp.o
 *fill*         0x0000000000112b8d        0x3 
 .rodata.str1.4
                0x0000000000112b90       0xa6 binaries/dhcp.o
 .rodata.str1.1
                0x0000000000112c36       0x4a binaries/dhcp.o
 .rodata.str1.1
                0x0000000000112c80       0x5a binaries/hexdump.o
                                         0x61 (size before relaxing)
 *fill*         0x0000000000112cda        0x2 
 .rodata.str1.4
                0x0000000000112cdc       0x67 binaries/hexdump.o
 *fill*         0x0000000000112d43        0x1 
 .rodata.str1.4
                0x0000000000112d44       0x29 binaries/icmp.o
 .rodata.str1.1
                0x0000000000112d6d       0x4e binaries/ip.o
 *fill*         0x0000000000112dbb        0x1 
 .rodata.str1.4
                0x0000000000112dbc       0x20 binaries/ip.o
 .rodata.str1.4
                0x0000000000112ddc       0x28 binaries/net.o
 .rodata.str1.1
                0x0000000000112e04       0x27 binaries/net.o
 *fill*         0x0000000000112e2b        0x1 
 .rodata.str1.4
                0x0000000000112e2c       0xcf binaries/netstart.o
 .rodata.str1.1
                0x0000000000112efb      0x141 binaries/pdump.o
                                        0x14b (size before relaxing)
 .rodata.str1.4
                0x000000000011303c      0x126 binaries/pdump.o
 *fill*         0x0000000000113162        0x2 
 .rodata.str1.4
                0x0000000000113164      0x148 binaries/tftp.o
 .rodata.str1.1
                0x00000000001132ac        0x6 binaries/tftp.o
                                          0xa (size before relaxing)
 .rodata.str1.1
                0x00000000001132b2       0xea binaries/shell.o
                                        0x106 (size before relaxing)
 .rodata.str1.4
                0x000000000011339c      0x1c4 binaries/shell.o
 .rodata        0x0000000000113560      0x108 binaries/shell.o
                0x0000000000113560                cmdtab
 .rodata.str1.1
                0x0000000000113668       0x26 binaries/xsh_argecho.o
                                         0x28 (size before relaxing)
 .rodata.str1.1
                0x000000000011368e       0x70 binaries/xsh_arp.o
                                         0x72 (size before relaxing)
 *fill*         0x00000000001136fe        0x2 
 .rodata.str1.4
                0x0000000000113700       0xb4 binaries/xsh_arp.o
 .rodata.str1.1
                0x00000000001137b4       0x2d binaries/xsh_cat.o
                                         0x4f (size before relaxing)
 *fill*         0x00000000001137e1        0x3 
 .rodata.str1.4
                0x00000000001137e4       0x52 binaries/xsh_cat.o
                                         0x79 (size before relaxing)
 .rodata.str1.1
                0x0000000000113836       0x15 binaries/xsh_clear.o
 .rodata.str1.1
                0x000000000011384b       0x46 binaries/xsh_date.o
                                         0x5f (size before relaxing)
 *fill*         0x0000000000113891        0x3 
 .rodata.str1.4
                0x0000000000113894      0x163 binaries/xsh_date.o
 .rodata.str1.1
                0x00000000001139f7       0x5d binaries/xsh_devdump.o
 .rodata.str1.1
                0x0000000000113a54        0x4 binaries/xsh_echo.o
                                          0x9 (size before relaxing)
 .rodata.str1.1
                0x0000000000113a58       0x65 binaries/xsh_help.o
                                         0xa3 (size before relaxing)
 *fill*         0x0000000000113abd        0x3 
 .rodata.str1.4
                0x0000000000113ac0       0x7c binaries/xsh_help.o
                                         0xc6 (size before relaxing)
 .rodata.str1.1
                0x0000000000113b3c       0x9c binaries/xsh_ipaddr.o
                                         0xf8 (size before relaxing)
 .rodata.str1.4
                0x0000000000113bd8       0x4d binaries/xsh_ipaddr.o
                                         0x99 (size before relaxing)
 .rodata.str1.1
                0x0000000000113c25       0x78 binaries/xsh_kill.o
                                         0x97 (size before relaxing)
 *fill*         0x0000000000113c9d        0x3 
 .rodata.str1.4
                0x0000000000113ca0       0x4a binaries/xsh_kill.o
                                         0x96 (size before relaxing)
 .rodata.str1.1
                0x0000000000113cea       0x84 binaries/xsh_memdump.o
                                         0xa8 (size before relaxing)
 *fill*         0x0000000000113d6e        0x2 
 .rodata.str1.4
                0x0000000000113d70      0x15a binaries/xsh_memdump.o
                                        0x1aa (size before relaxing)
 .rodata.str1.1
                0x0000000000113eca       0x40 binaries/xsh_memstat.o
                                         0x79 (size before relaxing)
 *fill*         0x0000000000113f0a        0x2 
 .rodata.str1.4
                0x0000000000113f0c      0x187 binaries/xsh_memstat.o
                                        0x1af (size before relaxing)
 .rodata.str1.1
                0x0000000000114093       0x1a binaries/xsh_pcount.o
                                         0x5f (size before relaxing)
 *fill*         0x00000000001140ad        0x3 
 .rodata.str1.4
                0x00000000001140b0       0x28 binaries/xsh_pcount.o
                                         0x76 (size before relaxing)
 .rodata.str1.1
                0x00000000001140d8       0x90 binaries/xsh_ping.o
                                         0xaf (size before relaxing)
 .rodata.str1.4
                0x0000000000114168       0x77 binaries/xsh_ping.o
                                         0xc6 (size before relaxing)
 .rodata.str1.1
                0x00000000001141df       0x74 binaries/xsh_ps.o
                                         0xd5 (size before relaxing)
 *fill*         0x0000000000114253        0x1 
 .rodata.str1.4
                0x0000000000114254       0x80 binaries/xsh_ps.o
                                         0xd0 (size before relaxing)
 *fill*         0x00000000001142d4        0xc 
 .rodata        0x00000000001142e0       0x20 binaries/xsh_ps.o
 .rodata.str1.1
                0x0000000000114300       0x31 binaries/xsh_sleep.o
                                         0x72 (size before relaxing)
 *fill*         0x0000000000114331        0x3 
 .rodata.str1.4
                0x0000000000114334       0x2a binaries/xsh_sleep.o
                                         0x7a (size before relaxing)
 .rodata.str1.1
                0x000000000011435e       0x6b binaries/xsh_udpdump.o
                                         0xd2 (size before relaxing)
 *fill*         0x00000000001143c9        0x3 
 .rodata.str1.4
                0x00000000001143cc       0x94 binaries/xsh_udpdump.o
                                         0xe4 (size before relaxing)
 .rodata.str1.1
                0x0000000000114460       0xdb binaries/xsh_udpecho.o
                                         0xfa (size before relaxing)
 *fill*         0x000000000011453b        0x1 
 .rodata.str1.4
                0x000000000011453c       0xc7 binaries/xsh_udpecho.o
                                        0x116 (size before relaxing)
 .rodata.str1.1
                0x0000000000114603       0x66 binaries/xsh_udpeserver.o
                                         0x8f (size before relaxing)
 *fill*         0x0000000000114669        0x3 
 .rodata.str1.4
                0x000000000011466c       0x29 binaries/xsh_udpeserver.o
                                         0x9f (size before relaxing)
 .rodata.str1.1
                0x0000000000114695       0x49 binaries/xsh_uptime.o
                                         0x8c (size before relaxing)
 *fill*         0x00000000001146de        0x2 
 .rodata.str1.4
                0x00000000001146e0       0x28 binaries/xsh_uptime.o
                                         0x76 (size before relaxing)
                0x0000000000114708                etext = ABSOLUTE (.)
                0x0000000000115000                . = ALIGN (0x1000)
 *fill*         0x0000000000114708      0x8f8 

.eh_frame       0x0000000000115000     0x337c
 .eh_frame      0x0000000000115000       0x48 binaries/ascdate.o
 .eh_frame      0x0000000000115048       0x20 binaries/bufinit.o
                                         0x38 (size before relaxing)
 .eh_frame      0x0000000000115068       0x28 binaries/chprio.o
                                         0x40 (size before relaxing)
 .eh_frame      0x0000000000115090       0x20 binaries/clkhandler.o
                                         0x38 (size before relaxing)
 .eh_frame      0x00000000001150b0       0x20 binaries/clkinit.o
                                         0x38 (size before relaxing)
 .eh_frame      0x00000000001150d0       0x28 binaries/close.o
                                         0x40 (size before relaxing)
 .eh_frame      0x00000000001150f8       0x28 binaries/control.o
                                         0x40 (size before relaxing)
 .eh_frame      0x0000000000115120       0x20 binaries/cpubnd.o
                                         0x38 (size before relaxing)
 .eh_frame      0x0000000000115140       0x30 binaries/create.o
                                         0x48 (size before relaxing)
 .eh_frame      0x0000000000115170       0x94 binaries/early_imr.o
                                         0xac (size before relaxing)
 .eh_frame      0x0000000000115204       0x94 binaries/evec.o
                                         0xac (size before relaxing)
 .eh_frame      0x0000000000115298       0x2c binaries/freebuf.o
                                         0x44 (size before relaxing)
 .eh_frame      0x00000000001152c4       0x2c binaries/freemem.o
                                         0x44 (size before relaxing)
 .eh_frame      0x00000000001152f0       0x2c binaries/getbuf.o
                                         0x44 (size before relaxing)
 .eh_frame      0x000000000011531c       0x28 binaries/getc.o
                                         0x40 (size before relaxing)
 .eh_frame      0x0000000000115344       0x2c binaries/getdev.o
                                         0x44 (size before relaxing)
 .eh_frame      0x0000000000115370       0x64 binaries/getitem.o
                                         0x7c (size before relaxing)
 .eh_frame      0x00000000001153d4       0x28 binaries/getmem.o
                                         0x40 (size before relaxing)
 .eh_frame      0x00000000001153fc       0x20 binaries/getpid.o
                                         0x38 (size before relaxing)
 .eh_frame      0x000000000011541c       0x24 binaries/getprio.o
                                         0x3c (size before relaxing)
 .eh_frame      0x0000000000115440       0x2c binaries/getstk.o
                                         0x44 (size before relaxing)
 .eh_frame      0x000000000011546c       0x20 binaries/gettime.o
                                         0x38 (size before relaxing)
 .eh_frame      0x000000000011548c       0x24 binaries/getutime.o
                                         0x3c (size before relaxing)
 .eh_frame      0x00000000001154b0       0x28 binaries/init.o
                                         0x40 (size before relaxing)
 .eh_frame      0x00000000001154d8       0x5c binaries/initialize.o
                                         0x74 (size before relaxing)
 .eh_frame      0x0000000000115534       0x28 binaries/insert.o
                                         0x40 (size before relaxing)
 .eh_frame      0x000000000011555c       0x28 binaries/insert_new.o
                                         0x40 (size before relaxing)
 .eh_frame      0x0000000000115584       0x2c binaries/insertd.o
                                         0x44 (size before relaxing)
 .eh_frame      0x00000000001155b0       0x24 binaries/iobnd.o
                                         0x3c (size before relaxing)
 .eh_frame      0x00000000001155d4       0x20 binaries/ioerr.o
                                         0x38 (size before relaxing)
 .eh_frame      0x00000000001155f4       0x20 binaries/ionull.o
                                         0x38 (size before relaxing)
 .eh_frame      0x0000000000115614       0x30 binaries/kill.o
                                         0x48 (size before relaxing)
 .eh_frame      0x0000000000115644       0x80 binaries/kprintf.o
                                         0x98 (size before relaxing)
 .eh_frame      0x00000000001156c4       0x64 binaries/main.o
                                         0x7c (size before relaxing)
 .eh_frame      0x0000000000115728       0x44 binaries/mark.o
                                         0x5c (size before relaxing)
 .eh_frame      0x000000000011576c       0x50 binaries/meminit.o
                                         0x68 (size before relaxing)
 .eh_frame      0x00000000001157bc      0x234 binaries/minheap.o
                                        0x24c (size before relaxing)
 .eh_frame      0x00000000001159f0       0x30 binaries/mkbufpool.o
                                         0x48 (size before relaxing)
 .eh_frame      0x0000000000115a20       0x20 binaries/net2hostlasm.o
                                         0x38 (size before relaxing)
 .eh_frame      0x0000000000115a40       0x20 binaries/newqueue.o
                                         0x38 (size before relaxing)
 .eh_frame      0x0000000000115a60       0x20 binaries/newqueuereverse.o
                                         0x38 (size before relaxing)
 .eh_frame      0x0000000000115a80       0x28 binaries/open.o
                                         0x40 (size before relaxing)
 .eh_frame      0x0000000000115aa8       0x1c binaries/panic.o
                                         0x34 (size before relaxing)
 .eh_frame      0x0000000000115ac4      0x12c binaries/pci.o
                                        0x144 (size before relaxing)
 .eh_frame      0x0000000000115bf0       0x20 binaries/platinit.o
                                         0x38 (size before relaxing)
 .eh_frame      0x0000000000115c10       0x20 binaries/printsegaddr.o
                                         0x38 (size before relaxing)
 .eh_frame      0x0000000000115c30       0x2c binaries/ptclear.o
                                         0x44 (size before relaxing)
 .eh_frame      0x0000000000115c5c       0x2c binaries/ptcount.o
                                         0x44 (size before relaxing)
 .eh_frame      0x0000000000115c88       0x2c binaries/ptcreate.o
                                         0x44 (size before relaxing)
 .eh_frame      0x0000000000115cb4       0x28 binaries/ptdelete.o
                                         0x40 (size before relaxing)
 .eh_frame      0x0000000000115cdc       0x28 binaries/ptinit.o
                                         0x40 (size before relaxing)
 .eh_frame      0x0000000000115d04       0x2c binaries/ptrecv.o
                                         0x44 (size before relaxing)
 .eh_frame      0x0000000000115d30       0x28 binaries/ptreset.o
                                         0x40 (size before relaxing)
 .eh_frame      0x0000000000115d58       0x30 binaries/ptsend.o
                                         0x48 (size before relaxing)
 .eh_frame      0x0000000000115d88       0x2c binaries/putc.o
                                         0x44 (size before relaxing)
 .eh_frame      0x0000000000115db4       0x24 binaries/quark_irq.o
                                         0x3c (size before relaxing)
 .eh_frame      0x0000000000115dd8       0x54 binaries/quark_pdat.o
                                         0x6c (size before relaxing)
 .eh_frame      0x0000000000115e2c       0x40 binaries/queue.o
                                         0x58 (size before relaxing)
 .eh_frame      0x0000000000115e6c       0x30 binaries/rcreate.o
                                         0x48 (size before relaxing)
 .eh_frame      0x0000000000115e9c       0x28 binaries/read.o
                                         0x40 (size before relaxing)
 .eh_frame      0x0000000000115ec4       0x20 binaries/ready.o
                                         0x38 (size before relaxing)
 .eh_frame      0x0000000000115ee4       0x28 binaries/receive.o
                                         0x40 (size before relaxing)
 .eh_frame      0x0000000000115f0c       0x24 binaries/recvclr.o
                                         0x3c (size before relaxing)
 .eh_frame      0x0000000000115f30       0x2c binaries/recvtime.o
                                         0x44 (size before relaxing)
 .eh_frame      0x0000000000115f5c       0x44 binaries/resched.o
                                         0x5c (size before relaxing)
 .eh_frame      0x0000000000115fa0       0x2c binaries/resume.o
                                         0x44 (size before relaxing)
 .eh_frame      0x0000000000115fcc       0x28 binaries/seek.o
                                         0x40 (size before relaxing)
 .eh_frame      0x0000000000115ff4       0x24 binaries/semcount.o
                                         0x3c (size before relaxing)
 .eh_frame      0x0000000000116018       0x2c binaries/semcreate.o
                                         0x44 (size before relaxing)
 .eh_frame      0x0000000000116044       0x2c binaries/semdelete.o
                                         0x44 (size before relaxing)
 .eh_frame      0x0000000000116070       0x2c binaries/semreset.o
                                         0x44 (size before relaxing)
 .eh_frame      0x000000000011609c       0x28 binaries/send.o
                                         0x40 (size before relaxing)
 .eh_frame      0x00000000001160c4       0x28 binaries/signal.o
                                         0x40 (size before relaxing)
 .eh_frame      0x00000000001160ec       0x2c binaries/signaln.o
                                         0x44 (size before relaxing)
 .eh_frame      0x0000000000116118       0x48 binaries/sleep.o
                                         0x60 (size before relaxing)
 .eh_frame      0x0000000000116160       0x20 binaries/stacksmashA.o
                                         0x38 (size before relaxing)
 .eh_frame      0x0000000000116180       0x20 binaries/stacksmashV.o
                                         0x38 (size before relaxing)
 .eh_frame      0x00000000001161a0       0x30 binaries/stacktrace.o
                                         0x48 (size before relaxing)
 .eh_frame      0x00000000001161d0       0x28 binaries/suspend.o
                                         0x40 (size before relaxing)
 .eh_frame      0x00000000001161f8       0x24 binaries/takeover.o
                                         0x3c (size before relaxing)
 .eh_frame      0x000000000011621c       0x28 binaries/unsleep.o
                                         0x40 (size before relaxing)
 .eh_frame      0x0000000000116244       0x20 binaries/userret.o
                                         0x38 (size before relaxing)
 .eh_frame      0x0000000000116264       0x28 binaries/wait.o
                                         0x40 (size before relaxing)
 .eh_frame      0x000000000011628c       0x20 binaries/wakeup.o
                                         0x38 (size before relaxing)
 .eh_frame      0x00000000001162ac       0x28 binaries/write.o
                                         0x40 (size before relaxing)
 .eh_frame      0x00000000001162d4       0x20 binaries/xdone.o
                                         0x38 (size before relaxing)
 .eh_frame      0x00000000001162f4       0x24 binaries/yield.o
                                         0x3c (size before relaxing)
 .eh_frame      0x0000000000116318       0x20 binaries/abs.o
                                         0x38 (size before relaxing)
 .eh_frame      0x0000000000116338       0x28 binaries/atoi.o
                                         0x40 (size before relaxing)
 .eh_frame      0x0000000000116360       0x28 binaries/atol.o
                                         0x40 (size before relaxing)
 .eh_frame      0x0000000000116388       0x20 binaries/bzero.o
                                         0x38 (size before relaxing)
 .eh_frame      0x00000000001163a8       0xac binaries/doprnt.o
                                         0xc4 (size before relaxing)
 .eh_frame      0x0000000000116454       0x30 binaries/doscan.o
                                         0x48 (size before relaxing)
 .eh_frame      0x0000000000116484       0x5c binaries/fdoprnt.o
                                         0x74 (size before relaxing)
 .eh_frame      0x00000000001164e0       0x20 binaries/fgetc.o
                                         0x38 (size before relaxing)
 .eh_frame      0x0000000000116500       0x2c binaries/fgets.o
                                         0x44 (size before relaxing)
 .eh_frame      0x000000000011652c       0x20 binaries/fprintf.o
                                         0x38 (size before relaxing)
 .eh_frame      0x000000000011654c       0x20 binaries/fputc.o
                                         0x38 (size before relaxing)
 .eh_frame      0x000000000011656c       0x28 binaries/fputs.o
                                         0x40 (size before relaxing)
 .eh_frame      0x0000000000116594       0x64 binaries/fscanf.o
                                         0x7c (size before relaxing)
 .eh_frame      0x00000000001165f8       0x20 binaries/getchar.o
                                         0x38 (size before relaxing)
 .eh_frame      0x0000000000116618       0x20 binaries/labs.o
                                         0x38 (size before relaxing)
 .eh_frame      0x0000000000116638       0x20 binaries/memchr.o
                                         0x38 (size before relaxing)
 .eh_frame      0x0000000000116658       0x28 binaries/memcmp.o
                                         0x40 (size before relaxing)
 .eh_frame      0x0000000000116680       0x28 binaries/memcpy.o
                                         0x40 (size before relaxing)
 .eh_frame      0x00000000001166a8       0x24 binaries/memset.o
                                         0x3c (size before relaxing)
 .eh_frame      0x00000000001166cc       0x20 binaries/printf.o
                                         0x38 (size before relaxing)
 .eh_frame      0x00000000001166ec       0x20 binaries/putchar.o
                                         0x38 (size before relaxing)
 .eh_frame      0x000000000011670c       0xa4 binaries/qsort.o
                                         0xbc (size before relaxing)
 .eh_frame      0x00000000001167b0       0x40 binaries/rand.o
                                         0x58 (size before relaxing)
 .eh_frame      0x00000000001167f0       0x48 binaries/sprintf.o
                                         0x60 (size before relaxing)
 .eh_frame      0x0000000000116838       0x60 binaries/sscanf.o
                                         0x78 (size before relaxing)
 .eh_frame      0x0000000000116898       0x24 binaries/strchr.o
                                         0x3c (size before relaxing)
 .eh_frame      0x00000000001168bc       0x24 binaries/strcmp.o
                                         0x3c (size before relaxing)
 .eh_frame      0x00000000001168e0       0x20 binaries/strcpy.o
                                         0x38 (size before relaxing)
 .eh_frame      0x0000000000116900       0x20 binaries/strlen.o
                                         0x38 (size before relaxing)
 .eh_frame      0x0000000000116920       0x2c binaries/strncat.o
                                         0x44 (size before relaxing)
 .eh_frame      0x000000000011694c       0x24 binaries/strncmp.o
                                         0x3c (size before relaxing)
 .eh_frame      0x0000000000116970       0x2c binaries/strncpy.o
                                         0x44 (size before relaxing)
 .eh_frame      0x000000000011699c       0x24 binaries/strnlen.o
                                         0x3c (size before relaxing)
 .eh_frame      0x00000000001169c0       0x24 binaries/strrchr.o
                                         0x3c (size before relaxing)
 .eh_frame      0x00000000001169e4       0x2c binaries/strstr.o
                                         0x44 (size before relaxing)
 .eh_frame      0x0000000000116a10       0x30 binaries/ttycontrol.o
                                         0x48 (size before relaxing)
 .eh_frame      0x0000000000116a40       0x2c binaries/ttygetc.o
                                         0x44 (size before relaxing)
 .eh_frame      0x0000000000116a6c       0x84 binaries/ttyhandle_in.o
                                         0x9c (size before relaxing)
 .eh_frame      0x0000000000116af0       0x30 binaries/ttyhandle_out.o
                                         0x48 (size before relaxing)
 .eh_frame      0x0000000000116b20       0x28 binaries/ttyhandler.o
                                         0x40 (size before relaxing)
 .eh_frame      0x0000000000116b48       0x30 binaries/ttyinit.o
                                         0x48 (size before relaxing)
 .eh_frame      0x0000000000116b78       0x20 binaries/ttykickout.o
                                         0x38 (size before relaxing)
 .eh_frame      0x0000000000116b98       0x2c binaries/ttyputc.o
                                         0x44 (size before relaxing)
 .eh_frame      0x0000000000116bc4       0x2c binaries/ttyread.o
                                         0x44 (size before relaxing)
 .eh_frame      0x0000000000116bf0       0x2c binaries/ttywrite.o
                                         0x44 (size before relaxing)
 .eh_frame      0x0000000000116c1c       0x4c binaries/mount.o
                                         0x64 (size before relaxing)
 .eh_frame      0x0000000000116c68       0x30 binaries/naminit.o
                                         0x48 (size before relaxing)
 .eh_frame      0x0000000000116c98       0x84 binaries/nammap.o
                                         0x9c (size before relaxing)
 .eh_frame      0x0000000000116d1c       0x20 binaries/namopen.o
                                         0x38 (size before relaxing)
 .eh_frame      0x0000000000116d3c       0x2c binaries/colon2mac.o
                                         0x44 (size before relaxing)
 .eh_frame      0x0000000000116d68       0x20 binaries/ethcontrol.o
                                         0x38 (size before relaxing)
 .eh_frame      0x0000000000116d88       0x30 binaries/ethhandler.o
                                         0x48 (size before relaxing)
 .eh_frame      0x0000000000116db8       0x98 binaries/ethinit.o
                                         0xb0 (size before relaxing)
 .eh_frame      0x0000000000116e50       0x54 binaries/ethmcast.o
                                         0x6c (size before relaxing)
 .eh_frame      0x0000000000116ea4       0x30 binaries/ethread.o
                                         0x48 (size before relaxing)
 .eh_frame      0x0000000000116ed4       0x2c binaries/ethwrite.o
                                         0x44 (size before relaxing)
 .eh_frame      0x0000000000116f00       0x24 binaries/rdsbufalloc.o
                                         0x3c (size before relaxing)
 .eh_frame      0x0000000000116f24       0x2c binaries/rdsclose.o
                                         0x44 (size before relaxing)
 .eh_frame      0x0000000000116f50       0x30 binaries/rdscomm.o
                                         0x48 (size before relaxing)
 .eh_frame      0x0000000000116f80       0x30 binaries/rdscontrol.o
                                         0x48 (size before relaxing)
 .eh_frame      0x0000000000116fb0       0x30 binaries/rdsinit.o
                                         0x48 (size before relaxing)
 .eh_frame      0x0000000000116fe0       0x30 binaries/rdsopen.o
                                         0x48 (size before relaxing)
 .eh_frame      0x0000000000117010       0x20 binaries/rdsprocess.o
                                         0x38 (size before relaxing)
 .eh_frame      0x0000000000117030       0x30 binaries/rdsread.o
                                         0x48 (size before relaxing)
 .eh_frame      0x0000000000117060       0x30 binaries/rdswrite.o
                                         0x48 (size before relaxing)
 .eh_frame      0x0000000000117090       0x20 binaries/ramclose.o
                                         0x38 (size before relaxing)
 .eh_frame      0x00000000001170b0       0x20 binaries/raminit.o
                                         0x38 (size before relaxing)
 .eh_frame      0x00000000001170d0       0x20 binaries/ramopen.o
                                         0x38 (size before relaxing)
 .eh_frame      0x00000000001170f0       0x20 binaries/ramread.o
                                         0x38 (size before relaxing)
 .eh_frame      0x0000000000117110       0x20 binaries/ramwrite.o
                                         0x38 (size before relaxing)
 .eh_frame      0x0000000000117130       0x28 binaries/lfdballoc.o
                                         0x40 (size before relaxing)
 .eh_frame      0x0000000000117158       0x24 binaries/lfdbfree.o
                                         0x3c (size before relaxing)
 .eh_frame      0x000000000011717c       0x24 binaries/lfflush.o
                                         0x3c (size before relaxing)
 .eh_frame      0x00000000001171a0       0x20 binaries/lfgetmode.o
                                         0x38 (size before relaxing)
 .eh_frame      0x00000000001171c0       0x24 binaries/lfiballoc.o
                                         0x3c (size before relaxing)
 .eh_frame      0x00000000001171e4       0x20 binaries/lfibclear.o
                                         0x38 (size before relaxing)
 .eh_frame      0x0000000000117204       0x2c binaries/lfibget.o
                                         0x44 (size before relaxing)
 .eh_frame      0x0000000000117230       0x2c binaries/lfibput.o
                                         0x44 (size before relaxing)
 .eh_frame      0x000000000011725c       0x28 binaries/lflclose.o
                                         0x40 (size before relaxing)
 .eh_frame      0x0000000000117284       0x2c binaries/lflcontrol.o
                                         0x44 (size before relaxing)
 .eh_frame      0x00000000001172b0       0x2c binaries/lflgetc.o
                                         0x44 (size before relaxing)
 .eh_frame      0x00000000001172dc       0x2c binaries/lflinit.o
                                         0x44 (size before relaxing)
 .eh_frame      0x0000000000117308       0x30 binaries/lflputc.o
                                         0x48 (size before relaxing)
 .eh_frame      0x0000000000117338       0x2c binaries/lflread.o
                                         0x44 (size before relaxing)
 .eh_frame      0x0000000000117364       0x2c binaries/lflseek.o
                                         0x44 (size before relaxing)
 .eh_frame      0x0000000000117390       0x2c binaries/lflwrite.o
                                         0x44 (size before relaxing)
 .eh_frame      0x00000000001173bc       0x30 binaries/lfsckfmt.o
                                         0x48 (size before relaxing)
 .eh_frame      0x00000000001173ec       0x30 binaries/lfscreate.o
                                         0x48 (size before relaxing)
 .eh_frame      0x000000000011741c       0x30 binaries/lfsetup.o
[...]
 .comment       0x000000000000002a       0x2b binaries/xsh_exit.o
 .comment       0x000000000000002a       0x2b binaries/xsh_help.o
 .comment       0x000000000000002a       0x2b binaries/xsh_ipaddr.o
 .comment       0x000000000000002a       0x2b binaries/xsh_kill.o
 .comment       0x000000000000002a       0x2b binaries/xsh_memdump.o
 .comment       0x000000000000002a       0x2b binaries/xsh_memstat.o
 .comment       0x000000000000002a       0x2b binaries/xsh_pcount.o
 .comment       0x000000000000002a       0x2b binaries/xsh_ping.o
 .comment       0x000000000000002a       0x2b binaries/xsh_ps.o
 .comment       0x000000000000002a       0x2b binaries/xsh_sleep.o
 .comment       0x000000000000002a       0x2b binaries/xsh_udpdump.o
 .comment       0x000000000000002a       0x2b binaries/xsh_udpecho.o
 .comment       0x000000000000002a       0x2b binaries/xsh_udpeserver.o
 .comment       0x000000000000002a       0x2b binaries/xsh_uptime.o
 .comment       0x000000000000002a       0x2b binaries/net2hostlgcc.o

.note.GNU-stack
                0x0000000000000000        0x0
 .note.GNU-stack
                0x0000000000000000        0x0 binaries/ascdate.o
 .note.GNU-stack
                0x0000000000000000        0x0 binaries/bufinit.o
 .note.GNU-stack
                0x0000000000000000        0x0 binaries/chprio.o
 .note.GNU-stack
                0x0000000000000000        0x0 binaries/clkhandler.o
 .note.GNU-stack
                0x0000000000000000        0x0 binaries/clkinit.o
 .note.GNU-stack
                0x0000000000000000        0x0 binaries/close.o
 .note.GNU-stack
                0x0000000000000000        0x0 binaries/conf.o
 .note.GNU-stack
                0x0000000000000000        0x0 binaries/control.o
 .note.GNU-stack
                0x0000000000000000        0x0 binaries/cpubnd.o
 .note.GNU-stack
                0x0000000000000000        0x0 binaries/create.o
 .note.GNU-stack
                0x0000000000000000        0x0 binaries/early_imr.o
 .note.GNU-stack
                0x0000000000000000        0x0 binaries/evec.o
 .note.GNU-stack
                0x0000000000000000        0x0 binaries/freebuf.o
 .note.GNU-stack
                0x0000000000000000        0x0 binaries/freemem.o
 .note.GNU-stack
                0x0000000000000000        0x0 binaries/getbuf.o
 .note.GNU-stack
                0x0000000000000000        0x0 binaries/getc.o
 .note.GNU-stack
                0x0000000000000000        0x0 binaries/getdev.o
 .note.GNU-stack
                0x0000000000000000        0x0 binaries/getitem.o
 .note.GNU-stack
                0x0000000000000000        0x0 binaries/getmem.o
 .note.GNU-stack
                0x0000000000000000        0x0 binaries/getpid.o
 .note.GNU-stack
                0x0000000000000000        0x0 binaries/getprio.o
 .note.GNU-stack
                0x0000000000000000        0x0 binaries/getstk.o
 .note.GNU-stack
                0x0000000000000000        0x0 binaries/gettime.o
 .note.GNU-stack
                0x0000000000000000        0x0 binaries/getutime.o
 .note.GNU-stack
                0x0000000000000000        0x0 binaries/init.o
 .note.GNU-stack
                0x0000000000000000        0x0 binaries/initialize.o
 .note.GNU-stack
                0x0000000000000000        0x0 binaries/insert.o
 .note.GNU-stack
                0x0000000000000000        0x0 binaries/insert_new.o
 .note.GNU-stack
                0x0000000000000000        0x0 binaries/insertd.o
 .note.GNU-stack
                0x0000000000000000        0x0 binaries/iobnd.o
 .note.GNU-stack
                0x0000000000000000        0x0 binaries/ioerr.o
 .note.GNU-stack
                0x0000000000000000        0x0 binaries/ionull.o
 .note.GNU-stack
                0x0000000000000000        0x0 binaries/kill.o
 .note.GNU-stack
                0x0000000000000000        0x0 binaries/kprintf.o
 .note.GNU-stack
                0x0000000000000000        0x0 binaries/main.o
 .note.GNU-stack
                0x0000000000000000        0x0 binaries/mark.o
 .note.GNU-stack
                0x0000000000000000        0x0 binaries/meminit.o
 .note.GNU-stack
                0x0000000000000000        0x0 binaries/minheap.o
 .note.GNU-stack
                0x0000000000000000        0x0 binaries/mkbufpool.o
 .note.GNU-stack
                0x0000000000000000        0x0 binaries/net2hostlasm.o
 .note.GNU-stack
                0x0000000000000000        0x0 binaries/newqueue.o
 .note.GNU-stack
                0x0000000000000000        0x0 binaries/newqueuereverse.o
 .note.GNU-stack
                0x0000000000000000        0x0 binaries/open.o
 .note.GNU-stack
                0x0000000000000000        0x0 binaries/panic.o
 .note.GNU-stack
                0x0000000000000000        0x0 binaries/pci.o
 .note.GNU-stack
                0x0000000000000000        0x0 binaries/platinit.o
 .note.GNU-stack
                0x0000000000000000        0x0 binaries/printsegaddr.o
 .note.GNU-stack
                0x0000000000000000        0x0 binaries/ptclear.o
 .note.GNU-stack
                0x0000000000000000        0x0 binaries/ptcount.o
 .note.GNU-stack
                0x0000000000000000        0x0 binaries/ptcreate.o
 .note.GNU-stack
                0x0000000000000000        0x0 binaries/ptdelete.o
 .note.GNU-stack
                0x0000000000000000        0x0 binaries/ptinit.o
 .note.GNU-stack
                0x0000000000000000        0x0 binaries/ptrecv.o
 .note.GNU-stack
                0x0000000000000000        0x0 binaries/ptreset.o
 .note.GNU-stack
                0x0000000000000000        0x0 binaries/ptsend.o
 .note.GNU-stack
                0x0000000000000000        0x0 binaries/putc.o
 .note.GNU-stack
                0x0000000000000000        0x0 binaries/quark_irq.o
 .note.GNU-stack
                0x0000000000000000        0x0 binaries/quark_pdat.o
 .note.GNU-stack
                0x0000000000000000        0x0 binaries/queue.o
 .note.GNU-stack
                0x0000000000000000        0x0 binaries/rcreate.o
 .note.GNU-stack
                0x0000000000000000        0x0 binaries/read.o
 .note.GNU-stack
                0x0000000000000000        0x0 binaries/ready.o
 .note.GNU-stack
                0x0000000000000000        0x0 binaries/receive.o
 .note.GNU-stack
                0x0000000000000000        0x0 binaries/recvclr.o
 .note.GNU-stack
                0x0000000000000000        0x0 binaries/recvtime.o
 .note.GNU-stack
                0x0000000000000000        0x0 binaries/resched.o
 .note.GNU-stack
                0x0000000000000000        0x0 binaries/resume.o
 .note.GNU-stack
                0x0000000000000000        0x0 binaries/seek.o
 .note.GNU-stack
                0x0000000000000000        0x0 binaries/semcount.o
 .note.GNU-stack
                0x0000000000000000        0x0 binaries/semcreate.o
 .note.GNU-stack
                0x0000000000000000        0x0 binaries/semdelete.o
 .note.GNU-stack
                0x0000000000000000        0x0 binaries/semreset.o
 .note.GNU-stack
                0x0000000000000000        0x0 binaries/send.o
 .note.GNU-stack
                0x0000000000000000        0x0 binaries/signal.o
 .note.GNU-stack
                0x0000000000000000        0x0 binaries/signaln.o
 .note.GNU-stack
                0x0000000000000000        0x0 binaries/sleep.o
 .note.GNU-stack
                0x0000000000000000        0x0 binaries/stacksmashA.o
 .note.GNU-stack
                0x0000000000000000        0x0 binaries/stacksmashV.o
 .note.GNU-stack
                0x0000000000000000        0x0 binaries/stacktrace.o
 .note.GNU-stack
                0x0000000000000000        0x0 binaries/suspend.o
 .note.GNU-stack
                0x0000000000000000        0x0 binaries/takeover.o
 .note.GNU-stack
                0x0000000000000000        0x0 binaries/unsleep.o
 .note.GNU-stack
                0x0000000000000000        0x0 binaries/userret.o
 .note.GNU-stack
                0x0000000000000000        0x0 binaries/wait.o
 .note.GNU-stack
                0x0000000000000000        0x0 binaries/wakeup.o
 .note.GNU-stack
                0x0000000000000000        0x0 binaries/write.o
 .note.GNU-stack
                0x0000000000000000        0x0 binaries/xdone.o
 .note.GNU-stack
                0x0000000000000000        0x0 binaries/yield.o
 .note.GNU-stack
                0x0000000000000000        0x0 binaries/abs.o
 .note.GNU-stack
                0x0000000000000000        0x0 binaries/atoi.o
 .note.GNU-stack
                0x0000000000000000        0x0 binaries/atol.o
 .note.GNU-stack
                0x0000000000000000        0x0 binaries/bzero.o
 .note.GNU-stack
                0x0000000000000000        0x0 binaries/ctype_.o
 .note.GNU-stack
                0x0000000000000000        0x0 binaries/doprnt.o
 .note.GNU-stack
                0x0000000000000000        0x0 binaries/doscan.o
 .note.GNU-stack
                0x0000000000000000        0x0 binaries/fdoprnt.o
 .note.GNU-stack
                0x0000000000000000        0x0 binaries/fgetc.o
 .note.GNU-stack
                0x0000000000000000        0x0 binaries/fgets.o
 .note.GNU-stack
                0x0000000000000000        0x0 binaries/fprintf.o
 .note.GNU-stack
                0x0000000000000000        0x0 binaries/fputc.o
 .note.GNU-stack
                0x0000000000000000        0x0 binaries/fputs.o
 .note.GNU-stack
                0x0000000000000000        0x0 binaries/fscanf.o
 .note.GNU-stack
                0x0000000000000000        0x0 binaries/getchar.o
 .note.GNU-stack
                0x0000000000000000        0x0 binaries/labs.o
 .note.GNU-stack
                0x0000000000000000        0x0 binaries/memchr.o
 .note.GNU-stack
                0x0000000000000000        0x0 binaries/memcmp.o
 .note.GNU-stack
                0x0000000000000000        0x0 binaries/memcpy.o
 .note.GNU-stack
                0x0000000000000000        0x0 binaries/memset.o
 .note.GNU-stack
                0x0000000000000000        0x0 binaries/printf.o
 .note.GNU-stack
                0x0000000000000000        0x0 binaries/putchar.o
 .note.GNU-stack
                0x0000000000000000        0x0 binaries/qsort.o
 .note.GNU-stack
                0x0000000000000000        0x0 binaries/rand.o
 .note.GNU-stack
                0x0000000000000000        0x0 binaries/sprintf.o
 .note.GNU-stack
                0x0000000000000000        0x0 binaries/sscanf.o
 .note.GNU-stack
                0x0000000000000000        0x0 binaries/strchr.o
 .note.GNU-stack
                0x0000000000000000        0x0 binaries/strcmp.o
 .note.GNU-stack
                0x0000000000000000        0x0 binaries/strcpy.o
 .note.GNU-stack
                0x0000000000000000        0x0 binaries/strlen.o
 .note.GNU-stack
                0x0000000000000000        0x0 binaries/strncat.o
 .note.GNU-stack
                0x0000000000000000        0x0 binaries/strncmp.o
 .note.GNU-stack
                0x0000000000000000        0x0 binaries/strncpy.o
 .note.GNU-stack
                0x0000000000000000        0x0 binaries/strnlen.o
 .note.GNU-stack
                0x0000000000000000        0x0 binaries/strrchr.o
 .note.GNU-stack
                0x0000000000000000        0x0 binaries/strstr.o
 .note.GNU-stack
                0x0000000000000000        0x0 binaries/ttycontrol.o
 .note.GNU-stack
                0x0000000000000000        0x0 binaries/ttygetc.o
 .note.GNU-stack
                0x0000000000000000        0x0 binaries/ttyhandle_in.o
 .note.GNU-stack
                0x0000000000000000        0x0 binaries/ttyhandle_out.o
 .note.GNU-stack
                0x0000000000000000        0x0 binaries/ttyhandler.o
 .note.GNU-stack
                0x0000000000000000        0x0 binaries/ttyinit.o
 .note.GNU-stack
                0x0000000000000000        0x0 binaries/ttykickout.o
 .note.GNU-stack
                0x0000000000000000        0x0 binaries/ttyputc.o
 .note.GNU-stack
                0x0000000000000000        0x0 binaries/ttyread.o
 .note.GNU-stack
                0x0000000000000000        0x0 binaries/ttywrite.o
 .note.GNU-stack
                0x0000000000000000        0x0 binaries/mount.o
 .note.GNU-stack
                0x0000000000000000        0x0 binaries/naminit.o
 .note.GNU-stack
                0x0000000000000000        0x0 binaries/nammap.o
 .note.GNU-stack
                0x0000000000000000        0x0 binaries/namopen.o
 .note.GNU-stack
                0x0000000000000000        0x0 binaries/colon2mac.o
 .note.GNU-stack
                0x0000000000000000        0x0 binaries/ethcontrol.o
 .note.GNU-stack
                0x0000000000000000        0x0 binaries/ethhandler.o
 .note.GNU-stack
                0x0000000000000000        0x0 binaries/ethinit.o
 .note.GNU-stack
                0x0000000000000000        0x0 binaries/ethmcast.o
 .note.GNU-stack
                0x0000000000000000        0x0 binaries/ethread.o
 .note.GNU-stack
                0x0000000000000000        0x0 binaries/ethwrite.o
 .note.GNU-stack
                0x0000000000000000        0x0 binaries/rdsbufalloc.o
 .note.GNU-stack
                0x0000000000000000        0x0 binaries/rdsclose.o
 .note.GNU-stack
                0x0000000000000000        0x0 binaries/rdscomm.o
 .note.GNU-stack
                0x0000000000000000        0x0 binaries/rdscontrol.o
 .note.GNU-stack
                0x0000000000000000        0x0 binaries/rdsinit.o
 .note.GNU-stack
                0x0000000000000000        0x0 binaries/rdsopen.o
 .note.GNU-stack
                0x0000000000000000        0x0 binaries/rdsprocess.o
 .note.GNU-stack
                0x0000000000000000        0x0 binaries/rdsread.o
 .note.GNU-stack
                0x0000000000000000        0x0 binaries/rdswrite.o
 .note.GNU-stack
                0x0000000000000000        0x0 binaries/ramclose.o
 .note.GNU-stack
                0x0000000000000000        0x0 binaries/raminit.o
 .note.GNU-stack
                0x0000000000000000        0x0 binaries/ramopen.o
 .note.GNU-stack
                0x0000000000000000        0x0 binaries/ramread.o
 .note.GNU-stack
                0x0000000000000000        0x0 binaries/ramwrite.o
 .note.GNU-stack
                0x0000000000000000        0x0 binaries/lfdballoc.o
 .note.GNU-stack
                0x0000000000000000        0x0 binaries/lfdbfree.o
 .note.GNU-stack
                0x0000000000000000        0x0 binaries/lfflush.o
 .note.GNU-stack
                0x0000000000000000        0x0 binaries/lfgetmode.o
 .note.GNU-stack
                0x0000000000000000        0x0 binaries/lfiballoc.o
 .note.GNU-stack
                0x0000000000000000        0x0 binaries/lfibclear.o
 .note.GNU-stack
                0x0000000000000000        0x0 binaries/lfibget.o
 .note.GNU-stack
                0x0000000000000000        0x0 binaries/lfibput.o
 .note.GNU-stack
                0x0000000000000000        0x0 binaries/lflclose.o
 .note.GNU-stack
                0x0000000000000000        0x0 binaries/lflcontrol.o
 .note.GNU-stack
                0x0000000000000000        0x0 binaries/lflgetc.o
 .note.GNU-stack
                0x0000000000000000        0x0 binaries/lflinit.o
 .note.GNU-stack
                0x0000000000000000        0x0 binaries/lflputc.o
 .note.GNU-stack
                0x0000000000000000        0x0 binaries/lflread.o
 .note.GNU-stack
                0x0000000000000000        0x0 binaries/lflseek.o
 .note.GNU-stack
                0x0000000000000000        0x0 binaries/lflwrite.o
 .note.GNU-stack
                0x0000000000000000        0x0 binaries/lfsckfmt.o
 .note.GNU-stack
                0x0000000000000000        0x0 binaries/lfscreate.o
 .note.GNU-stack
                0x0000000000000000        0x0 binaries/lfsetup.o
 .note.GNU-stack
                0x0000000000000000        0x0 binaries/lfsinit.o
 .note.GNU-stack
                0x0000000000000000        0x0 binaries/lfsopen.o
 .note.GNU-stack
                0x0000000000000000        0x0 binaries/lftruncate.o
 .note.GNU-stack
                0x0000000000000000        0x0 binaries/rflclose.o
 .note.GNU-stack
                0x0000000000000000        0x0 binaries/rflgetc.o
 .note.GNU-stack
                0x0000000000000000        0x0 binaries/rflinit.o
 .note.GNU-stack
                0x0000000000000000        0x0 binaries/rflputc.o
 .note.GNU-stack
                0x0000000000000000        0x0 binaries/rflread.o
 .note.GNU-stack
                0x0000000000000000        0x0 binaries/rflseek.o
 .note.GNU-stack
                0x0000000000000000        0x0 binaries/rflwrite.o
 .note.GNU-stack
                0x0000000000000000        0x0 binaries/rfscomm.o
 .note.GNU-stack
                0x0000000000000000        0x0 binaries/rfscontrol.o
 .note.GNU-stack
                0x0000000000000000        0x0 binaries/rfsgetmode.o
 .note.GNU-stack
                0x0000000000000000        0x0 binaries/rfsinit.o
 .note.GNU-stack
                0x0000000000000000        0x0 binaries/rfsndmsg.o
 .note.GNU-stack
                0x0000000000000000        0x0 binaries/rfsopen.o
 .note.GNU-stack
                0x0000000000000000        0x0 binaries/arp.o
 .note.GNU-stack
                0x0000000000000000        0x0 binaries/dhcp.o
 .note.GNU-stack
                0x0000000000000000        0x0 binaries/dot2ip.o
 .note.GNU-stack
                0x0000000000000000        0x0 binaries/hexdump.o
 .note.GNU-stack
                0x0000000000000000        0x0 binaries/icmp.o
 .note.GNU-stack
                0x0000000000000000        0x0 binaries/ip.o
 .note.GNU-stack
                0x0000000000000000        0x0 binaries/net.o
 .note.GNU-stack
                0x0000000000000000        0x0 binaries/netstart.o
 .note.GNU-stack
                0x0000000000000000        0x0 binaries/pdump.o
 .note.GNU-stack
                0x0000000000000000        0x0 binaries/tftp.o
 .note.GNU-stack
                0x0000000000000000        0x0 binaries/udp.o
 .note.GNU-stack
                0x0000000000000000        0x0 binaries/addargs.o
 .note.GNU-stack
                0x0000000000000000        0x0 binaries/lexan.o
 .note.GNU-stack
                0x0000000000000000        0x0 binaries/shell.o
 .note.GNU-stack
                0x0000000000000000        0x0 binaries/xsh_argecho.o
 .note.GNU-stack
                0x0000000000000000        0x0 binaries/xsh_arp.o
 .note.GNU-stack
                0x0000000000000000        0x0 binaries/xsh_cat.o
 .note.GNU-stack
                0x0000000000000000        0x0 binaries/xsh_clear.o
 .note.GNU-stack
                0x0000000000000000        0x0 binaries/xsh_date.o
 .note.GNU-stack
                0x0000000000000000        0x0 binaries/xsh_devdump.o
 .note.GNU-stack
                0x0000000000000000        0x0 binaries/xsh_echo.o
 .note.GNU-stack
                0x0000000000000000        0x0 binaries/xsh_exit.o
 .note.GNU-stack
                0x0000000000000000        0x0 binaries/xsh_help.o
 .note.GNU-stack
                0x0000000000000000        0x0 binaries/xsh_ipaddr.o
 .note.GNU-stack
                0x0000000000000000        0x0 binaries/xsh_kill.o
 .note.GNU-stack
                0x0000000000000000        0x0 binaries/xsh_memdump.o
 .note.GNU-stack
                0x0000000000000000        0x0 binaries/xsh_memstat.o
 .note.GNU-stack
                0x0000000000000000        0x0 binaries/xsh_pcount.o
 .note.GNU-stack
                0x0000000000000000        0x0 binaries/xsh_ping.o
 .note.GNU-stack
                0x0000000000000000        0x0 binaries/xsh_ps.o
 .note.GNU-stack
                0x0000000000000000        0x0 binaries/xsh_sleep.o
 .note.GNU-stack
                0x0000000000000000        0x0 binaries/xsh_udpdump.o
 .note.GNU-stack
                0x0000000000000000        0x0 binaries/xsh_udpecho.o
 .note.GNU-stack
                0x0000000000000000        0x0 binaries/xsh_udpeserver.o
 .note.GNU-stack
                0x0000000000000000        0x0 binaries/xsh_uptime.o
 .note.GNU-stack
                0x0000000000000000        0x0 binaries/net2hostlgcc.o
