
Allocating common symbols
Common symbol       size              file

netbufpool          0x4               binaries/net.o
readylist           0x2               binaries/ready.o
rfltab              0x5a0             binaries/rflinit.o
sleepq              0x2               binaries/clkinit.o
nnames              0x4               binaries/naminit.o
udptab              0x168             binaries/udp.o
minheap             0x4               binaries/meminit.o
marks               0x50              binaries/mark.o
currpid             0x4               binaries/initialize.o
Lf_data             0x20c             binaries/lfsinit.o
porttab             0x2d0             binaries/ptinit.o
girmask             0x2               binaries/evec.o
ttytab              0x10c             binaries/ttyinit.o
proctab             0x1900            binaries/initialize.o
prcount             0x4               binaries/initialize.o
lfltab              0xf00             binaries/lflinit.o
rdstab              0x8c              binaries/rdsinit.o
ethertab            0x138             binaries/ethinit.o
NetData             0xa8              binaries/net.o
nmarks              0x4               binaries/mark.o
Defer               0x8               binaries/resched.o
semtab              0x4b0             binaries/initialize.o
maxheap             0x4               binaries/meminit.o
preempt             0x4               binaries/clkinit.o
buftab              0xf0              binaries/bufinit.o
Rf_data             0x18              binaries/rfsinit.o
clktimefine         0x4               binaries/clkinit.o
mkmutex             0x4               binaries/mark.o
clktime             0x4               binaries/clkinit.o
arpcache            0x140             binaries/arp.o
icmptab             0x230             binaries/icmp.o
nbpools             0x4               binaries/bufinit.o
queuetab            0x980             binaries/queue.o
ptnextid            0x4               binaries/ptinit.o
Ram                 0x19000           binaries/raminit.o
ipoqueue            0x2c              binaries/ip.o
memlist             0x8               binaries/initialize.o
nametab             0x19a0            binaries/naminit.o
ptfree              0x4               binaries/ptinit.o

Memory Configuration

Name             Origin             Length             Attributes
*default*        0x0000000000000000 0xffffffffffffffff

Linker script and memory map

                0x0000000000100000                physbase = 0x100000
                0x0000000000100000                . = physbase
                0x0000000000100000                . = ALIGN (0x1000)

.text           0x0000000000100000    0x15000
                0x0000000000100000                text = ABSOLUTE (.)
 *(.text .text.*)
 .text          0x0000000000100000      0x1ac binaries/start.o
                0x0000000000100028                start
                0x00000000001000fa                inb
                0x0000000000100102                inw
                0x000000000010010b                inl
                0x0000000000100113                outb
                0x000000000010011d                outw
                0x0000000000100128                outl
                0x0000000000100132                _rtcin
                0x000000000010013d                ___udivsi3
                0x0000000000100148                ___divsi3
                0x0000000000100154                sbzero
                0x0000000000100164                bcopy
                0x0000000000100178                insw
                0x000000000010018e                outsw
                0x00000000001001a4                lidt
 .text          0x00000000001001ac      0x2b9 binaries/ascdate.o
                0x00000000001001ac                ascdate
 .text          0x0000000000100465       0x14 binaries/bufinit.o
                0x0000000000100465                bufinit
 .text          0x0000000000100479       0x62 binaries/chprio.o
                0x0000000000100479                chprio
 .text          0x00000000001004db       0x93 binaries/clkhandler.o
                0x00000000001004db                clkhandler
 .text          0x000000000010056e       0x67 binaries/clkinit.o
                0x000000000010056e                clkinit
 .text          0x00000000001005d5       0x56 binaries/close.o
                0x00000000001005d5                close
 .text          0x000000000010062b        0x0 binaries/conf.o
 .text          0x000000000010062b       0x5c binaries/control.o
                0x000000000010062b                control
 .text          0x0000000000100687      0x233 binaries/create.o
                0x0000000000100687                create
 .text          0x00000000001008ba      0x20e binaries/early_imr.o
                0x00000000001008ba                intel_cln_early_sb_read_reg
                0x0000000000100911                intel_cln_early_sb_write_reg
                0x00000000001009cb                remove_irm_protections
 .text          0x0000000000100ac8      0x2e2 binaries/evec.o
                0x0000000000100ac8                setirmask
                0x0000000000100b00                set_evec
                0x0000000000100b5b                initevec
                0x0000000000100c2d                trap
 .text          0x0000000000100daa       0x7f binaries/freebuf.o
                0x0000000000100daa                freebuf
 .text          0x0000000000100e29      0x108 binaries/freemem.o
                0x0000000000100e29                freemem
 .text          0x0000000000100f31       0x6e binaries/getbuf.o
                0x0000000000100f31                getbuf
 .text          0x0000000000100f9f       0x56 binaries/getc.o
                0x0000000000100f9f                getc
 .text          0x0000000000100ff5       0x69 binaries/getdev.o
                0x0000000000100ff5                getdev
 .text          0x000000000010105e       0x82 binaries/getitem.o
                0x000000000010105e                getitem
                0x000000000010108d                getfirst
                0x00000000001010b4                getlast
 .text          0x00000000001010e0       0xc2 binaries/getmem.o
                0x00000000001010e0                getmem
 .text          0x00000000001011a2        0xa binaries/getpid.o
                0x00000000001011a2                getpid
 .text          0x00000000001011ac       0x54 binaries/getprio.o
                0x00000000001011ac                getprio
 .text          0x0000000000101200       0xac binaries/getstk.o
                0x0000000000101200                getstk
 .text          0x00000000001012ac       0x32 binaries/gettime.o
                0x00000000001012ac                gettime
 .text          0x00000000001012de      0x186 binaries/getutime.o
                0x00000000001012de                getutime
 .text          0x0000000000101464       0x56 binaries/init.o
                0x0000000000101464                init
 .text          0x00000000001014ba      0x23c binaries/initialize.o
                0x00000000001014ba                nulluser
                0x00000000001016ac                stop
                0x00000000001016d0                delay
 .text          0x00000000001016f6       0x98 binaries/insert.o
                0x00000000001016f6                insert
 .text          0x000000000010178e       0xe8 binaries/insertd.o
                0x000000000010178e                insertd
 .text          0x0000000000101876        0xa binaries/ioerr.o
                0x0000000000101876                ioerr
 .text          0x0000000000101880        0xa binaries/ionull.o
                0x0000000000101880                ionull
 .text          0x000000000010188a      0x161 binaries/kill.o
                0x000000000010188a                kill
 .text          0x00000000001019eb       0xa9 binaries/kprintf.o
                0x00000000001019eb                kputc
                0x0000000000101a1d                console_init
                0x0000000000101a50                kgetc
                0x0000000000101a76                kprintf
 .text          0x0000000000101a94      0x191 binaries/main.o
                0x0000000000101a94                looper
                0x0000000000101a99                main
 .text          0x0000000000101c25       0x99 binaries/mark.o
                0x0000000000101c25                markinit
                0x0000000000101c46                mark
 .text          0x0000000000101cbe      0x1ff binaries/meminit.o
                0x0000000000101cbe                meminit
                0x0000000000101e4d                setsegs
 .text          0x0000000000101ebd      0x122 binaries/mkbufpool.o
                0x0000000000101ebd                mkbufpool
 .text          0x0000000000101fdf        0xc binaries/net2hostlasm.o
                0x0000000000101fdf                net2hostlasm
 .text          0x0000000000101feb       0x63 binaries/newqueue.o
                0x0000000000101feb                newqueue
 .text          0x000000000010204e       0x5c binaries/open.o
                0x000000000010204e                open
 .text          0x00000000001020aa       0x20 binaries/panic.o
                0x00000000001020aa                panic
 .text          0x00000000001020ca      0x282 binaries/pci.o
                0x00000000001020ca                pci_init
                0x00000000001020d4                find_pci_device
                0x0000000000102193                pci_read_config_byte
                0x00000000001021d1                pci_read_config_word
                0x0000000000102211                pci_read_config_dword
                0x000000000010224f                pci_write_config_byte
                0x000000000010228b                pci_write_config_word
                0x00000000001022c8                pci_write_config_dword
                0x0000000000102304                pci_get_dev_mmio_base_addr
 .text          0x000000000010234c       0x50 binaries/platinit.o
                0x000000000010234c                platinit
 .text          0x000000000010239c       0xfd binaries/printsegaddr.o
                0x000000000010239c                printsegaddr
 .text          0x0000000000102499       0xa9 binaries/ptclear.o
                0x0000000000102499                _ptclear
 .text          0x0000000000102542       0x85 binaries/ptcount.o
                0x0000000000102542                ptcount
 .text          0x00000000001025c7       0xfe binaries/ptcreate.o
                0x00000000001025c7                ptcreate
 .text          0x00000000001026c5       0x63 binaries/ptdelete.o
                0x00000000001026c5                ptdelete
 .text          0x0000000000102728       0x91 binaries/ptinit.o
                0x0000000000102728                ptinit
 .text          0x00000000001027b9       0xf5 binaries/ptrecv.o
                0x00000000001027b9                ptrecv
 .text          0x00000000001028ae       0x66 binaries/ptreset.o
                0x00000000001028ae                ptreset
 .text          0x0000000000102914      0x115 binaries/ptsend.o
                0x0000000000102914                ptsend
 .text          0x0000000000102a29       0x64 binaries/putc.o
                0x0000000000102a29                putc
 .text          0x0000000000102a8d       0xb3 binaries/quark_irq.o
                0x0000000000102a8d                quark_irq_routing
 .text          0x0000000000102b40      0x19a binaries/quark_pdat.o
                0x0000000000102b40                get_quark_pdat_entry_data_by_id
                0x0000000000102c0a                get_quark_pdat_entry_data_by_desc
 .text          0x0000000000102cda       0xae binaries/queue.o
                0x0000000000102cda                enqueue
                0x0000000000102d3d                dequeue
 .text          0x0000000000102d88      0x23c binaries/rcreate.o
                0x0000000000102d88                rcreate
 .text          0x0000000000102fc4       0x5c binaries/read.o
                0x0000000000102fc4                read
 .text          0x0000000000103020       0x61 binaries/ready.o
                0x0000000000103020                ready
 .text          0x0000000000103081       0x5a binaries/receive.o
                0x0000000000103081                receive
 .text          0x00000000001030db       0x42 binaries/recvclr.o
                0x00000000001030db                recvclr
 .text          0x000000000010311d       0xad binaries/recvtime.o
                0x000000000010311d                recvtime
 .text          0x00000000001031ca      0x14c binaries/resched.o
                0x00000000001031ca                resched
                0x00000000001032a4                resched_cntl
 .text          0x0000000000103316       0x7e binaries/resume.o
                0x0000000000103316                resume
 .text          0x0000000000103394       0x59 binaries/seek.o
                0x0000000000103394                seek
 .text          0x00000000001033ed       0x51 binaries/semcount.o
                0x00000000001033ed                semcount
 .text          0x000000000010343e       0x93 binaries/semcreate.o
                0x000000000010343e                semcreate
 .text          0x00000000001034d1       0xd1 binaries/semdelete.o
                0x00000000001034d1                semdelete
 .text          0x00000000001035a2       0xa8 binaries/semreset.o
                0x00000000001035a2                semreset
 .text          0x000000000010364a       0xb3 binaries/send.o
                0x000000000010364a                send
 .text          0x00000000001036fd       0x95 binaries/signal.o
                0x00000000001036fd                signal
 .text          0x0000000000103792       0xc2 binaries/signaln.o
                0x0000000000103792                signaln
 .text          0x0000000000103854       0xbd binaries/sleep.o
                0x0000000000103854                sleepms
                0x00000000001038db                sleep
 .text          0x0000000000103911       0x55 binaries/stacksmashA.o
                0x0000000000103911                weapon
                0x0000000000103954                stacksmashA
 .text          0x0000000000103966       0x48 binaries/stacksmashV.o
                0x0000000000103966                stacksmashV
 .text          0x00000000001039ae      0x17c binaries/stacktrace.o
                0x00000000001039ae                stacktrace
 .text          0x0000000000103b2a       0xac binaries/suspend.o
                0x0000000000103b2a                suspend
 .text          0x0000000000103bd6       0x91 binaries/unsleep.o
                0x0000000000103bd6                unsleep
 .text          0x0000000000103c67       0x19 binaries/userret.o
                0x0000000000103c67                userret
 .text          0x0000000000103c80       0xac binaries/wait.o
                0x0000000000103c80                wait
 .text          0x0000000000103d2c       0x71 binaries/wakeup.o
                0x0000000000103d2c                wakeup
 .text          0x0000000000103d9d       0x5c binaries/write.o
                0x0000000000103d9d                write
 .text          0x0000000000103df9       0x1a binaries/xdone.o
                0x0000000000103df9                xdone
 .text          0x0000000000103e13       0x26 binaries/yield.o
                0x0000000000103e13                yield
 .text          0x0000000000103e39       0x11 binaries/abs.o
                0x0000000000103e39                abs
 .text          0x0000000000103e4a       0x84 binaries/atoi.o
                0x0000000000103e4a                atoi
 .text          0x0000000000103ece       0x84 binaries/atol.o
                0x0000000000103ece                atol
 .text          0x0000000000103f52       0x1a binaries/bzero.o
                0x0000000000103f52                bzero
 .text          0x0000000000103f6c        0x0 binaries/ctype_.o
 .text          0x0000000000103f6c      0x6bf binaries/doprnt.o
                0x00000000001040bf                _doprnt
 .text          0x000000000010462b      0x5f2 binaries/doscan.o
                0x000000000010462b                _doscan
 .text          0x0000000000104c1d      0x64e binaries/fdoprnt.o
                0x0000000000104ca2                _fdoprnt
 .text          0x000000000010526b       0x1c binaries/fgetc.o
                0x000000000010526b                fgetc
 .text          0x0000000000105287       0x61 binaries/fgets.o
                0x0000000000105287                fgets
 .text          0x00000000001052e8       0x21 binaries/fprintf.o
                0x00000000001052e8                fprintf
 .text          0x0000000000105309       0x27 binaries/fputc.o
                0x0000000000105309                fputc
 .text          0x0000000000105330       0x3a binaries/fputs.o
                0x0000000000105330                fputs
 .text          0x000000000010536a       0x6a binaries/fscanf.o
                0x00000000001053a8                fscanf
 .text          0x00000000001053d4       0x1d binaries/getchar.o
                0x00000000001053d4                getchar
 .text          0x00000000001053f1       0x11 binaries/labs.o
                0x00000000001053f1                labs
 .text          0x0000000000105402       0x36 binaries/memchr.o
                0x0000000000105402                memchr
 .text          0x0000000000105438       0x4a binaries/memcmp.o
                0x0000000000105438                memcmp
 .text          0x0000000000105482       0x26 binaries/memcpy.o
                0x0000000000105482                memcpy
 .text          0x00000000001054a8       0x1f binaries/memset.o
                0x00000000001054a8                memset
 .text          0x00000000001054c7       0x2e binaries/printf.o
                0x00000000001054c7                printf
 .text          0x00000000001054f5       0x20 binaries/putchar.o
                0x00000000001054f5                putchar
 .text          0x0000000000105515      0x1cc binaries/qsort.o
                0x00000000001056b9                qsort
 .text          0x00000000001056e1       0x4c binaries/rand.o
                0x00000000001056e1                srand
                0x00000000001056ee                rand
 .text          0x000000000010572d       0x48 binaries/sprintf.o
                0x0000000000105746                sprintf
 .text          0x0000000000105775       0x5a binaries/sscanf.o
                0x00000000001057a5                sscanf
 .text          0x00000000001057cf       0x2f binaries/strchr.o
                0x00000000001057cf                strchr
 .text          0x00000000001057fe       0x45 binaries/strcmp.o
                0x00000000001057fe                strcmp
 .text          0x0000000000105843       0x1c binaries/strcpy.o
                0x0000000000105843                strcpy
 .text          0x000000000010585f       0x20 binaries/strlen.o
                0x000000000010585f                strlen
 .text          0x000000000010587f       0x3d binaries/strncat.o
                0x000000000010587f                strncat
 .text          0x00000000001058bc       0x3b binaries/strncmp.o
                0x00000000001058bc                strncmp
 .text          0x00000000001058f7       0x59 binaries/strncpy.o
                0x00000000001058f7                strncpy
 .text          0x0000000000105950       0x38 binaries/strnlen.o
                0x0000000000105950                strnlen
 .text          0x0000000000105988       0x32 binaries/strrchr.o
                0x0000000000105988                strrchr
 .text          0x00000000001059ba       0x68 binaries/strstr.o
                0x00000000001059ba                strstr
 .text          0x0000000000105a22      0x112 binaries/ttycontrol.o
                0x0000000000105a22                ttycontrol
 .text          0x0000000000105b34       0xb0 binaries/ttygetc.o
                0x0000000000105b34                ttygetc
 .text          0x0000000000105be4      0x4a3 binaries/ttyhandle_in.o
                0x0000000000105ca8                ttyhandle_in
 .text          0x0000000000106087      0x178 binaries/ttyhandle_out.o
                0x0000000000106087                ttyhandle_out
 .text          0x00000000001061ff       0x85 binaries/ttyhandler.o
                0x00000000001061ff                ttyhandler
 .text          0x0000000000106284      0x15d binaries/ttyinit.o
                0x0000000000106284                ttyinit
 .text          0x00000000001063e1        0xf binaries/ttykickout.o
                0x00000000001063e1                ttykickout
 .text          0x00000000001063f0       0xb2 binaries/ttyputc.o
                0x00000000001063f0                ttyputc
 .text          0x00000000001064a2       0xff binaries/ttyread.o
                0x00000000001064a2                ttyread
 .text          0x00000000001065a1       0x4d binaries/ttywrite.o
                0x00000000001065a1                ttywrite
 .text          0x00000000001065ee      0x129 binaries/mount.o
                0x00000000001065ee                namlen
                0x000000000010662a                mount
 .text          0x0000000000106717      0x1c4 binaries/naminit.o
                0x0000000000106717                naminit
 .text          0x00000000001068db      0x1fe binaries/nammap.o
                0x00000000001068db                namrepl
                0x00000000001069fe                namcpy
                0x0000000000106a4c                nammap
 .text          0x0000000000106ad9       0x44 binaries/namopen.o
                0x0000000000106ad9                namopen
 .text          0x0000000000106b1d       0xd4 binaries/colon2mac.o
                0x0000000000106b1d                colon2mac
 .text          0x0000000000106bf1       0x7d binaries/ethcontrol.o
                0x0000000000106bf1                ethcontrol
 .text          0x0000000000106c6e      0x17e binaries/ethhandler.o
                0x0000000000106c6e                ethhandler
 .text          0x0000000000106dec      0x548 binaries/ethinit.o
                0x0000000000106dec                eth_phy_read
                0x0000000000106e2c                eth_phy_write
                0x0000000000106e6d                eth_phy_reset
                0x0000000000106f47                ethinit
 .text          0x0000000000107334      0x107 binaries/ethmcast.o
                0x0000000000107334                ethmcast_add
                0x0000000000107380                ethmcast_remove
 .text          0x000000000010743b      0x172 binaries/ethread.o
                0x000000000010743b                ethread
 .text          0x00000000001075ad       0xc1 binaries/ethwrite.o
                0x00000000001075ad                ethwrite
 .text          0x000000000010766e       0x68 binaries/rdsbufalloc.o
                0x000000000010766e                rdsbufalloc
 .text          0x00000000001076d6       0xd6 binaries/rdsclose.o
                0x00000000001076d6                rdsclose
 .text          0x00000000001077ac      0x1df binaries/rdscomm.o
                0x00000000001077ac                rdscomm
 .text          0x000000000010798b      0x1c4 binaries/rdscontrol.o
                0x000000000010798b                rdscontrol
 .text          0x0000000000107b4f      0x1f8 binaries/rdsinit.o
                0x0000000000107b4f                rdsinit
 .text          0x0000000000107d47      0x199 binaries/rdsopen.o
                0x0000000000107d47                rdsopen
 .text          0x0000000000107ee0      0x2c5 binaries/rdsprocess.o
                0x0000000000107ee0                rdsprocess
 .text          0x00000000001081a5      0x1d8 binaries/rdsread.o
                0x00000000001081a5                rdsread
 .text          0x000000000010837d      0x1ae binaries/rdswrite.o
                0x000000000010837d                rdswrite
 .text          0x000000000010852b        0xa binaries/ramclose.o
                0x000000000010852b                ramclose
 .text          0x0000000000108535       0x35 binaries/raminit.o
                0x0000000000108535                raminit
 .text          0x000000000010856a        0xa binaries/ramopen.o
                0x000000000010856a                ramopen
 .text          0x0000000000108574       0x26 binaries/ramread.o
                0x0000000000108574                ramread
 .text          0x000000000010859a       0x26 binaries/ramwrite.o
                0x000000000010859a                ramwrite
 .text          0x00000000001085c0       0x87 binaries/lfdballoc.o
                0x00000000001085c0                lfdballoc
 .text          0x0000000000108647       0x49 binaries/lfdbfree.o
                0x0000000000108647                lfdbfree
 .text          0x0000000000108690       0xa1 binaries/lfflush.o
                0x0000000000108690                lfflush
 .text          0x0000000000108731       0x82 binaries/lfgetmode.o
                0x0000000000108731                lfgetmode
 .text          0x00000000001087b3       0x60 binaries/lfiballoc.o
                0x00000000001087b3                lfiballoc
 .text          0x0000000000108813       0x27 binaries/lfibclear.o
                0x0000000000108813                lfibclear
 .text          0x000000000010883a       0x6c binaries/lfibget.o
                0x000000000010883a                lfibget
 .text          0x00000000001088a6       0x88 binaries/lfibput.o
                0x00000000001088a6                lfibput
 .text          0x000000000010892e       0xa4 binaries/lflclose.o
                0x000000000010892e                lflclose
 .text          0x00000000001089d2       0xc2 binaries/lflcontrol.o
                0x00000000001089d2                lflcontrol
 .text          0x0000000000108a94       0xfd binaries/lflgetc.o
                0x0000000000108a94                lflgetc
 .text          0x0000000000108b91       0xe7 binaries/lflinit.o
                0x0000000000108b91                lflinit
 .text          0x0000000000108c78      0x12f binaries/lflputc.o
                0x0000000000108c78                lflputc
 .text          0x0000000000108da7       0x6b binaries/lflread.o
                0x0000000000108da7                lflread
 .text          0x0000000000108e12       0xbd binaries/lflseek.o
                0x0000000000108e12                lflseek
 .text          0x0000000000108ecf       0x52 binaries/lflwrite.o
                0x0000000000108ecf                lflwrite
 .text          0x0000000000108f21      0x114 binaries/lfsckfmt.o
                0x0000000000108f21                lfsckfmt
 .text          0x0000000000109035      0x1e6 binaries/lfscreate.o
                0x0000000000109035                lfscreate
 .text          0x000000000010921b      0x1b1 binaries/lfsetup.o
                0x000000000010921b                lfsetup
 .text          0x00000000001093cc       0x45 binaries/lfsinit.o
                0x00000000001093cc                lfsinit
 .text          0x0000000000109411      0x302 binaries/lfsopen.o
                0x0000000000109411                lfsopen
 .text          0x0000000000109713      0x112 binaries/lftruncate.o
                0x0000000000109713                lftruncate
 .text          0x0000000000109825       0x69 binaries/rflclose.o
                0x0000000000109825                rflclose
 .text          0x000000000010988e       0x29 binaries/rflgetc.o
                0x000000000010988e                rflgetc
 .text          0x00000000001098b7       0x6c binaries/rflinit.o
                0x00000000001098b7                rflinit
 .text          0x0000000000109923       0x29 binaries/rflputc.o
                0x0000000000109923                rflputc
 .text          0x000000000010994c      0x2b6 binaries/rflread.o
                0x000000000010994c                rflread
 .text          0x0000000000109c02       0x68 binaries/rflseek.o
                0x0000000000109c02                rflseek
 .text          0x0000000000109c6a      0x2fa binaries/rflwrite.o
                0x0000000000109c6a                rflwrite
 .text          0x0000000000109f64      0x17d binaries/rfscomm.o
                0x0000000000109f64                rfscomm
 .text          0x000000000010a0e1      0x22b binaries/rfscontrol.o
                0x000000000010a0e1                rfscontrol
 .text          0x000000000010a30c       0x82 binaries/rfsgetmode.o
                0x000000000010a30c                rfsgetmode
 .text          0x000000000010a38e       0x7e binaries/rfsinit.o
                0x000000000010a38e                rfsinit
 .text          0x000000000010a40c       0xad binaries/rfsndmsg.o
                0x000000000010a40c                rfsndmsg
 .text          0x000000000010a4b9      0x243 binaries/rfsopen.o
                0x000000000010a4b9                rfsopen
 .text          0x000000000010a6fc      0x626 binaries/arp.o
                0x000000000010a6fc                arp_init
                0x000000000010a718                arp_alloc
                0x000000000010a7bf                arp_ntoh
                0x000000000010a82c                arp_hton
                0x000000000010a899                arp_resolve
                0x000000000010aaea                arp_in
 .text          0x000000000010ad22      0x5ed binaries/dhcp.o
                0x000000000010ad22                dhcp_get_opt_val
                0x000000000010ad76                dhcp_bld_bootp_msg
                0x000000000010ae48                dhcp_bld_disc
                0x000000000010ae9a                dhcp_bld_req
                0x000000000010af35                getlocalip
 .text          0x000000000010b30f       0xda binaries/dot2ip.o
                0x000000000010b30f                dot2ip
 .text          0x000000000010b3e9      0x38c binaries/hexdump.o
                0x000000000010b3e9                hexdump
                0x000000000010b543                hexadump
 .text          0x000000000010b775      0x6f6 binaries/icmp.o
                0x000000000010b775                icmp_init
                0x000000000010b791                icmp_register
                0x000000000010b84f                icmp_recv
                0x000000000010b9f2                icmp_mkpkt
                0x000000000010babf                icmp_in
                0x000000000010bc59                icmp_send
                0x000000000010bcc8                icmp_release
                0x000000000010bde3                icmp_cksum
                0x000000000010be3d                icmp_hton
                0x000000000010be54                icmp_ntoh
 .text          0x000000000010be6b      0x5e2 binaries/ip.o
                0x000000000010be6b                ip_local
                0x000000000010beab                ipcksum
                0x000000000010bf01                ip_ntoh
                0x000000000010bf6e                ip_in
                0x000000000010c093                ip_hton
                0x000000000010c100                ip_out
                0x000000000010c1b6                ip_send
                0x000000000010c2c1                ipout
                0x000000000010c3b4                ip_enqueue
 .text          0x000000000010c44d      0x1b2 binaries/net.o
                0x000000000010c44d                net_init
                0x000000000010c544                eth_hton
                0x000000000010c551                eth_ntoh
                0x000000000010c55e                netin
 .text          0x000000000010c5ff       0xb9 binaries/netstart.o
                0x000000000010c5ff                netstart
 .text          0x000000000010c6b8      0xa30 binaries/pdump.o
                0x000000000010c6b8                pdump
                0x000000000010cc9d                pdumph
 .text          0x000000000010d0e8      0x5b8 binaries/tftp.o
                0x000000000010d0e8                tftp_send1
                0x000000000010d1fc                tftpget_mb
                0x000000000010d67d                tftpget
 .text          0x000000000010d6a0      0xa17 binaries/udp.o
                0x000000000010d6a0                udp_init
                0x000000000010d6e1                udp_in
                0x000000000010d80a                udp_register
                0x000000000010d91b                udp_recv
                0x000000000010dab4                udp_recvaddr
                0x000000000010dc61                udp_send
                0x000000000010de0f                udp_sendto
                0x000000000010df78                udp_release
                0x000000000010e089                udp_ntoh
                0x000000000010e0a0                udp_hton
 .text          0x000000000010e0b7      0x10e binaries/addargs.o
                0x000000000010e0b7                addargs
 .text          0x000000000010e1c5      0x1db binaries/lexan.o
                0x000000000010e1c5                lexan
 .text          0x000000000010e3a0      0x644 binaries/shell.o
                0x000000000010e3a0                shell
 .text          0x000000000010e9e4       0x59 binaries/xsh_argecho.o
                0x000000000010e9e4                xsh_argecho
 .text          0x000000000010ea3d      0x1fb binaries/xsh_arp.o
                0x000000000010ea3d                xsh_arp
 .text          0x000000000010ec38      0x1db binaries/xsh_cat.o
                0x000000000010ec38                xsh_cat
 .text          0x000000000010ee13       0x4f binaries/xsh_clear.o
                0x000000000010ee13                xsh_clear
 .text          0x000000000010ee62      0x278 binaries/xsh_date.o
                0x000000000010ee62                xsh_date
 .text          0x000000000010f0da       0x80 binaries/xsh_devdump.o
                0x000000000010f0da                xsh_devdump
 .text          0x000000000010f15a       0x63 binaries/xsh_echo.o
                0x000000000010f15a                xsh_echo
 .text          0x000000000010f1bd        0xa binaries/xsh_exit.o
                0x000000000010f1bd                xsh_exit
 .text          0x000000000010f1c7      0x323 binaries/xsh_help.o
                0x000000000010f1c7                xsh_help
 .text          0x000000000010f4ea      0x367 binaries/xsh_ipaddr.o
                0x000000000010f4ea                xsh_ipaddr
 .text          0x000000000010f851      0x1aa binaries/xsh_kill.o
                0x000000000010f851                xsh_kill
 .text          0x000000000010f9fb      0x3bd binaries/xsh_memdump.o
                0x000000000010fac1                xsh_memdump
 .text          0x000000000010fdb8      0x1cc binaries/xsh_memstat.o
                0x000000000010fdb8                xsh_memstat
 .text          0x000000000010ff84      0x10a binaries/xsh_pcount.o
                0x000000000010ff84                xsh_pcount
 .text          0x000000000011008e      0x27f binaries/xsh_ping.o
                0x000000000011008e                xsh_ping
 .text          0x000000000011030d      0x19c binaries/xsh_ps.o
                0x000000000011030d                xsh_ps
 .text          0x00000000001104a9      0x1a3 binaries/xsh_sleep.o
                0x00000000001104a9                xsh_sleep
 .text          0x000000000011064c      0x1c3 binaries/xsh_udpdump.o
                0x000000000011064c                xsh_udpdump
 .text          0x000000000011080f      0x3ad binaries/xsh_udpecho.o
                0x000000000011080f                xsh_udpecho
 .text          0x0000000000110bbc      0x1fc binaries/xsh_udpeserver.o
                0x0000000000110bbc                xsh_udpeserver
 .text          0x0000000000110db8      0x1b0 binaries/xsh_uptime.o
                0x0000000000110db8                xsh_uptime
 .text          0x0000000000110f68        0xe binaries/clkdisp.o
                0x0000000000110f68                clkdisp
 .text          0x0000000000110f76       0x19 binaries/ctxsw.o
                0x0000000000110f76                ctxsw
 .text          0x0000000000110f8f      0x36b binaries/intr.o
                0x0000000000110f8f                disable
                0x0000000000110f98                restore
                0x0000000000110fa6                enable
                0x0000000000110fa8                pause
                0x0000000000110faf                halt
                0x0000000000110fb5                spurious_irq7
                0x0000000000110fba                spurious_irq15
                0x0000000000110fc9                _Xint0
                0x0000000000110fd4                _Xint1
                0x0000000000110fdf                _Xint2
                0x0000000000110fea                _Xint3
                0x0000000000110ff5                _Xint4
                0x0000000000111000                _Xint5
                0x000000000011100b                _Xint6
                0x0000000000111016                _Xint7
                0x0000000000111021                _Xint8
                0x000000000011102c                _Xint9
                0x0000000000111037                _Xint10
                0x0000000000111042                _Xint11
                0x0000000000111050                _Xint12
                0x000000000011105e                _Xint13
                0x000000000011106c                _Xint14
                0x000000000011107a                _Xint15
                0x0000000000111088                _Xint16
                0x0000000000111096                _Xint17
                0x00000000001110a4                _Xint18
                0x00000000001110b2                _Xint19
                0x00000000001110c0                _Xint20
                0x00000000001110ce                _Xint21
                0x00000000001110dc                _Xint22
                0x00000000001110ea                _Xint23
                0x00000000001110f8                _Xint24
                0x0000000000111106                _Xint25
                0x0000000000111114                _Xint26
                0x0000000000111122                _Xint27
                0x0000000000111130                _Xint28
                0x000000000011113e                _Xint29
                0x000000000011114c                _Xint30
                0x000000000011115a                _Xint31
                0x0000000000111168                _Xint32
                0x0000000000111176                _Xint33
                0x0000000000111184                _Xint34
                0x0000000000111192                _Xint35
                0x00000000001111a0                _Xint36
                0x00000000001111ae                _Xint37
                0x00000000001111bc                _Xint38
                0x00000000001111ca                _Xint39
                0x00000000001111d8                _Xint40
                0x00000000001111e6                _Xint41
                0x00000000001111f4                _Xint42
                0x0000000000111202                _Xint43
                0x0000000000111210                _Xint44
                0x000000000011121e                _Xint45
                0x000000000011122c                _Xint46
                0x000000000011123a                defevec
 .text          0x00000000001112fa        0xc binaries/net2hostl.o
                0x00000000001112fa                net2hostl
 .text          0x0000000000111306       0x3e binaries/net2hostlgcc.o
                0x0000000000111306                net2hostlgcc
 .text          0x0000000000111344        0xf binaries/ttydispatch.o
                0x0000000000111344                ttydispatch
 .text          0x0000000000111353       0x13 binaries/ethdispatch.o
                0x0000000000111353                ethdispatch
 *(.rodata .rodata.*)
 .rodata.str1.1
                0x0000000000111366       0x54 binaries/ascdate.o
 *fill*         0x00000000001113ba        0x2 
 .rodata.str1.4
                0x00000000001113bc       0x22 binaries/ascdate.o
 .rodata.str1.1
                0x00000000001113de       0x5f binaries/conf.o
 *fill*         0x000000000011143d        0x3 
 .rodata.str1.4
                0x0000000000111440       0x4f binaries/early_imr.o
 *fill*         0x000000000011148f        0x1 
 .rodata        0x0000000000111490       0x33 binaries/early_imr.o
 .rodata.str1.1
                0x00000000001114c3      0x20c binaries/evec.o
 *fill*         0x00000000001116cf        0x1 
 .rodata.str1.4
                0x00000000001116d0       0x23 binaries/evec.o
 .rodata.str1.1
                0x00000000001116f3        0xb binaries/getutime.o
 *fill*         0x00000000001116fe        0x2 
 .rodata.str1.4
                0x0000000000111700       0x54 binaries/getutime.o
 .rodata.str1.1
                0x0000000000111754       0x63 binaries/initialize.o
                                         0x67 (size before relaxing)
 *fill*         0x00000000001117b7        0x1 
 .rodata.str1.4
                0x00000000001117b8       0xd0 binaries/initialize.o
 .rodata        0x0000000000111888       0x20 binaries/kill.o
 .rodata.str1.4
                0x00000000001118a8      0x122 binaries/main.o
 .rodata.str1.1
                0x00000000001119ca       0x8e binaries/main.o
 .rodata.str1.4
                0x0000000000111a58       0x23 binaries/meminit.o
 .rodata.str1.1
                0x0000000000111a7b       0x1b binaries/meminit.o
 .rodata.str1.1
                0x0000000000111a96        0xf binaries/panic.o
 *fill*         0x0000000000111aa5        0x3 
 .rodata.str1.4
                0x0000000000111aa8       0x8b binaries/printsegaddr.o
 .rodata.str1.1
                0x0000000000111b33       0xb9 binaries/printsegaddr.o
                                         0xbb (size before relaxing)
 .rodata.str1.1
                0x0000000000111bec       0x1c binaries/ptinit.o
 .rodata.str1.4
                0x0000000000111c08       0x25 binaries/ptsend.o
 .rodata.str1.1
                0x0000000000111c2d       0x22 binaries/quark_pdat.o
 *fill*         0x0000000000111c4f        0x1 
 .rodata.str1.4
                0x0000000000111c50       0x63 binaries/stacktrace.o
 .rodata.str1.1
                0x0000000000111cb3       0x52 binaries/stacktrace.o
 *fill*         0x0000000000111d05        0x3 
 .rodata.str1.4
                0x0000000000111d08       0x27 binaries/xdone.o
 *fill*         0x0000000000111d2f       0x11 
 .rodata        0x0000000000111d40       0x81 binaries/ctype_.o
                0x0000000000111d40                _ctype_
 .rodata.str1.1
                0x0000000000111dc1       0x29 binaries/doprnt.o
 *fill*         0x0000000000111dea        0x2 
 .rodata        0x0000000000111dec       0xc4 binaries/doprnt.o
 .rodata        0x0000000000111eb0       0x98 binaries/doscan.o
 .rodata.str1.1
                0x0000000000111f48       0x29 binaries/fdoprnt.o
 .rodata        0x0000000000111f48       0x84 binaries/fdoprnt.o
 .rodata        0x0000000000111fcc       0x20 binaries/ttycontrol.o
 .rodata.str1.4
                0x0000000000111fec       0x4c binaries/naminit.o
 .rodata.str1.1
                0x0000000000112038       0x32 binaries/naminit.o
                                         0x35 (size before relaxing)
 .rodata.str1.1
                0x000000000011206a       0x15 binaries/ethinit.o
 *fill*         0x000000000011207f        0x1 
 .rodata.str1.4
                0x0000000000112080       0x2e binaries/ethinit.o
 *fill*         0x00000000001120ae        0x2 
 .rodata.str1.4
                0x00000000001120b0       0x2c binaries/rdsbufalloc.o
 .rodata.str1.4
                0x00000000001120dc       0x76 binaries/rdscomm.o
 *fill*         0x0000000000112152        0x2 
 .rodata.str1.4
                0x0000000000112154       0x48 binaries/rdscontrol.o
 .rodata.str1.4
                0x000000000011219c       0x7e binaries/rdsinit.o
 .rodata.str1.1
                0x000000000011221a       0x18 binaries/rdsinit.o
 *fill*         0x0000000000112232        0x2 
 .rodata.str1.4
                0x0000000000112234       0x22 binaries/rdsopen.o
 *fill*         0x0000000000112256        0x2 
 .rodata.str1.4
                0x0000000000112258       0x4d binaries/rdsprocess.o
 .rodata.str1.1
                0x00000000001122a5        0x9 binaries/raminit.o
 .rodata.str1.1
                0x00000000001122ae       0x13 binaries/lfdballoc.o
 *fill*         0x00000000001122c1        0x3 
 .rodata.str1.4
                0x00000000001122c4       0x23 binaries/lfdballoc.o
 .rodata.str1.1
                0x00000000001122e7       0x14 binaries/lfiballoc.o
 *fill*         0x00000000001122fb        0x1 
 .rodata.str1.4
                0x00000000001122fc       0x23 binaries/lflcontrol.o
 .rodata.str1.1
                0x000000000011231f       0x64 binaries/lfsckfmt.o
 *fill*         0x0000000000112383        0x1 
 .rodata.str1.4
                0x0000000000112384       0x51 binaries/lfsckfmt.o
 *fill*         0x00000000001123d5        0x3 
 .rodata.str1.4
                0x00000000001123d8       0x21 binaries/rflread.o
 .rodata.str1.4
                0x00000000001123f9       0x21 binaries/rflwrite.o
 *fill*         0x00000000001123f9        0x3 
 .rodata.str1.4
                0x00000000001123fc       0x75 binaries/rfscomm.o
 *fill*         0x0000000000112471        0x3 
 .rodata.str1.4
                0x0000000000112474       0x23 binaries/rfscontrol.o
 *fill*         0x0000000000112497        0x1 
 .rodata        0x0000000000112498       0x18 binaries/rfscontrol.o
 .rodata.str1.1
                0x00000000001124b0       0x10 binaries/rfsinit.o
 .rodata.str1.4
                0x00000000001124b0       0x57 binaries/rfsinit.o
 *fill*         0x0000000000112507        0x1 
 .rodata.str1.4
                0x0000000000112508       0x2a binaries/rfsndmsg.o
 .rodata.str1.4
                0x0000000000112532       0x22 binaries/rfsopen.o
 .rodata.str1.1
                0x0000000000112532       0x19 binaries/arp.o
 *fill*         0x000000000011254b        0x1 
 .rodata.str1.4
                0x000000000011254c       0x21 binaries/arp.o
 *fill*         0x000000000011256d        0x3 
 .rodata.str1.4
                0x0000000000112570       0xa6 binaries/dhcp.o
 .rodata.str1.1
                0x0000000000112616       0x4a binaries/dhcp.o
 .rodata.str1.1
                0x0000000000112660       0x5a binaries/hexdump.o
                                         0x61 (size before relaxing)
 *fill*         0x00000000001126ba        0x2 
 .rodata.str1.4
                0x00000000001126bc       0x67 binaries/hexdump.o
 *fill*         0x0000000000112723        0x1 
 .rodata.str1.4
                0x0000000000112724       0x29 binaries/icmp.o
 .rodata.str1.1
                0x000000000011274d       0x4e binaries/ip.o
 *fill*         0x000000000011279b        0x1 
 .rodata.str1.4
                0x000000000011279c       0x20 binaries/ip.o
 .rodata.str1.4
                0x00000000001127bc       0x28 binaries/net.o
 .rodata.str1.1
                0x00000000001127e4       0x27 binaries/net.o
 *fill*         0x000000000011280b        0x1 
 .rodata.str1.4
                0x000000000011280c       0xcf binaries/netstart.o
 .rodata.str1.1
                0x00000000001128db      0x141 binaries/pdump.o
                                        0x14b (size before relaxing)
 .rodata.str1.4
                0x0000000000112a1c      0x126 binaries/pdump.o
 *fill*         0x0000000000112b42        0x2 
 .rodata.str1.4
                0x0000000000112b44      0x148 binaries/tftp.o
 .rodata.str1.1
                0x0000000000112c8c        0x6 binaries/tftp.o
                                          0xa (size before relaxing)
 .rodata.str1.1
                0x0000000000112c92       0xea binaries/shell.o
                                        0x106 (size before relaxing)
 .rodata.str1.4
                0x0000000000112d7c      0x1c4 binaries/shell.o
 .rodata        0x0000000000112f40      0x108 binaries/shell.o
                0x0000000000112f40                cmdtab
 .rodata.str1.1
                0x0000000000113048       0x26 binaries/xsh_argecho.o
                                         0x28 (size before relaxing)
 .rodata.str1.1
                0x000000000011306e       0x70 binaries/xsh_arp.o
                                         0x72 (size before relaxing)
 *fill*         0x00000000001130de        0x2 
 .rodata.str1.4
                0x00000000001130e0       0xb4 binaries/xsh_arp.o
 .rodata.str1.1
                0x0000000000113194       0x2d binaries/xsh_cat.o
                                         0x4f (size before relaxing)
 *fill*         0x00000000001131c1        0x3 
 .rodata.str1.4
                0x00000000001131c4       0x52 binaries/xsh_cat.o
                                         0x79 (size before relaxing)
 .rodata.str1.1
                0x0000000000113216       0x15 binaries/xsh_clear.o
 .rodata.str1.1
                0x000000000011322b       0x46 binaries/xsh_date.o
                                         0x5f (size before relaxing)
 *fill*         0x0000000000113271        0x3 
 .rodata.str1.4
                0x0000000000113274      0x163 binaries/xsh_date.o
 .rodata.str1.1
                0x00000000001133d7       0x5d binaries/xsh_devdump.o
 .rodata.str1.1
                0x0000000000113434        0x4 binaries/xsh_echo.o
                                          0x9 (size before relaxing)
 .rodata.str1.1
                0x0000000000113438       0x65 binaries/xsh_help.o
                                         0xa3 (size before relaxing)
 *fill*         0x000000000011349d        0x3 
 .rodata.str1.4
                0x00000000001134a0       0x7c binaries/xsh_help.o
                                         0xc6 (size before relaxing)
 .rodata.str1.1
                0x000000000011351c       0x9c binaries/xsh_ipaddr.o
                                         0xf8 (size before relaxing)
 .rodata.str1.4
                0x00000000001135b8       0x4d binaries/xsh_ipaddr.o
                                         0x99 (size before relaxing)
 .rodata.str1.1
                0x0000000000113605       0x78 binaries/xsh_kill.o
                                         0x97 (size before relaxing)
 *fill*         0x000000000011367d        0x3 
 .rodata.str1.4
                0x0000000000113680       0x4a binaries/xsh_kill.o
                                         0x96 (size before relaxing)
 .rodata.str1.1
                0x00000000001136ca       0x84 binaries/xsh_memdump.o
                                         0xa8 (size before relaxing)
 *fill*         0x000000000011374e        0x2 
 .rodata.str1.4
                0x0000000000113750      0x15a binaries/xsh_memdump.o
                                        0x1aa (size before relaxing)
 .rodata.str1.1
                0x00000000001138aa       0x40 binaries/xsh_memstat.o
                                         0x79 (size before relaxing)
 *fill*         0x00000000001138ea        0x2 
 .rodata.str1.4
                0x00000000001138ec      0x187 binaries/xsh_memstat.o
                                        0x1af (size before relaxing)
 .rodata.str1.1
                0x0000000000113a73       0x1a binaries/xsh_pcount.o
                                         0x5f (size before relaxing)
 *fill*         0x0000000000113a8d        0x3 
 .rodata.str1.4
                0x0000000000113a90       0x28 binaries/xsh_pcount.o
                                         0x76 (size before relaxing)
 .rodata.str1.1
                0x0000000000113ab8       0x90 binaries/xsh_ping.o
                                         0xaf (size before relaxing)
 .rodata.str1.4
                0x0000000000113b48       0x77 binaries/xsh_ping.o
                                         0xc6 (size before relaxing)
 .rodata.str1.1
                0x0000000000113bbf       0x74 binaries/xsh_ps.o
                                         0xd5 (size before relaxing)
 *fill*         0x0000000000113c33        0x1 
 .rodata.str1.4
                0x0000000000113c34       0x80 binaries/xsh_ps.o
                                         0xd0 (size before relaxing)
 *fill*         0x0000000000113cb4        0xc 
 .rodata        0x0000000000113cc0       0x20 binaries/xsh_ps.o
 .rodata.str1.1
                0x0000000000113ce0       0x31 binaries/xsh_sleep.o
                                         0x72 (size before relaxing)
 *fill*         0x0000000000113d11        0x3 
 .rodata.str1.4
                0x0000000000113d14       0x2a binaries/xsh_sleep.o
                                         0x7a (size before relaxing)
 .rodata.str1.1
                0x0000000000113d3e       0x6b binaries/xsh_udpdump.o
                                         0xd2 (size before relaxing)
 *fill*         0x0000000000113da9        0x3 
 .rodata.str1.4
                0x0000000000113dac       0x94 binaries/xsh_udpdump.o
                                         0xe4 (size before relaxing)
 .rodata.str1.1
                0x0000000000113e40       0xdb binaries/xsh_udpecho.o
                                         0xfa (size before relaxing)
 *fill*         0x0000000000113f1b        0x1 
 .rodata.str1.4
                0x0000000000113f1c       0xc7 binaries/xsh_udpecho.o
                                        0x116 (size before relaxing)
 .rodata.str1.1
                0x0000000000113fe3       0x66 binaries/xsh_udpeserver.o
                                         0x8f (size before relaxing)
 *fill*         0x0000000000114049        0x3 
 .rodata.str1.4
                0x000000000011404c       0x29 binaries/xsh_udpeserver.o
                                         0x9f (size before relaxing)
 .rodata.str1.1
                0x0000000000114075       0x49 binaries/xsh_uptime.o
                                         0x8c (size before relaxing)
 *fill*         0x00000000001140be        0x2 
 .rodata.str1.4
                0x00000000001140c0       0x28 binaries/xsh_uptime.o
                                         0x76 (size before relaxing)
                0x00000000001140e8                etext = ABSOLUTE (.)
                0x0000000000115000                . = ALIGN (0x1000)
 *fill*         0x00000000001140e8      0xf18 

.eh_frame       0x0000000000115000     0x30b0
 .eh_frame      0x0000000000115000       0x48 binaries/ascdate.o
 .eh_frame      0x0000000000115048       0x20 binaries/bufinit.o
                                         0x38 (size before relaxing)
 .eh_frame      0x0000000000115068       0x2c binaries/chprio.o
                                         0x44 (size before relaxing)
 .eh_frame      0x0000000000115094       0x20 binaries/clkhandler.o
                                         0x38 (size before relaxing)
 .eh_frame      0x00000000001150b4       0x20 binaries/clkinit.o
                                         0x38 (size before relaxing)
 .eh_frame      0x00000000001150d4       0x28 binaries/close.o
                                         0x40 (size before relaxing)
 .eh_frame      0x00000000001150fc       0x28 binaries/control.o
                                         0x40 (size before relaxing)
 .eh_frame      0x0000000000115124       0x30 binaries/create.o
                                         0x48 (size before relaxing)
 .eh_frame      0x0000000000115154       0x94 binaries/early_imr.o
                                         0xac (size before relaxing)
 .eh_frame      0x00000000001151e8       0x94 binaries/evec.o
                                         0xac (size before relaxing)
 .eh_frame      0x000000000011527c       0x2c binaries/freebuf.o
                                         0x44 (size before relaxing)
 .eh_frame      0x00000000001152a8       0x2c binaries/freemem.o
                                         0x44 (size before relaxing)
 .eh_frame      0x00000000001152d4       0x2c binaries/getbuf.o
                                         0x44 (size before relaxing)
 .eh_frame      0x0000000000115300       0x28 binaries/getc.o
                                         0x40 (size before relaxing)
 .eh_frame      0x0000000000115328       0x2c binaries/getdev.o
                                         0x44 (size before relaxing)
 .eh_frame      0x0000000000115354       0x64 binaries/getitem.o
                                         0x7c (size before relaxing)
 .eh_frame      0x00000000001153b8       0x28 binaries/getmem.o
                                         0x40 (size before relaxing)
 .eh_frame      0x00000000001153e0       0x20 binaries/getpid.o
                                         0x38 (size before relaxing)
 .eh_frame      0x0000000000115400       0x24 binaries/getprio.o
                                         0x3c (size before relaxing)
 .eh_frame      0x0000000000115424       0x2c binaries/getstk.o
                                         0x44 (size before relaxing)
 .eh_frame      0x0000000000115450       0x20 binaries/gettime.o
                                         0x38 (size before relaxing)
 .eh_frame      0x0000000000115470       0x24 binaries/getutime.o
                                         0x3c (size before relaxing)
 .eh_frame      0x0000000000115494       0x28 binaries/init.o
                                         0x40 (size before relaxing)
 .eh_frame      0x00000000001154bc       0x5c binaries/initialize.o
                                         0x74 (size before relaxing)
 .eh_frame      0x0000000000115518       0x28 binaries/insert.o
                                         0x40 (size before relaxing)
 .eh_frame      0x0000000000115540       0x2c binaries/insertd.o
                                         0x44 (size before relaxing)
 .eh_frame      0x000000000011556c       0x20 binaries/ioerr.o
                                         0x38 (size before relaxing)
 .eh_frame      0x000000000011558c       0x20 binaries/ionull.o
                                         0x38 (size before relaxing)
 .eh_frame      0x00000000001155ac       0x30 binaries/kill.o
                                         0x48 (size before relaxing)
 .eh_frame      0x00000000001155dc       0x80 binaries/kprintf.o
                                         0x98 (size before relaxing)
 .eh_frame      0x000000000011565c       0x4c binaries/main.o
                                         0x64 (size before relaxing)
 .eh_frame      0x00000000001156a8       0x44 binaries/mark.o
                                         0x5c (size before relaxing)
 .eh_frame      0x00000000001156ec       0x50 binaries/meminit.o
                                         0x68 (size before relaxing)
 .eh_frame      0x000000000011573c       0x30 binaries/mkbufpool.o
                                         0x48 (size before relaxing)
 .eh_frame      0x000000000011576c       0x20 binaries/net2hostlasm.o
                                         0x38 (size before relaxing)
 .eh_frame      0x000000000011578c       0x20 binaries/newqueue.o
                                         0x38 (size before relaxing)
 .eh_frame      0x00000000001157ac       0x28 binaries/open.o
                                         0x40 (size before relaxing)
 .eh_frame      0x00000000001157d4       0x1c binaries/panic.o
                                         0x34 (size before relaxing)
 .eh_frame      0x00000000001157f0      0x12c binaries/pci.o
                                        0x144 (size before relaxing)
 .eh_frame      0x000000000011591c       0x20 binaries/platinit.o
                                         0x38 (size before relaxing)
 .eh_frame      0x000000000011593c       0x20 binaries/printsegaddr.o
                                         0x38 (size before relaxing)
 .eh_frame      0x000000000011595c       0x2c binaries/ptclear.o
                                         0x44 (size before relaxing)
 .eh_frame      0x0000000000115988       0x2c binaries/ptcount.o
                                         0x44 (size before relaxing)
 .eh_frame      0x00000000001159b4       0x2c binaries/ptcreate.o
                                         0x44 (size before relaxing)
 .eh_frame      0x00000000001159e0       0x28 binaries/ptdelete.o
                                         0x40 (size before relaxing)
 .eh_frame      0x0000000000115a08       0x28 binaries/ptinit.o
                                         0x40 (size before relaxing)
 .eh_frame      0x0000000000115a30       0x2c binaries/ptrecv.o
                                         0x44 (size before relaxing)
 .eh_frame      0x0000000000115a5c       0x28 binaries/ptreset.o
                                         0x40 (size before relaxing)
 .eh_frame      0x0000000000115a84       0x30 binaries/ptsend.o
                                         0x48 (size before relaxing)
 .eh_frame      0x0000000000115ab4       0x2c binaries/putc.o
                                         0x44 (size before relaxing)
 .eh_frame      0x0000000000115ae0       0x24 binaries/quark_irq.o
                                         0x3c (size before relaxing)
 .eh_frame      0x0000000000115b04       0x54 binaries/quark_pdat.o
                                         0x6c (size before relaxing)
 .eh_frame      0x0000000000115b58       0x40 binaries/queue.o
                                         0x58 (size before relaxing)
 .eh_frame      0x0000000000115b98       0x30 binaries/rcreate.o
                                         0x48 (size before relaxing)
 .eh_frame      0x0000000000115bc8       0x28 binaries/read.o
                                         0x40 (size before relaxing)
 .eh_frame      0x0000000000115bf0       0x20 binaries/ready.o
                                         0x38 (size before relaxing)
 .eh_frame      0x0000000000115c10       0x2c binaries/receive.o
                                         0x44 (size before relaxing)
 .eh_frame      0x0000000000115c3c       0x24 binaries/recvclr.o
                                         0x3c (size before relaxing)
 .eh_frame      0x0000000000115c60       0x2c binaries/recvtime.o
                                         0x44 (size before relaxing)
 .eh_frame      0x0000000000115c8c       0x44 binaries/resched.o
                                         0x5c (size before relaxing)
 .eh_frame      0x0000000000115cd0       0x2c binaries/resume.o
                                         0x44 (size before relaxing)
 .eh_frame      0x0000000000115cfc       0x28 binaries/seek.o
                                         0x40 (size before relaxing)
 .eh_frame      0x0000000000115d24       0x24 binaries/semcount.o
                                         0x3c (size before relaxing)
 .eh_frame      0x0000000000115d48       0x2c binaries/semcreate.o
                                         0x44 (size before relaxing)
 .eh_frame      0x0000000000115d74       0x2c binaries/semdelete.o
                                         0x44 (size before relaxing)
 .eh_frame      0x0000000000115da0       0x2c binaries/semreset.o
                                         0x44 (size before relaxing)
 .eh_frame      0x0000000000115dcc       0x28 binaries/send.o
                                         0x40 (size before relaxing)
 .eh_frame      0x0000000000115df4       0x28 binaries/signal.o
                                         0x40 (size before relaxing)
 .eh_frame      0x0000000000115e1c       0x2c binaries/signaln.o
                                         0x44 (size before relaxing)
 .eh_frame      0x0000000000115e48       0x48 binaries/sleep.o
                                         0x60 (size before relaxing)
 .eh_frame      0x0000000000115e90       0x48 binaries/stacksmashA.o
                                         0x60 (size before relaxing)
 .eh_frame      0x0000000000115ed8       0x20 binaries/stacksmashV.o
                                         0x38 (size before relaxing)
 .eh_frame      0x0000000000115ef8       0x30 binaries/stacktrace.o
                                         0x48 (size before relaxing)
 .eh_frame      0x0000000000115f28       0x28 binaries/suspend.o
                                         0x40 (size before relaxing)
 .eh_frame      0x0000000000115f50       0x28 binaries/unsleep.o
                                         0x40 (size before relaxing)
 .eh_frame      0x0000000000115f78       0x20 binaries/userret.o
                                         0x38 (size before relaxing)
 .eh_frame      0x0000000000115f98       0x28 binaries/wait.o
                                         0x40 (size before relaxing)
 .eh_frame      0x0000000000115fc0       0x20 binaries/wakeup.o
                                         0x38 (size before relaxing)
 .eh_frame      0x0000000000115fe0       0x28 binaries/write.o
                                         0x40 (size before relaxing)
 .eh_frame      0x0000000000116008       0x20 binaries/xdone.o
                                         0x38 (size before relaxing)
 .eh_frame      0x0000000000116028       0x24 binaries/yield.o
                                         0x3c (size before relaxing)
 .eh_frame      0x000000000011604c       0x20 binaries/abs.o
                                         0x38 (size before relaxing)
 .eh_frame      0x000000000011606c       0x28 binaries/atoi.o
                                         0x40 (size before relaxing)
 .eh_frame      0x0000000000116094       0x28 binaries/atol.o
                                         0x40 (size before relaxing)
 .eh_frame      0x00000000001160bc       0x20 binaries/bzero.o
                                         0x38 (size before relaxing)
 .eh_frame      0x00000000001160dc       0xac binaries/doprnt.o
                                         0xc4 (size before relaxing)
 .eh_frame      0x0000000000116188       0x30 binaries/doscan.o
                                         0x48 (size before relaxing)
 .eh_frame      0x00000000001161b8       0x5c binaries/fdoprnt.o
                                         0x74 (size before relaxing)
 .eh_frame      0x0000000000116214       0x20 binaries/fgetc.o
                                         0x38 (size before relaxing)
 .eh_frame      0x0000000000116234       0x2c binaries/fgets.o
                                         0x44 (size before relaxing)
 .eh_frame      0x0000000000116260       0x20 binaries/fprintf.o
                                         0x38 (size before relaxing)
 .eh_frame      0x0000000000116280       0x20 binaries/fputc.o
                                         0x38 (size before relaxing)
 .eh_frame      0x00000000001162a0       0x28 binaries/fputs.o
                                         0x40 (size before relaxing)
 .eh_frame      0x00000000001162c8       0x64 binaries/fscanf.o
                                         0x7c (size before relaxing)
 .eh_frame      0x000000000011632c       0x20 binaries/getchar.o
                                         0x38 (size before relaxing)
 .eh_frame      0x000000000011634c       0x20 binaries/labs.o
                                         0x38 (size before relaxing)
 .eh_frame      0x000000000011636c       0x20 binaries/memchr.o
                                         0x38 (size before relaxing)
 .eh_frame      0x000000000011638c       0x28 binaries/memcmp.o
                                         0x40 (size before relaxing)
 .eh_frame      0x00000000001163b4       0x28 binaries/memcpy.o
                                         0x40 (size before relaxing)
 .eh_frame      0x00000000001163dc       0x24 binaries/memset.o
                                         0x3c (size before relaxing)
 .eh_frame      0x0000000000116400       0x20 binaries/printf.o
                                         0x38 (size before relaxing)
 .eh_frame      0x0000000000116420       0x20 binaries/putchar.o
                                         0x38 (size before relaxing)
 .eh_frame      0x0000000000116440       0xa4 binaries/qsort.o
                                         0xbc (size before relaxing)
 .eh_frame      0x00000000001164e4       0x40 binaries/rand.o
                                         0x58 (size before relaxing)
 .eh_frame      0x0000000000116524       0x48 binaries/sprintf.o
                                         0x60 (size before relaxing)
 .eh_frame      0x000000000011656c       0x60 binaries/sscanf.o
                                         0x78 (size before relaxing)
 .eh_frame      0x00000000001165cc       0x24 binaries/strchr.o
                                         0x3c (size before relaxing)
 .eh_frame      0x00000000001165f0       0x24 binaries/strcmp.o
                                         0x3c (size before relaxing)
 .eh_frame      0x0000000000116614       0x20 binaries/strcpy.o
                                         0x38 (size before relaxing)
 .eh_frame      0x0000000000116634       0x20 binaries/strlen.o
                                         0x38 (size before relaxing)
 .eh_frame      0x0000000000116654       0x2c binaries/strncat.o
                                         0x44 (size before relaxing)
 .eh_frame      0x0000000000116680       0x24 binaries/strncmp.o
                                         0x3c (size before relaxing)
 .eh_frame      0x00000000001166a4       0x2c binaries/strncpy.o
                                         0x44 (size before relaxing)
 .eh_frame      0x00000000001166d0       0x24 binaries/strnlen.o
                                         0x3c (size before relaxing)
 .eh_frame      0x00000000001166f4       0x24 binaries/strrchr.o
                                         0x3c (size before relaxing)
 .eh_frame      0x0000000000116718       0x2c binaries/strstr.o
                                         0x44 (size before relaxing)
 .eh_frame      0x0000000000116744       0x30 binaries/ttycontrol.o
                                         0x48 (size before relaxing)
 .eh_frame      0x0000000000116774       0x2c binaries/ttygetc.o
                                         0x44 (size before relaxing)
 .eh_frame      0x00000000001167a0       0x84 binaries/ttyhandle_in.o
                                         0x9c (size before relaxing)
 .eh_frame      0x0000000000116824       0x30 binaries/ttyhandle_out.o
                                         0x48 (size before relaxing)
 .eh_frame      0x0000000000116854       0x28 binaries/ttyhandler.o
                                         0x40 (size before relaxing)
 .eh_frame      0x000000000011687c       0x30 binaries/ttyinit.o
                                         0x48 (size before relaxing)
 .eh_frame      0x00000000001168ac       0x20 binaries/ttykickout.o
                                         0x38 (size before relaxing)
 .eh_frame      0x00000000001168cc       0x2c binaries/ttyputc.o
                                         0x44 (size before relaxing)
 .eh_frame      0x00000000001168f8       0x2c binaries/ttyread.o
                                         0x44 (size before relaxing)
 .eh_frame      0x0000000000116924       0x2c binaries/ttywrite.o
                                         0x44 (size before relaxing)
 .eh_frame      0x0000000000116950       0x4c binaries/mount.o
                                         0x64 (size before relaxing)
 .eh_frame      0x000000000011699c       0x30 binaries/naminit.o
                                         0x48 (size before relaxing)
 .eh_frame      0x00000000001169cc       0x84 binaries/nammap.o
                                         0x9c (size before relaxing)
 .eh_frame      0x0000000000116a50       0x20 binaries/namopen.o
                                         0x38 (size before relaxing)
 .eh_frame      0x0000000000116a70       0x2c binaries/colon2mac.o
                                         0x44 (size before relaxing)
 .eh_frame      0x0000000000116a9c       0x20 binaries/ethcontrol.o
                                         0x38 (size before relaxing)
 .eh_frame      0x0000000000116abc       0x30 binaries/ethhandler.o
                                         0x48 (size before relaxing)
 .eh_frame      0x0000000000116aec       0x98 binaries/ethinit.o
                                         0xb0 (size before relaxing)
 .eh_frame      0x0000000000116b84       0x54 binaries/ethmcast.o
                                         0x6c (size before relaxing)
 .eh_frame      0x0000000000116bd8       0x30 binaries/ethread.o
                                         0x48 (size before relaxing)
 .eh_frame      0x0000000000116c08       0x2c binaries/ethwrite.o
                                         0x44 (size before relaxing)
 .eh_frame      0x0000000000116c34       0x24 binaries/rdsbufalloc.o
                                         0x3c (size before relaxing)
 .eh_frame      0x0000000000116c58       0x2c binaries/rdsclose.o
                                         0x44 (size before relaxing)
 .eh_frame      0x0000000000116c84       0x30 binaries/rdscomm.o
                                         0x48 (size before relaxing)
 .eh_frame      0x0000000000116cb4       0x30 binaries/rdscontrol.o
                                         0x48 (size before relaxing)
 .eh_frame      0x0000000000116ce4       0x30 binaries/rdsinit.o
                                         0x48 (size before relaxing)
 .eh_frame      0x0000000000116d14       0x30 binaries/rdsopen.o
                                         0x48 (size before relaxing)
 .eh_frame      0x0000000000116d44       0x20 binaries/rdsprocess.o
                                         0x38 (size before relaxing)
 .eh_frame      0x0000000000116d64       0x30 binaries/rdsread.o
                                         0x48 (size before relaxing)
 .eh_frame      0x0000000000116d94       0x30 binaries/rdswrite.o
                                         0x48 (size before relaxing)
 .eh_frame      0x0000000000116dc4       0x20 binaries/ramclose.o
                                         0x38 (size before relaxing)
 .eh_frame      0x0000000000116de4       0x20 binaries/raminit.o
                                         0x38 (size before relaxing)
 .eh_frame      0x0000000000116e04       0x20 binaries/ramopen.o
                                         0x38 (size before relaxing)
 .eh_frame      0x0000000000116e24       0x20 binaries/ramread.o
                                         0x38 (size before relaxing)
 .eh_frame      0x0000000000116e44       0x20 binaries/ramwrite.o
                                         0x38 (size before relaxing)
 .eh_frame      0x0000000000116e64       0x28 binaries/lfdballoc.o
                                         0x40 (size before relaxing)
 .eh_frame      0x0000000000116e8c       0x24 binaries/lfdbfree.o
                                         0x3c (size before relaxing)
 .eh_frame      0x0000000000116eb0       0x24 binaries/lfflush.o
                                         0x3c (size before relaxing)
 .eh_frame      0x0000000000116ed4       0x20 binaries/lfgetmode.o
                                         0x38 (size before relaxing)
 .eh_frame      0x0000000000116ef4       0x24 binaries/lfiballoc.o
                                         0x3c (size before relaxing)
 .eh_frame      0x0000000000116f18       0x20 binaries/lfibclear.o
                                         0x38 (size before relaxing)
 .eh_frame      0x0000000000116f38       0x2c binaries/lfibget.o
                                         0x44 (size before relaxing)
 .eh_frame      0x0000000000116f64       0x2c binaries/lfibput.o
                                         0x44 (size before relaxing)
 .eh_frame      0x0000000000116f90       0x28 binaries/lflclose.o
                                         0x40 (size before relaxing)
 .eh_frame      0x0000000000116fb8       0x2c binaries/lflcontrol.o
                                         0x44 (size before relaxing)
 .eh_frame      0x0000000000116fe4       0x2c binaries/lflgetc.o
                                         0x44 (size before relaxing)
 .eh_frame      0x0000000000117010       0x2c binaries/lflinit.o
                                         0x44 (size before relaxing)
 .eh_frame      0x000000000011703c       0x30 binaries/lflputc.o
                                         0x48 (size before relaxing)
 .eh_frame      0x000000000011706c       0x2c binaries/lflread.o
                                         0x44 (size before relaxing)
 .eh_frame      0x0000000000117098       0x2c binaries/lflseek.o
                                         0x44 (size before relaxing)
 .eh_frame      0x00000000001170c4       0x2c binaries/lflwrite.o
                                         0x44 (size before relaxing)
 .eh_frame      0x00000000001170f0       0x30 binaries/lfsckfmt.o
                                         0x48 (size before relaxing)
 .eh_frame      0x0000000000117120       0x30 binaries/lfscreate.o
                                         0x48 (size before relaxing)
 .eh_frame      0x0000000000117150       0x30 binaries/lfsetup.o
                                         0x48 (size before relaxing)
 .eh_frame      0x0000000000117180       0x20 binaries/lfsinit.o
                                         0x38 (size before relaxing)
 .eh_frame      0x00000000001171a0       0x30 binaries/lfsopen.o
                                         0x48 (size before relaxing)
 .eh_frame      0x00000000001171d0       0x30 binaries/lftruncate.o
                                         0x48 (size before relaxing)
 .eh_frame      0x0000000000117200       0x20 binaries/rflclose.o
                                         0x38 (size before relaxing)
 .eh_frame      0x0000000000117220       0x20 binaries/rflgetc.o
                                         0x38 (size before relaxing)
 .eh_frame      0x0000000000117240       0x24 binaries/rflinit.o
                                         0x3c (size before relaxing)
 .eh_frame      0x0000000000117264       0x20 binaries/rflputc.o
                                         0x38 (size before relaxing)
 .eh_frame      0x0000000000117284       0x30 binaries/rflread.o
                                         0x48 (size before relaxing)
 .eh_frame      0x00000000001172b4       0x20 binaries/rflseek.o
                                         0x38 (size before relaxing)
 .eh_frame      0x00000000001172d4       0x30 binaries/rflwrite.o
                                         0x48 (size before relaxing)
 .eh_frame      0x0000000000117304       0x30 binaries/rfscomm.o
                                         0x48 (size before relaxing)
 .eh_frame      0x0000000000117334       0x2c binaries/rfscontrol.o
                                         0x44 (size before relaxing)
 .eh_frame      0x0000000000117360       0x20 binaries/rfsgetmode.o
                                         0x38 (size before relaxing)
 .eh_frame      0x0000000000117380       0x20 binaries/rfsinit.o
                                         0x38 (size before relaxing)
 .eh_frame      0x00000000001173a0       0x20 binaries/rfsndmsg.o
                                         0x38 (size before relaxing)
 .eh_frame      0x00000000001173c0       0x2c binaries/rfsopen.o
                                         0x44 (size before relaxing)
 .eh_frame      0x00000000001173ec       0xec binaries/arp.o
                                        0x104 (size before relaxing)
 .eh_frame      0x00000000001174d8       0xd0 binaries/dhcp.o
                                         0xe8 (size before relaxing)
 .eh_frame      0x00000000001175a8       0x2c binaries/dot2ip.o
                                         0x44 (size before relaxing)
 .eh_frame      0x00000000001175d4       0x60 binaries/hexdump.o
                                         0x78 (size before relaxing)
 .eh_frame      0x0000000000117634      0x198 binaries/icmp.o
                                        0x1b0 (size before relaxing)
 .eh_frame      0x00000000001177cc      0x148 binaries/ip.o
[...]
 .comment       0x000000000000002a       0x2b binaries/xsh_argecho.o
 .comment       0x000000000000002a       0x2b binaries/xsh_arp.o
 .comment       0x000000000000002a       0x2b binaries/xsh_cat.o
 .comment       0x000000000000002a       0x2b binaries/xsh_clear.o
 .comment       0x000000000000002a       0x2b binaries/xsh_date.o
 .comment       0x000000000000002a       0x2b binaries/xsh_devdump.o
 .comment       0x000000000000002a       0x2b binaries/xsh_echo.o
 .comment       0x000000000000002a       0x2b binaries/xsh_exit.o
 .comment       0x000000000000002a       0x2b binaries/xsh_help.o
 .comment       0x000000000000002a       0x2b binaries/xsh_ipaddr.o
 .comment       0x000000000000002a       0x2b binaries/xsh_kill.o
 .comment       0x000000000000002a       0x2b binaries/xsh_memdump.o
 .comment       0x000000000000002a       0x2b binaries/xsh_memstat.o
 .comment       0x000000000000002a       0x2b binaries/xsh_pcount.o
 .comment       0x000000000000002a       0x2b binaries/xsh_ping.o
 .comment       0x000000000000002a       0x2b binaries/xsh_ps.o
 .comment       0x000000000000002a       0x2b binaries/xsh_sleep.o
 .comment       0x000000000000002a       0x2b binaries/xsh_udpdump.o
 .comment       0x000000000000002a       0x2b binaries/xsh_udpecho.o
 .comment       0x000000000000002a       0x2b binaries/xsh_udpeserver.o
 .comment       0x000000000000002a       0x2b binaries/xsh_uptime.o
 .comment       0x000000000000002a       0x2b binaries/net2hostlgcc.o

.note.GNU-stack
                0x0000000000000000        0x0
 .note.GNU-stack
                0x0000000000000000        0x0 binaries/ascdate.o
 .note.GNU-stack
                0x0000000000000000        0x0 binaries/bufinit.o
 .note.GNU-stack
                0x0000000000000000        0x0 binaries/chprio.o
 .note.GNU-stack
                0x0000000000000000        0x0 binaries/clkhandler.o
 .note.GNU-stack
                0x0000000000000000        0x0 binaries/clkinit.o
 .note.GNU-stack
                0x0000000000000000        0x0 binaries/close.o
 .note.GNU-stack
                0x0000000000000000        0x0 binaries/conf.o
 .note.GNU-stack
                0x0000000000000000        0x0 binaries/control.o
 .note.GNU-stack
                0x0000000000000000        0x0 binaries/create.o
 .note.GNU-stack
                0x0000000000000000        0x0 binaries/early_imr.o
 .note.GNU-stack
                0x0000000000000000        0x0 binaries/evec.o
 .note.GNU-stack
                0x0000000000000000        0x0 binaries/freebuf.o
 .note.GNU-stack
                0x0000000000000000        0x0 binaries/freemem.o
 .note.GNU-stack
                0x0000000000000000        0x0 binaries/getbuf.o
 .note.GNU-stack
                0x0000000000000000        0x0 binaries/getc.o
 .note.GNU-stack
                0x0000000000000000        0x0 binaries/getdev.o
 .note.GNU-stack
                0x0000000000000000        0x0 binaries/getitem.o
 .note.GNU-stack
                0x0000000000000000        0x0 binaries/getmem.o
 .note.GNU-stack
                0x0000000000000000        0x0 binaries/getpid.o
 .note.GNU-stack
                0x0000000000000000        0x0 binaries/getprio.o
 .note.GNU-stack
                0x0000000000000000        0x0 binaries/getstk.o
 .note.GNU-stack
                0x0000000000000000        0x0 binaries/gettime.o
 .note.GNU-stack
                0x0000000000000000        0x0 binaries/getutime.o
 .note.GNU-stack
                0x0000000000000000        0x0 binaries/init.o
 .note.GNU-stack
                0x0000000000000000        0x0 binaries/initialize.o
 .note.GNU-stack
                0x0000000000000000        0x0 binaries/insert.o
 .note.GNU-stack
                0x0000000000000000        0x0 binaries/insertd.o
 .note.GNU-stack
                0x0000000000000000        0x0 binaries/ioerr.o
 .note.GNU-stack
                0x0000000000000000        0x0 binaries/ionull.o
 .note.GNU-stack
                0x0000000000000000        0x0 binaries/kill.o
 .note.GNU-stack
                0x0000000000000000        0x0 binaries/kprintf.o
 .note.GNU-stack
                0x0000000000000000        0x0 binaries/main.o
 .note.GNU-stack
                0x0000000000000000        0x0 binaries/mark.o
 .note.GNU-stack
                0x0000000000000000        0x0 binaries/meminit.o
 .note.GNU-stack
                0x0000000000000000        0x0 binaries/mkbufpool.o
 .note.GNU-stack
                0x0000000000000000        0x0 binaries/net2hostlasm.o
 .note.GNU-stack
                0x0000000000000000        0x0 binaries/newqueue.o
 .note.GNU-stack
                0x0000000000000000        0x0 binaries/open.o
 .note.GNU-stack
                0x0000000000000000        0x0 binaries/panic.o
 .note.GNU-stack
                0x0000000000000000        0x0 binaries/pci.o
 .note.GNU-stack
                0x0000000000000000        0x0 binaries/platinit.o
 .note.GNU-stack
                0x0000000000000000        0x0 binaries/printsegaddr.o
 .note.GNU-stack
                0x0000000000000000        0x0 binaries/ptclear.o
 .note.GNU-stack
                0x0000000000000000        0x0 binaries/ptcount.o
 .note.GNU-stack
                0x0000000000000000        0x0 binaries/ptcreate.o
 .note.GNU-stack
                0x0000000000000000        0x0 binaries/ptdelete.o
 .note.GNU-stack
                0x0000000000000000        0x0 binaries/ptinit.o
 .note.GNU-stack
                0x0000000000000000        0x0 binaries/ptrecv.o
 .note.GNU-stack
                0x0000000000000000        0x0 binaries/ptreset.o
 .note.GNU-stack
                0x0000000000000000        0x0 binaries/ptsend.o
 .note.GNU-stack
                0x0000000000000000        0x0 binaries/putc.o
 .note.GNU-stack
                0x0000000000000000        0x0 binaries/quark_irq.o
 .note.GNU-stack
                0x0000000000000000        0x0 binaries/quark_pdat.o
 .note.GNU-stack
                0x0000000000000000        0x0 binaries/queue.o
 .note.GNU-stack
                0x0000000000000000        0x0 binaries/rcreate.o
 .note.GNU-stack
                0x0000000000000000        0x0 binaries/read.o
 .note.GNU-stack
                0x0000000000000000        0x0 binaries/ready.o
 .note.GNU-stack
                0x0000000000000000        0x0 binaries/receive.o
 .note.GNU-stack
                0x0000000000000000        0x0 binaries/recvclr.o
 .note.GNU-stack
                0x0000000000000000        0x0 binaries/recvtime.o
 .note.GNU-stack
                0x0000000000000000        0x0 binaries/resched.o
 .note.GNU-stack
                0x0000000000000000        0x0 binaries/resume.o
 .note.GNU-stack
                0x0000000000000000        0x0 binaries/seek.o
 .note.GNU-stack
                0x0000000000000000        0x0 binaries/semcount.o
 .note.GNU-stack
                0x0000000000000000        0x0 binaries/semcreate.o
 .note.GNU-stack
                0x0000000000000000        0x0 binaries/semdelete.o
 .note.GNU-stack
                0x0000000000000000        0x0 binaries/semreset.o
 .note.GNU-stack
                0x0000000000000000        0x0 binaries/send.o
 .note.GNU-stack
                0x0000000000000000        0x0 binaries/signal.o
 .note.GNU-stack
                0x0000000000000000        0x0 binaries/signaln.o
 .note.GNU-stack
                0x0000000000000000        0x0 binaries/sleep.o
 .note.GNU-stack
                0x0000000000000000        0x0 binaries/stacksmashA.o
 .note.GNU-stack
                0x0000000000000000        0x0 binaries/stacksmashV.o
 .note.GNU-stack
                0x0000000000000000        0x0 binaries/stacktrace.o
 .note.GNU-stack
                0x0000000000000000        0x0 binaries/suspend.o
 .note.GNU-stack
                0x0000000000000000        0x0 binaries/unsleep.o
 .note.GNU-stack
                0x0000000000000000        0x0 binaries/userret.o
 .note.GNU-stack
                0x0000000000000000        0x0 binaries/wait.o
 .note.GNU-stack
                0x0000000000000000        0x0 binaries/wakeup.o
 .note.GNU-stack
                0x0000000000000000        0x0 binaries/write.o
 .note.GNU-stack
                0x0000000000000000        0x0 binaries/xdone.o
 .note.GNU-stack
                0x0000000000000000        0x0 binaries/yield.o
 .note.GNU-stack
                0x0000000000000000        0x0 binaries/abs.o
 .note.GNU-stack
                0x0000000000000000        0x0 binaries/atoi.o
 .note.GNU-stack
                0x0000000000000000        0x0 binaries/atol.o
 .note.GNU-stack
                0x0000000000000000        0x0 binaries/bzero.o
 .note.GNU-stack
                0x0000000000000000        0x0 binaries/ctype_.o
 .note.GNU-stack
                0x0000000000000000        0x0 binaries/doprnt.o
 .note.GNU-stack
                0x0000000000000000        0x0 binaries/doscan.o
 .note.GNU-stack
                0x0000000000000000        0x0 binaries/fdoprnt.o
 .note.GNU-stack
                0x0000000000000000        0x0 binaries/fgetc.o
 .note.GNU-stack
                0x0000000000000000        0x0 binaries/fgets.o
 .note.GNU-stack
                0x0000000000000000        0x0 binaries/fprintf.o
 .note.GNU-stack
                0x0000000000000000        0x0 binaries/fputc.o
 .note.GNU-stack
                0x0000000000000000        0x0 binaries/fputs.o
 .note.GNU-stack
                0x0000000000000000        0x0 binaries/fscanf.o
 .note.GNU-stack
                0x0000000000000000        0x0 binaries/getchar.o
 .note.GNU-stack
                0x0000000000000000        0x0 binaries/labs.o
 .note.GNU-stack
                0x0000000000000000        0x0 binaries/memchr.o
 .note.GNU-stack
                0x0000000000000000        0x0 binaries/memcmp.o
 .note.GNU-stack
                0x0000000000000000        0x0 binaries/memcpy.o
 .note.GNU-stack
                0x0000000000000000        0x0 binaries/memset.o
 .note.GNU-stack
                0x0000000000000000        0x0 binaries/printf.o
 .note.GNU-stack
                0x0000000000000000        0x0 binaries/putchar.o
 .note.GNU-stack
                0x0000000000000000        0x0 binaries/qsort.o
 .note.GNU-stack
                0x0000000000000000        0x0 binaries/rand.o
 .note.GNU-stack
                0x0000000000000000        0x0 binaries/sprintf.o
 .note.GNU-stack
                0x0000000000000000        0x0 binaries/sscanf.o
 .note.GNU-stack
                0x0000000000000000        0x0 binaries/strchr.o
 .note.GNU-stack
                0x0000000000000000        0x0 binaries/strcmp.o
 .note.GNU-stack
                0x0000000000000000        0x0 binaries/strcpy.o
 .note.GNU-stack
                0x0000000000000000        0x0 binaries/strlen.o
 .note.GNU-stack
                0x0000000000000000        0x0 binaries/strncat.o
 .note.GNU-stack
                0x0000000000000000        0x0 binaries/strncmp.o
 .note.GNU-stack
                0x0000000000000000        0x0 binaries/strncpy.o
 .note.GNU-stack
                0x0000000000000000        0x0 binaries/strnlen.o
 .note.GNU-stack
                0x0000000000000000        0x0 binaries/strrchr.o
 .note.GNU-stack
                0x0000000000000000        0x0 binaries/strstr.o
 .note.GNU-stack
                0x0000000000000000        0x0 binaries/ttycontrol.o
 .note.GNU-stack
                0x0000000000000000        0x0 binaries/ttygetc.o
 .note.GNU-stack
                0x0000000000000000        0x0 binaries/ttyhandle_in.o
 .note.GNU-stack
                0x0000000000000000        0x0 binaries/ttyhandle_out.o
 .note.GNU-stack
                0x0000000000000000        0x0 binaries/ttyhandler.o
 .note.GNU-stack
                0x0000000000000000        0x0 binaries/ttyinit.o
 .note.GNU-stack
                0x0000000000000000        0x0 binaries/ttykickout.o
 .note.GNU-stack
                0x0000000000000000        0x0 binaries/ttyputc.o
 .note.GNU-stack
                0x0000000000000000        0x0 binaries/ttyread.o
 .note.GNU-stack
                0x0000000000000000        0x0 binaries/ttywrite.o
 .note.GNU-stack
                0x0000000000000000        0x0 binaries/mount.o
 .note.GNU-stack
                0x0000000000000000        0x0 binaries/naminit.o
 .note.GNU-stack
                0x0000000000000000        0x0 binaries/nammap.o
 .note.GNU-stack
                0x0000000000000000        0x0 binaries/namopen.o
 .note.GNU-stack
                0x0000000000000000        0x0 binaries/colon2mac.o
 .note.GNU-stack
                0x0000000000000000        0x0 binaries/ethcontrol.o
 .note.GNU-stack
                0x0000000000000000        0x0 binaries/ethhandler.o
 .note.GNU-stack
                0x0000000000000000        0x0 binaries/ethinit.o
 .note.GNU-stack
                0x0000000000000000        0x0 binaries/ethmcast.o
 .note.GNU-stack
                0x0000000000000000        0x0 binaries/ethread.o
 .note.GNU-stack
                0x0000000000000000        0x0 binaries/ethwrite.o
 .note.GNU-stack
                0x0000000000000000        0x0 binaries/rdsbufalloc.o
 .note.GNU-stack
                0x0000000000000000        0x0 binaries/rdsclose.o
 .note.GNU-stack
                0x0000000000000000        0x0 binaries/rdscomm.o
 .note.GNU-stack
                0x0000000000000000        0x0 binaries/rdscontrol.o
 .note.GNU-stack
                0x0000000000000000        0x0 binaries/rdsinit.o
 .note.GNU-stack
                0x0000000000000000        0x0 binaries/rdsopen.o
 .note.GNU-stack
                0x0000000000000000        0x0 binaries/rdsprocess.o
 .note.GNU-stack
                0x0000000000000000        0x0 binaries/rdsread.o
 .note.GNU-stack
                0x0000000000000000        0x0 binaries/rdswrite.o
 .note.GNU-stack
                0x0000000000000000        0x0 binaries/ramclose.o
 .note.GNU-stack
                0x0000000000000000        0x0 binaries/raminit.o
 .note.GNU-stack
                0x0000000000000000        0x0 binaries/ramopen.o
 .note.GNU-stack
                0x0000000000000000        0x0 binaries/ramread.o
 .note.GNU-stack
                0x0000000000000000        0x0 binaries/ramwrite.o
 .note.GNU-stack
                0x0000000000000000        0x0 binaries/lfdballoc.o
 .note.GNU-stack
                0x0000000000000000        0x0 binaries/lfdbfree.o
 .note.GNU-stack
                0x0000000000000000        0x0 binaries/lfflush.o
 .note.GNU-stack
                0x0000000000000000        0x0 binaries/lfgetmode.o
 .note.GNU-stack
                0x0000000000000000        0x0 binaries/lfiballoc.o
 .note.GNU-stack
                0x0000000000000000        0x0 binaries/lfibclear.o
 .note.GNU-stack
                0x0000000000000000        0x0 binaries/lfibget.o
 .note.GNU-stack
                0x0000000000000000        0x0 binaries/lfibput.o
 .note.GNU-stack
                0x0000000000000000        0x0 binaries/lflclose.o
 .note.GNU-stack
                0x0000000000000000        0x0 binaries/lflcontrol.o
 .note.GNU-stack
                0x0000000000000000        0x0 binaries/lflgetc.o
 .note.GNU-stack
                0x0000000000000000        0x0 binaries/lflinit.o
 .note.GNU-stack
                0x0000000000000000        0x0 binaries/lflputc.o
 .note.GNU-stack
                0x0000000000000000        0x0 binaries/lflread.o
 .note.GNU-stack
                0x0000000000000000        0x0 binaries/lflseek.o
 .note.GNU-stack
                0x0000000000000000        0x0 binaries/lflwrite.o
 .note.GNU-stack
                0x0000000000000000        0x0 binaries/lfsckfmt.o
 .note.GNU-stack
                0x0000000000000000        0x0 binaries/lfscreate.o
 .note.GNU-stack
                0x0000000000000000        0x0 binaries/lfsetup.o
 .note.GNU-stack
                0x0000000000000000        0x0 binaries/lfsinit.o
 .note.GNU-stack
                0x0000000000000000        0x0 binaries/lfsopen.o
 .note.GNU-stack
                0x0000000000000000        0x0 binaries/lftruncate.o
 .note.GNU-stack
                0x0000000000000000        0x0 binaries/rflclose.o
 .note.GNU-stack
                0x0000000000000000        0x0 binaries/rflgetc.o
 .note.GNU-stack
                0x0000000000000000        0x0 binaries/rflinit.o
 .note.GNU-stack
                0x0000000000000000        0x0 binaries/rflputc.o
 .note.GNU-stack
                0x0000000000000000        0x0 binaries/rflread.o
 .note.GNU-stack
                0x0000000000000000        0x0 binaries/rflseek.o
 .note.GNU-stack
                0x0000000000000000        0x0 binaries/rflwrite.o
 .note.GNU-stack
                0x0000000000000000        0x0 binaries/rfscomm.o
 .note.GNU-stack
                0x0000000000000000        0x0 binaries/rfscontrol.o
 .note.GNU-stack
                0x0000000000000000        0x0 binaries/rfsgetmode.o
 .note.GNU-stack
                0x0000000000000000        0x0 binaries/rfsinit.o
 .note.GNU-stack
                0x0000000000000000        0x0 binaries/rfsndmsg.o
 .note.GNU-stack
                0x0000000000000000        0x0 binaries/rfsopen.o
 .note.GNU-stack
                0x0000000000000000        0x0 binaries/arp.o
 .note.GNU-stack
                0x0000000000000000        0x0 binaries/dhcp.o
 .note.GNU-stack
                0x0000000000000000        0x0 binaries/dot2ip.o
 .note.GNU-stack
                0x0000000000000000        0x0 binaries/hexdump.o
 .note.GNU-stack
                0x0000000000000000        0x0 binaries/icmp.o
 .note.GNU-stack
                0x0000000000000000        0x0 binaries/ip.o
 .note.GNU-stack
                0x0000000000000000        0x0 binaries/net.o
 .note.GNU-stack
                0x0000000000000000        0x0 binaries/netstart.o
 .note.GNU-stack
                0x0000000000000000        0x0 binaries/pdump.o
 .note.GNU-stack
                0x0000000000000000        0x0 binaries/tftp.o
 .note.GNU-stack
                0x0000000000000000        0x0 binaries/udp.o
 .note.GNU-stack
                0x0000000000000000        0x0 binaries/addargs.o
 .note.GNU-stack
                0x0000000000000000        0x0 binaries/lexan.o
 .note.GNU-stack
                0x0000000000000000        0x0 binaries/shell.o
 .note.GNU-stack
                0x0000000000000000        0x0 binaries/xsh_argecho.o
 .note.GNU-stack
                0x0000000000000000        0x0 binaries/xsh_arp.o
 .note.GNU-stack
                0x0000000000000000        0x0 binaries/xsh_cat.o
 .note.GNU-stack
                0x0000000000000000        0x0 binaries/xsh_clear.o
 .note.GNU-stack
                0x0000000000000000        0x0 binaries/xsh_date.o
 .note.GNU-stack
                0x0000000000000000        0x0 binaries/xsh_devdump.o
 .note.GNU-stack
                0x0000000000000000        0x0 binaries/xsh_echo.o
 .note.GNU-stack
                0x0000000000000000        0x0 binaries/xsh_exit.o
 .note.GNU-stack
                0x0000000000000000        0x0 binaries/xsh_help.o
 .note.GNU-stack
                0x0000000000000000        0x0 binaries/xsh_ipaddr.o
 .note.GNU-stack
                0x0000000000000000        0x0 binaries/xsh_kill.o
 .note.GNU-stack
                0x0000000000000000        0x0 binaries/xsh_memdump.o
 .note.GNU-stack
                0x0000000000000000        0x0 binaries/xsh_memstat.o
 .note.GNU-stack
                0x0000000000000000        0x0 binaries/xsh_pcount.o
 .note.GNU-stack
                0x0000000000000000        0x0 binaries/xsh_ping.o
 .note.GNU-stack
                0x0000000000000000        0x0 binaries/xsh_ps.o
 .note.GNU-stack
                0x0000000000000000        0x0 binaries/xsh_sleep.o
 .note.GNU-stack
                0x0000000000000000        0x0 binaries/xsh_udpdump.o
 .note.GNU-stack
                0x0000000000000000        0x0 binaries/xsh_udpecho.o
 .note.GNU-stack
                0x0000000000000000        0x0 binaries/xsh_udpeserver.o
 .note.GNU-stack
                0x0000000000000000        0x0 binaries/xsh_uptime.o
 .note.GNU-stack
                0x0000000000000000        0x0 binaries/net2hostlgcc.o
